2026-08-30T13:59:46.880986+00:00	4f41445f4143434550544544207365713d34393430206d6f64653d300d0a	OAD_ACCEPTED seq=4940 mode=0\r\n
2026-08-30T13:59:47.378600+00:00	5b4f42435d205041594c4f41445f4143434550544544207365713d34393431206d6f64653d300d0a	[OBC] PAYLOAD_ACCEPTED seq=4941 mode=0\r\n
2026-08-30T13:59:47.874061+00:00	5b4f42435d205041594c4f41445f4143434550544544207365713d34393432206d6f64653d300d0a	[OBC] PAYLOAD_ACCEPTED seq=4942 mode=0\r\n
2026-08-30T13:59:48.366483+00:00	5b4f42435d205041594c4f41445f4143434550544544207365713d34393433206d6f64653d300d0a	[OBC] PAYLOAD_ACCEPTED seq=4943 mode=0\r\n
2026-08-30T13:59:48.860124+00:00	5b4f42435d205041594c4f41445f4143434550544544207365713d34393434206d6f64653d300d0a	[OBC] PAYLOAD_ACCEPTED seq=4944 mode=0\r\n
2026-08-30T13:59:49.354805+00:00	5b4f42435d205041594c4f41445f4143434550544544207365713d34393435206d6f64653d300d0a	[OBC] PAYLOAD_ACCEPTED seq=4945 mode=0\r\n
2026-08-30T13:59:49.848549+00:00	5b4f42435d205041594c4f41445f4143434550544544207365713d34393436206d6f64653d300d0a	[OBC] PAYLOAD_ACCEPTED seq=4946 mode=0\r\n
2026-08-30T13:59:50.346413+00:00	5b4f42435d205041594c4f41445f4143434550544544207365713d34393437206d6f64653d300d0a	[OBC] PAYLOAD_ACCEPTED seq=4947 mode=0\r\n
2026-08-30T13:59:50.841579+00:00	5b4f42435d205041594c4f41445f4143434550544544207365713d34393438206d6f64653d300d0a	[OBC] PAYLOAD_ACCEPTED seq=4948 mode=0\r\n
2026-08-30T13:59:51.338572+00:00	5b4f42435d205041594c4f41445f4143434550544544207365713d34393439206d6f64653d300d0a	[OBC] PAYLOAD_ACCEPTED seq=4949 mode=0\r\n
2026-08-30T13:59:51.808076+00:00	5b4f42435d205041594c4f41445f5354415455532073746174653d4f4e4c494e4520706f6c6c733d34393530206f6b3d333332342074696d656f75743d31363236206372633d30207365713d31363039207265636f766572793d35206865617274626561743d4f4b207761746368646f673d4f4b0d0a	[OBC] PAYLOAD_STATUS state=ONLINE polls=4950 ok=3324 timeout=1626 crc=0 seq=1609 recovery=5 heartbeat=OK watchdog=OK\r\n
2026-08-30T13:59:51.863952+00:00	5b4f42435d205041594c4f41445f4143434550544544207365713d34393530206d6f64653d300d0a	[OBC] PAYLOAD_ACCEPTED seq=4950 mode=0\r\n
2026-08-30T13:59:52.360716+00:00	5b4f42435d205041594c4f41445f4143434550544544207365713d34393531206d6f64653d300d0a	[OBC] PAYLOAD_ACCEPTED seq=4951 mode=0\r\n
2026-08-30T13:59:52.860993+00:00	5b4f42435d205041594c4f41445f4143434550544544207365713d34393532206d6f64653d300d0a	[OBC] PAYLOAD_ACCEPTED seq=4952 mode=0\r\n
2026-08-30T13:59:53.353740+00:00	5b4f42435d205041594c4f41445f4143434550544544207365713d34393533206d6f64653d300d0a	[OBC] PAYLOAD_ACCEPTED seq=4953 mode=0\r\n
2026-08-30T13:59:53.847479+00:00	5b4f42435d205041594c4f41445f4143434550544544207365713d34393534206d6f64653d300d0a	[OBC] PAYLOAD_ACCEPTED seq=4954 mode=0\r\n
2026-08-30T13:59:54.341854+00:00	5b4f42435d205041594c4f41445f4143434550544544207365713d34393535206d6f64653d300d0a	[OBC] PAYLOAD_ACCEPTED seq=4955 mode=0\r\n
2026-08-30T13:59:54.834430+00:00	5b4f42435d205041594c4f41445f4143434550544544207365713d34393536206d6f64653d300d0a	[OBC] PAYLOAD_ACCEPTED seq=4956 mode=0\r\n
2026-08-30T13:59:55.329115+00:00	5b4f42435d205041594c4f41445f4143434550544544207365713d34393537206d6f64653d300d0a	[OBC] PAYLOAD_ACCEPTED seq=4957 mode=0\r\n
2026-08-30T13:59:55.825822+00:00	5b4f42435d205041594c4f41445f4143434550544544207365713d34393538206d6f64653d300d0a	[OBC] PAYLOAD_ACCEPTED seq=4958 mode=0\r\n
2026-08-30T13:59:56.322284+00:00	5b4f42435d205041594c4f41445f4143434550544544207365713d34393539206d6f64653d300d0a	[OBC] PAYLOAD_ACCEPTED seq=4959 mode=0\r\n
2026-08-30T13:59:56.797670+00:00	5b4f42435d205041594c4f41445f5354415455532073746174653d4f4e4c494e4520706f6c6c733d34393630206f6b3d333333342074696d656f75743d31363236206372633d30207365713d31363039207265636f766572793d35206865617274626561743d4f4b207761746368646f673d4f4b0d0a	[OBC] PAYLOAD_STATUS state=ONLINE polls=4960 ok=3334 timeout=1626 crc=0 seq=1609 recovery=5 heartbeat=OK watchdog=OK\r\n
2026-08-30T13:59:56.850112+00:00	5b4f42435d205041594c4f41445f4143434550544544207365713d34393630206d6f64653d300d0a	[OBC] PAYLOAD_ACCEPTED seq=4960 mode=0\r\n
2026-08-30T13:59:57.397744+00:00	5b4f42435d205041594c4f41445f54494d454f555420636f6e73656375746976653d310d0a	[OBC] PAYLOAD_TIMEOUT consecutive=1\r\n
2026-08-30T13:59:57.456169+00:00	5b4f42435d205041594c4f41445f52454a45435420726561736f6e3d53455155454e43450d0a	[OBC] PAYLOAD_REJECT reason=SEQUENCE\r\n
2026-08-30T13:59:57.890805+00:00	5b4f42435d205041594c4f41445f54494d454f555420636f6e73656375746976653d320d0a	[OBC] PAYLOAD_TIMEOUT consecutive=2\r\n
2026-08-30T13:59:58.446286+00:00	5b4f42435d205041594c4f41445f4f46464c494e4520636f6e73656375746976653d33206865617274626561743d4f4b207761746368646f673d4f4b0d0a	[OBC] PAYLOAD_OFFLINE consecutive=3 heartbeat=OK watchdog=OK\r\n
2026-08-30T14:00:01.290015+00:00	5b4f42435d205041594c4f41445f4143434550544544207365713d34393639206d6f64653d300d0a	[OBC] PAYLOAD_ACCEPTED seq=4969 mode=0\r\n
2026-08-30T14:00:01.341600+00:00	5b4f42435d205041594c4f41445f5245434f5645524544207265636f7665726965733d360d0a	[OBC] PAYLOAD_RECOVERED recoveries=6\r\n
2026-08-30T14:00:01.784969+00:00	5b4f42435d205041594c4f41445f5354415455532073746174653d4f4e4c494e4520706f6c6c733d34393730206f6b3d333333362074696d656f75743d31363334206372633d30207365713d31363137207265636f766572793d36206865617274626561743d4f4b207761746368646f673d4f4b0d0a	[OBC] PAYLOAD_STATUS state=ONLINE polls=4970 ok=3336 timeout=1634 crc=0 seq=1617 recovery=6 heartbeat=OK watchdog=OK\r\n
2026-08-30T14:00:01.838127+00:00	5b4f42435d205041594c4f41445f4143434550544544207365713d34393730206d6f64653d300d0a	[OBC] PAYLOAD_ACCEPTED seq=4970 mode=0\r\n
2026-08-30T14:00:02.333726+00:00	5b4f42435d205041594c4f41445f4143434550544544207365713d34393731206d6f64653d300d0a	[OBC] PAYLOAD_ACCEPTED seq=4971 mode=0\r\n
2026-08-30T14:00:02.830749+00:00	5b4f42435d205041594c4f41445f4143434550544544207365713d34393732206d6f64653d300d0a	[OBC] PAYLOAD_ACCEPTED seq=4972 mode=0\r\n
2026-08-30T14:00:03.327734+00:00	5b4f42435d205041594c4f41445f4143434550544544207365713d34393733206d6f64653d300d0a	[OBC] PAYLOAD_ACCEPTED seq=4973 mode=0\r\n
2026-08-30T14:00:03.821569+00:00	5b4f42435d205041594c4f41445f4143434550544544207365713d34393734206d6f64653d300d0a	[OBC] PAYLOAD_ACCEPTED seq=4974 mode=0\r\n
2026-08-30T14:00:04.316870+00:00	5b4f42435d205041594c4f41445f4143434550544544207365713d34393735206d6f64653d300d0a	[OBC] PAYLOAD_ACCEPTED seq=4975 mode=0\r\n
2026-08-30T14:00:04.812821+00:00	5b4f42435d205041594c4f41445f4143434550544544207365713d34393736206d6f64653d300d0a	[OBC] PAYLOAD_ACCEPTED seq=4976 mode=0\r\n
2026-08-30T14:00:05.309318+00:00	5b4f42435d205041594c4f41445f4143434550544544207365713d34393737206d6f64653d300d0a	[OBC] PAYLOAD_ACCEPTED seq=4977 mode=0\r\n
2026-08-30T14:00:05.808183+00:00	5b4f42435d205041594c4f41445f4143434550544544207365713d34393738206d6f64653d300d0a	[OBC] PAYLOAD_ACCEPTED seq=4978 mode=0\r\n
2026-08-30T14:00:06.304507+00:00	5b4f42435d205041594c4f41445f4143434550544544207365713d34393739206d6f64653d300d0a	[OBC] PAYLOAD_ACCEPTED seq=4979 mode=0\r\n
2026-08-30T14:00:06.772751+00:00	5b4f42435d205041594c4f41445f5354415455532073746174653d4f4e4c494e4520706f6c6c733d34393830206f6b3d333334362074696d656f75743d31363334206372633d30207365713d31363137207265636f766572793d36206865617274626561743d4f4b207761746368646f673d4f4b0d0a	[OBC] PAYLOAD_STATUS state=ONLINE polls=4980 ok=3346 timeout=1634 crc=0 seq=1617 recovery=6 heartbeat=OK watchdog=OK\r\n
2026-08-30T14:00:06.786557+00:00	5b4f42435d205041594c	[OBC] PAYL
