2026-08-30T14:29:39.216487+00:00	50544544207365713d313230206d6f64653d300d0a	PTED seq=120 mode=0\r\n
2026-08-30T14:29:39.711648+00:00	5b4f42435d205041594c4f41445f4143434550544544207365713d313231206d6f64653d300d0a	[OBC] PAYLOAD_ACCEPTED seq=121 mode=0\r\n
2026-08-30T14:29:40.206879+00:00	5b4f42435d205041594c4f41445f4143434550544544207365713d313232206d6f64653d300d0a	[OBC] PAYLOAD_ACCEPTED seq=122 mode=0\r\n
2026-08-30T14:29:40.701699+00:00	5b4f42435d205041594c4f41445f4143434550544544207365713d313233206d6f64653d300d0a	[OBC] PAYLOAD_ACCEPTED seq=123 mode=0\r\n
2026-08-30T14:29:41.195388+00:00	5b4f42435d205041594c4f41445f4143434550544544207365713d313234206d6f64653d300d0a	[OBC] PAYLOAD_ACCEPTED seq=124 mode=0\r\n
2026-08-30T14:29:41.691587+00:00	5b4f42435d205041594c4f41445f4143434550544544207365713d313235206d6f64653d300d0a	[OBC] PAYLOAD_ACCEPTED seq=125 mode=0\r\n
2026-08-30T14:29:42.182642+00:00	5b4f42435d205041594c4f41445f4143434550544544207365713d313236206d6f64653d300d0a	[OBC] PAYLOAD_ACCEPTED seq=126 mode=0\r\n
2026-08-30T14:29:42.677649+00:00	5b4f42435d205041594c4f41445f4143434550544544207365713d313237206d6f64653d300d0a	[OBC] PAYLOAD_ACCEPTED seq=127 mode=0\r\n
2026-08-30T14:29:43.172838+00:00	5b4f42435d205041594c4f41445f4143434550544544207365713d313238206d6f64653d300d0a	[OBC] PAYLOAD_ACCEPTED seq=128 mode=0\r\n
2026-08-30T14:29:43.668855+00:00	5b4f42435d205041594c4f41445f4143434550544544207365713d313239206d6f64653d300d0a	[OBC] PAYLOAD_ACCEPTED seq=129 mode=0\r\n
2026-08-30T14:29:44.162070+00:00	5b4f42435d205041594c4f41445f5354415455532073746174653d4f4e4c494e4520706f6c6c733d313330206f6b3d3132322074696d656f75743d38206372633d30207365713d38207265636f766572793d31206865617274626561743d4f4b207761746368646f673d4f4b0d0a	[OBC] PAYLOAD_STATUS state=ONLINE polls=130 ok=122 timeout=8 crc=0 seq=8 recovery=1 heartbeat=OK watchdog=OK\r\n
2026-08-30T14:29:44.223762+00:00	5b4f42435d205041594c4f41445f4143434550544544207365713d313330206d6f64653d300d0a	[OBC] PAYLOAD_ACCEPTED seq=130 mode=0\r\n
2026-08-30T14:29:44.718845+00:00	5b4f42435d205041594c4f41445f4143434550544544207365713d313331206d6f64653d300d0a	[OBC] PAYLOAD_ACCEPTED seq=131 mode=0\r\n
2026-08-30T14:29:45.213400+00:00	5b4f42435d205041594c4f41445f4143434550544544207365713d313332206d6f64653d300d0a	[OBC] PAYLOAD_ACCEPTED seq=132 mode=0\r\n
2026-08-30T14:29:45.711076+00:00	5b4f42435d205041594c4f41445f4143434550544544207365713d313333206d6f64653d300d0a	[OBC] PAYLOAD_ACCEPTED seq=133 mode=0\r\n
2026-08-30T14:29:46.207976+00:00	5b4f42435d205041594c4f41445f4143434550544544207365713d313334206d6f64653d300d0a	[OBC] PAYLOAD_ACCEPTED seq=134 mode=0\r\n
2026-08-30T14:29:46.702466+00:00	5b4f42435d205041594c4f41445f4143434550544544207365713d313335206d6f64653d300d0a	[OBC] PAYLOAD_ACCEPTED seq=135 mode=0\r\n
2026-08-30T14:29:47.197843+00:00	5b4f42435d205041594c4f41445f4143434550544544207365713d313336206d6f64653d300d0a	[OBC] PAYLOAD_ACCEPTED seq=136 mode=0\r\n
2026-08-30T14:29:47.691207+00:00	5b4f42435d205041594c4f41445f4143434550544544207365713d313337206d6f64653d300d0a	[OBC] PAYLOAD_ACCEPTED seq=137 mode=0\r\n
2026-08-30T14:29:48.186997+00:00	5b4f42435d205041594c4f41445f4143434550544544207365713d313338206d6f64653d300d0a	[OBC] PAYLOAD_ACCEPTED seq=138 mode=0\r\n
2026-08-30T14:29:48.681264+00:00	5b4f42435d205041594c4f41445f4143434550544544207365713d313339206d6f64653d300d0a	[OBC] PAYLOAD_ACCEPTED seq=139 mode=0\r\n
2026-08-30T14:29:49.157305+00:00	5b4f42435d205041594c4f41445f5354415455532073746174653d4f4e4c494e4520706f6c6c733d313430206f6b3d3133322074696d656f75743d38206372633d30207365713d38207265636f766572793d31206865617274626561743d4f4b207761746368646f673d4f4b0d0a	[OBC] PAYLOAD_STATUS state=ONLINE polls=140 ok=132 timeout=8 crc=0 seq=8 recovery=1 heartbeat=OK watchdog=OK\r\n
2026-08-30T14:29:49.222475+00:00	5b4f42435d205041594c4f41445f4143434550544544207365713d313430206d6f64653d300d0a	[OBC] PAYLOAD_ACCEPTED seq=140 mode=0\r\n
2026-08-30T14:29:49.768887+00:00	5b4f42435d205041594c4f41445f54494d454f555420636f6e73656375746976653d310d0a	[OBC] PAYLOAD_TIMEOUT consecutive=1\r\n
2026-08-30T14:29:49.824509+00:00	5b4f42435d205041594c4f41445f52454a45435420726561736f6e3d53455155454e43450d0a	[OBC] PAYLOAD_REJECT reason=SEQUENCE\r\n
2026-08-30T14:29:50.257210+00:00	5b4f42435d205041594c4f41445f54494d454f555420636f6e73656375746976653d320d0a	[OBC] PAYLOAD_TIMEOUT consecutive=2\r\n
2026-08-30T14:29:50.753333+00:00	5b4f42435d205041594c4f41445f4f46464c494e4520636f6e73656375746976653d33206865617274626561743d4f4b207761746368646f673d4f4b0d0a	[OBC] PAYLOAD_OFFLINE consecutive=3 heartbeat=OK watchdog=OK\r\n
2026-08-30T14:29:53.658349+00:00	5b4f42435d205041594c4f41445f4143434550544544207365713d313439206d6f64653d300d0a	[OBC] PAYLOAD_ACCEPTED seq=149 mode=0\r\n
2026-08-30T14:29:53.723022+00:00	5b4f42435d205041594c4f41445f5245434f5645524544207265636f7665726965733d320d0a	[OBC] PAYLOAD_RECOVERED recoveries=2\r\n
2026-08-30T14:29:54.154751+00:00	5b4f42435d205041594c4f41445f5354415455532073746174653d4f4e4c494e4520706f6c6c733d313530206f6b3d3133342074696d656f75743d3136206372633d30207365713d3136207265636f766572793d32206865617274626561743d4f4b207761746368646f673d4f4b0d0a	[OBC] PAYLOAD_STATUS state=ONLINE polls=150 ok=134 timeout=16 crc=0 seq=16 recovery=2 heartbeat=OK watchdog=OK\r\n
2026-08-30T14:29:54.217429+00:00	5b4f42435d205041594c4f41445f4143434550544544207365713d313530206d6f64653d300d0a	[OBC] PAYLOAD_ACCEPTED seq=150 mode=0\r\n
2026-08-30T14:29:54.714791+00:00	5b4f42435d205041594c4f41445f4143434550544544207365713d313531206d6f64653d300d0a	[OBC] PAYLOAD_ACCEPTED seq=151 mode=0\r\n
2026-08-30T14:29:55.211788+00:00	5b4f42435d205041594c4f41445f4143434550544544207365713d313532206d6f64653d300d0a	[OBC] PAYLOAD_ACCEPTED seq=152 mode=0\r\n
2026-08-30T14:29:55.707393+00:00	5b4f42435d205041594c4f41445f4143434550544544207365713d313533206d6f64653d300d0a	[OBC] PAYLOAD_ACCEPTED seq=153 mode=0\r\n
2026-08-30T14:29:56.202688+00:00	5b4f42435d205041594c4f41445f4143434550544544207365713d313534206d6f64653d300d0a	[OBC] PAYLOAD_ACCEPTED seq=154 mode=0\r\n
2026-08-30T14:29:56.696608+00:00	5b4f42435d205041594c4f41445f4143434550544544207365713d313535206d6f64653d300d0a	[OBC] PAYLOAD_ACCEPTED seq=155 mode=0\r\n
2026-08-30T14:29:57.191820+00:00	5b4f42435d205041594c4f41445f4143434550544544207365713d313536206d6f64653d300d0a	[OBC] PAYLOAD_ACCEPTED seq=156 mode=0\r\n
2026-08-30T14:29:57.687039+00:00	5b4f42435d205041594c4f41445f4143434550544544207365713d313537206d6f64653d300d0a	[OBC] PAYLOAD_ACCEPTED seq=157 mode=0\r\n
2026-08-30T14:29:58.180131+00:00	5b4f42435d205041594c4f41445f4143434550544544207365713d313538206d6f64653d300d0a	[OBC] PAYLOAD_ACCEPTED seq=158 mode=0\r\n
2026-08-30T14:29:58.674848+00:00	5b4f42435d205041594c4f41445f4143434550544544207365713d313539206d6f64653d300d0a	[OBC] PAYLOAD_ACCEPTED seq=159 mode=0\r\n
2026-08-30T14:29:59.150328+00:00	5b4f42435d205041594c4f41445f5354415455532073746174653d4f4e4c494e4520706f6c6c733d313630206f6b3d3134342074696d656f75743d3136206372633d30207365713d3136207265636f766572793d32206865617274626561743d4f4b207761746368646f673d4f4b0d0a	[OBC] PAYLOAD_STATUS state=ONLINE polls=160 ok=144 timeout=16 crc=0 seq=16 recovery=2 heartbeat=OK watchdog=OK\r\n
2026-08-30T14:29:59.181465+00:00	5b4f42435d205041594c4f41445f4143	[OBC] PAYLOAD_AC
