2026-08-30T14:30:39.180797+00:00	434550544544207365713d323430206d6f64653d300d0a	CEPTED seq=240 mode=0\r\n
2026-08-30T14:30:39.677977+00:00	5b4f42435d205041594c4f41445f4143434550544544207365713d323431206d6f64653d300d0a	[OBC] PAYLOAD_ACCEPTED seq=241 mode=0\r\n
2026-08-30T14:30:40.175107+00:00	5b4f42435d205041594c4f41445f4143434550544544207365713d323432206d6f64653d300d0a	[OBC] PAYLOAD_ACCEPTED seq=242 mode=0\r\n
2026-08-30T14:30:40.672386+00:00	5b4f42435d205041594c4f41445f4143434550544544207365713d323433206d6f64653d300d0a	[OBC] PAYLOAD_ACCEPTED seq=243 mode=0\r\n
2026-08-30T14:30:41.164678+00:00	5b4f42435d205041594c4f41445f4143434550544544207365713d323434206d6f64653d300d0a	[OBC] PAYLOAD_ACCEPTED seq=244 mode=0\r\n
2026-08-30T14:30:41.662168+00:00	5b4f42435d205041594c4f41445f4143434550544544207365713d323435206d6f64653d300d0a	[OBC] PAYLOAD_ACCEPTED seq=245 mode=0\r\n
2026-08-30T14:30:42.154656+00:00	5b4f42435d205041594c4f41445f4143434550544544207365713d323436206d6f64653d300d0a	[OBC] PAYLOAD_ACCEPTED seq=246 mode=0\r\n
2026-08-30T14:30:42.650443+00:00	5b4f42435d205041594c4f41445f4143434550544544207365713d323437206d6f64653d300d0a	[OBC] PAYLOAD_ACCEPTED seq=247 mode=0\r\n
2026-08-30T14:30:43.144875+00:00	5b4f42435d205041594c4f41445f4143434550544544207365713d323438206d6f64653d300d0a	[OBC] PAYLOAD_ACCEPTED seq=248 mode=0\r\n
2026-08-30T14:30:43.642178+00:00	5b4f42435d205041594c4f41445f4143434550544544207365713d323439206d6f64653d300d0a	[OBC] PAYLOAD_ACCEPTED seq=249 mode=0\r\n
2026-08-30T14:30:44.123000+00:00	5b4f42435d205041594c4f41445f5354415455532073746174653d4f4e4c494e4520706f6c6c733d323530206f6b3d3233342074696d656f75743d3136206372633d30207365713d3136207265636f766572793d32206865617274626561743d4f4b207761746368646f673d4f4b0d0a	[OBC] PAYLOAD_STATUS state=ONLINE polls=250 ok=234 timeout=16 crc=0 seq=16 recovery=2 heartbeat=OK watchdog=OK\r\n
2026-08-30T14:30:44.186662+00:00	5b4f42435d205041594c4f41445f4143434550544544207365713d323530206d6f64653d300d0a	[OBC] PAYLOAD_ACCEPTED seq=250 mode=0\r\n
2026-08-30T14:30:44.684210+00:00	5b4f42435d205041594c4f41445f4143434550544544207365713d323531206d6f64653d300d0a	[OBC] PAYLOAD_ACCEPTED seq=251 mode=0\r\n
2026-08-30T14:30:45.179884+00:00	5b4f42435d205041594c4f41445f4143434550544544207365713d323532206d6f64653d300d0a	[OBC] PAYLOAD_ACCEPTED seq=252 mode=0\r\n
2026-08-30T14:30:45.676077+00:00	5b4f42435d205041594c4f41445f4143434550544544207365713d323533206d6f64653d300d0a	[OBC] PAYLOAD_ACCEPTED seq=253 mode=0\r\n
2026-08-30T14:30:46.170467+00:00	5b4f42435d205041594c4f41445f4143434550544544207365713d323534206d6f64653d300d0a	[OBC] PAYLOAD_ACCEPTED seq=254 mode=0\r\n
2026-08-30T14:30:46.665604+00:00	5b4f42435d205041594c4f41445f4143434550544544207365713d323535206d6f64653d300d0a	[OBC] PAYLOAD_ACCEPTED seq=255 mode=0\r\n
2026-08-30T14:30:47.162417+00:00	5b4f42435d205041594c4f41445f4143434550544544207365713d323536206d6f64653d300d0a	[OBC] PAYLOAD_ACCEPTED seq=256 mode=0\r\n
2026-08-30T14:30:47.659987+00:00	5b4f42435d205041594c4f41445f4143434550544544207365713d323537206d6f64653d300d0a	[OBC] PAYLOAD_ACCEPTED seq=257 mode=0\r\n
2026-08-30T14:30:48.155523+00:00	5b4f42435d205041594c4f41445f4143434550544544207365713d323538206d6f64653d300d0a	[OBC] PAYLOAD_ACCEPTED seq=258 mode=0\r\n
2026-08-30T14:30:48.648733+00:00	5b4f42435d205041594c4f41445f4143434550544544207365713d323539206d6f64653d300d0a	[OBC] PAYLOAD_ACCEPTED seq=259 mode=0\r\n
2026-08-30T14:30:49.120172+00:00	5b4f42435d205041594c4f41445f5354415455532073746174653d4f4e4c494e4520706f6c6c733d323630206f6b3d3234342074696d656f75743d3136206372633d30207365713d3136207265636f766572793d32206865617274626561743d4f4b207761746368646f673d4f4b0d0a	[OBC] PAYLOAD_STATUS state=ONLINE polls=260 ok=244 timeout=16 crc=0 seq=16 recovery=2 heartbeat=OK watchdog=OK\r\n
2026-08-30T14:30:49.176666+00:00	5b4f42435d205041594c4f41445f4143434550544544207365713d323630206d6f64653d300d0a	[OBC] PAYLOAD_ACCEPTED seq=260 mode=0\r\n
2026-08-30T14:30:49.732088+00:00	5b4f42435d205041594c4f41445f54494d454f555420636f6e73656375746976653d310d0a	[OBC] PAYLOAD_TIMEOUT consecutive=1\r\n
2026-08-30T14:30:49.797107+00:00	5b4f42435d205041594c4f41445f52454a45435420726561736f6e3d53455155454e43450d0a	[OBC] PAYLOAD_REJECT reason=SEQUENCE\r\n
2026-08-30T14:30:50.228216+00:00	5b4f42435d205041594c4f41445f54494d454f555420636f6e73656375746976653d320d0a	[OBC] PAYLOAD_TIMEOUT consecutive=2\r\n
2026-08-30T14:30:50.722409+00:00	5b4f42435d205041594c4f41445f4f46464c494e4520636f6e73656375746976653d33206865617274626561743d4f4b207761746368646f673d4f4b0d0a	[OBC] PAYLOAD_OFFLINE consecutive=3 heartbeat=OK watchdog=OK\r\n
2026-08-30T14:30:53.623074+00:00	5b4f42435d205041594c4f41445f4143434550544544207365713d323639206d6f64653d300d0a	[OBC] PAYLOAD_ACCEPTED seq=269 mode=0\r\n
2026-08-30T14:30:53.684861+00:00	5b4f42435d205041594c4f41445f5245434f5645524544207265636f7665726965733d330d0a	[OBC] PAYLOAD_RECOVERED recoveries=3\r\n
2026-08-30T14:30:54.117155+00:00	5b4f42435d205041594c4f41445f5354415455532073746174653d4f4e4c494e4520706f6c6c733d323730206f6b3d3234362074696d656f75743d3234206372633d30207365713d3234207265636f766572793d33206865617274626561743d4f4b207761746368646f673d4f4b0d0a	[OBC] PAYLOAD_STATUS state=ONLINE polls=270 ok=246 timeout=24 crc=0 seq=24 recovery=3 heartbeat=OK watchdog=OK\r\n
2026-08-30T14:30:54.180550+00:00	5b4f42435d205041594c4f41445f4143434550544544207365713d323730206d6f64653d300d0a	[OBC] PAYLOAD_ACCEPTED seq=270 mode=0\r\n
2026-08-30T14:30:54.676439+00:00	5b4f42435d205041594c4f41445f4143434550544544207365713d323731206d6f64653d300d0a	[OBC] PAYLOAD_ACCEPTED seq=271 mode=0\r\n
2026-08-30T14:30:55.172480+00:00	5b4f42435d205041594c4f41445f4143434550544544207365713d323732206d6f64653d300d0a	[OBC] PAYLOAD_ACCEPTED seq=272 mode=0\r\n
2026-08-30T14:30:55.667351+00:00	5b4f42435d205041594c4f41445f4143434550544544207365713d323733206d6f64653d300d0a	[OBC] PAYLOAD_ACCEPTED seq=273 mode=0\r\n
2026-08-30T14:30:56.162217+00:00	5b4f42435d205041594c4f41445f4143434550544544207365713d323734206d6f64653d300d0a	[OBC] PAYLOAD_ACCEPTED seq=274 mode=0\r\n
2026-08-30T14:30:56.657659+00:00	5b4f42435d205041594c4f41445f4143434550544544207365713d323735206d6f64653d300d0a	[OBC] PAYLOAD_ACCEPTED seq=275 mode=0\r\n
2026-08-30T14:30:57.152221+00:00	5b4f42435d205041594c4f41445f4143434550544544207365713d323736206d6f64653d300d0a	[OBC] PAYLOAD_ACCEPTED seq=276 mode=0\r\n
2026-08-30T14:30:57.644541+00:00	5b4f42435d205041594c4f41445f4143434550544544207365713d323737206d6f64653d300d0a	[OBC] PAYLOAD_ACCEPTED seq=277 mode=0\r\n
2026-08-30T14:30:58.138443+00:00	5b4f42435d205041594c4f41445f4143434550544544207365713d323738206d6f64653d300d0a	[OBC] PAYLOAD_ACCEPTED seq=278 mode=0\r\n
2026-08-30T14:30:58.632506+00:00	5b4f42435d205041594c4f41445f4143434550544544207365713d323739206d6f64653d300d0a	[OBC] PAYLOAD_ACCEPTED seq=279 mode=0\r\n
2026-08-30T14:30:59.115579+00:00	5b4f42435d205041594c4f41445f5354415455532073746174653d4f4e4c494e4520706f6c6c733d323830206f6b3d3235362074696d656f75743d3234206372633d30207365713d3234207265636f766572793d33206865617274626561743d4f4b207761746368646f673d4f4b0d0a	[OBC] PAYLOAD_STATUS state=ONLINE polls=280 ok=256 timeout=24 crc=0 seq=24 recovery=3 heartbeat=OK watchdog=OK\r\n
2026-08-30T14:30:59.116578+00:00	5b4f42435d205041594c4f41445f4143	[OBC] PAYLOAD_AC
