2026-08-30T14:32:39.112741+00:00	434550544544207365713d343830206d6f64653d300d0a	CEPTED seq=480 mode=0\r\n
2026-08-30T14:32:39.612360+00:00	5b4f42435d205041594c4f41445f4143434550544544207365713d343831206d6f64653d300d0a	[OBC] PAYLOAD_ACCEPTED seq=481 mode=0\r\n
2026-08-30T14:32:40.106427+00:00	5b4f42435d205041594c4f41445f4143434550544544207365713d343832206d6f64653d300d0a	[OBC] PAYLOAD_ACCEPTED seq=482 mode=0\r\n
2026-08-30T14:32:40.603638+00:00	5b4f42435d205041594c4f41445f4143434550544544207365713d343833206d6f64653d300d0a	[OBC] PAYLOAD_ACCEPTED seq=483 mode=0\r\n
2026-08-30T14:32:41.098057+00:00	5b4f42435d205041594c4f41445f4143434550544544207365713d343834206d6f64653d300d0a	[OBC] PAYLOAD_ACCEPTED seq=484 mode=0\r\n
2026-08-30T14:32:41.592277+00:00	5b4f42435d205041594c4f41445f4143434550544544207365713d343835206d6f64653d300d0a	[OBC] PAYLOAD_ACCEPTED seq=485 mode=0\r\n
2026-08-30T14:32:42.086050+00:00	5b4f42435d205041594c4f41445f4143434550544544207365713d343836206d6f64653d300d0a	[OBC] PAYLOAD_ACCEPTED seq=486 mode=0\r\n
2026-08-30T14:32:42.580922+00:00	5b4f42435d205041594c4f41445f4143434550544544207365713d343837206d6f64653d300d0a	[OBC] PAYLOAD_ACCEPTED seq=487 mode=0\r\n
2026-08-30T14:32:43.077782+00:00	5b4f42435d205041594c4f41445f4143434550544544207365713d343838206d6f64653d300d0a	[OBC] PAYLOAD_ACCEPTED seq=488 mode=0\r\n
2026-08-30T14:32:43.574038+00:00	5b4f42435d205041594c4f41445f4143434550544544207365713d343839206d6f64653d300d0a	[OBC] PAYLOAD_ACCEPTED seq=489 mode=0\r\n
2026-08-30T14:32:44.053263+00:00	5b4f42435d205041594c4f41445f5354415455532073746174653d4f4e4c494e4520706f6c6c733d343930206f6b3d3435302074696d656f75743d3430206372633d30207365713d3430207265636f766572793d35206865617274626561743d4f4b207761746368646f673d4f4b0d0a	[OBC] PAYLOAD_STATUS state=ONLINE polls=490 ok=450 timeout=40 crc=0 seq=40 recovery=5 heartbeat=OK watchdog=OK\r\n
2026-08-30T14:32:44.112179+00:00	5b4f42435d205041594c4f41445f4143434550544544207365713d343930206d6f64653d300d0a	[OBC] PAYLOAD_ACCEPTED seq=490 mode=0\r\n
2026-08-30T14:32:44.608429+00:00	5b4f42435d205041594c4f41445f4143434550544544207365713d343931206d6f64653d300d0a	[OBC] PAYLOAD_ACCEPTED seq=491 mode=0\r\n
2026-08-30T14:32:45.101222+00:00	5b4f42435d205041594c4f41445f4143434550544544207365713d343932206d6f64653d300d0a	[OBC] PAYLOAD_ACCEPTED seq=492 mode=0\r\n
2026-08-30T14:32:45.595343+00:00	5b4f42435d205041594c4f41445f4143434550544544207365713d343933206d6f64653d300d0a	[OBC] PAYLOAD_ACCEPTED seq=493 mode=0\r\n
2026-08-30T14:32:46.089367+00:00	5b4f42435d205041594c4f41445f4143434550544544207365713d343934206d6f64653d300d0a	[OBC] PAYLOAD_ACCEPTED seq=494 mode=0\r\n
2026-08-30T14:32:46.583184+00:00	5b4f42435d205041594c4f41445f4143434550544544207365713d343935206d6f64653d300d0a	[OBC] PAYLOAD_ACCEPTED seq=495 mode=0\r\n
2026-08-30T14:32:47.081170+00:00	5b4f42435d205041594c4f41445f4143434550544544207365713d343936206d6f64653d300d0a	[OBC] PAYLOAD_ACCEPTED seq=496 mode=0\r\n
2026-08-30T14:32:47.574286+00:00	5b4f42435d205041594c4f41445f4143434550544544207365713d343937206d6f64653d300d0a	[OBC] PAYLOAD_ACCEPTED seq=497 mode=0\r\n
2026-08-30T14:32:48.071694+00:00	5b4f42435d205041594c4f41445f4143434550544544207365713d343938206d6f64653d300d0a	[OBC] PAYLOAD_ACCEPTED seq=498 mode=0\r\n
2026-08-30T14:32:48.566880+00:00	5b4f42435d205041594c4f41445f4143434550544544207365713d343939206d6f64653d300d0a	[OBC] PAYLOAD_ACCEPTED seq=499 mode=0\r\n
2026-08-30T14:32:49.049996+00:00	5b4f42435d205041594c4f41445f5354415455532073746174653d4f4e4c494e4520706f6c6c733d353030206f6b3d3436302074696d656f75743d3430206372633d30207365713d3430207265636f766572793d35206865617274626561743d4f4b207761746368646f673d4f4b0d0a	[OBC] PAYLOAD_STATUS state=ONLINE polls=500 ok=460 timeout=40 crc=0 seq=40 recovery=5 heartbeat=OK watchdog=OK\r\n
2026-08-30T14:32:49.105925+00:00	5b4f42435d205041594c4f41445f4143434550544544207365713d353030206d6f64653d300d0a	[OBC] PAYLOAD_ACCEPTED seq=500 mode=0\r\n
2026-08-30T14:32:49.651644+00:00	5b4f42435d205041594c4f41445f54494d454f555420636f6e73656375746976653d310d0a	[OBC] PAYLOAD_TIMEOUT consecutive=1\r\n
2026-08-30T14:32:49.708424+00:00	5b4f42435d205041594c4f41445f52454a45435420726561736f6e3d53455155454e43450d0a	[OBC] PAYLOAD_REJECT reason=SEQUENCE\r\n
2026-08-30T14:32:50.201988+00:00	5b4f42435d205041594c4f41445f54494d454f555420636f6e73656375746976653d320d0a	[OBC] PAYLOAD_TIMEOUT consecutive=2\r\n
2026-08-30T14:32:50.697814+00:00	5b4f42435d205041594c4f41445f4f46464c494e4520636f6e73656375746976653d33206865617274626561743d4f4b207761746368646f673d4f4b0d0a	[OBC] PAYLOAD_OFFLINE consecutive=3 heartbeat=OK watchdog=OK\r\n
2026-08-30T14:32:53.551106+00:00	5b4f42435d205041594c4f41445f4143434550544544207365713d353039206d6f64653d300d0a	[OBC] PAYLOAD_ACCEPTED seq=509 mode=0\r\n
2026-08-30T14:32:53.604251+00:00	5b4f42435d205041594c4f41445f5245434f5645524544207265636f7665726965733d360d0a	[OBC] PAYLOAD_RECOVERED recoveries=6\r\n
2026-08-30T14:32:54.046462+00:00	5b4f42435d205041594c4f41445f5354415455532073746174653d4f4e4c494e4520706f6c6c733d353130206f6b3d3436322074696d656f75743d3438206372633d30207365713d3438207265636f766572793d36206865617274626561743d4f4b207761746368646f673d4f4b0d0a	[OBC] PAYLOAD_STATUS state=ONLINE polls=510 ok=462 timeout=48 crc=0 seq=48 recovery=6 heartbeat=OK watchdog=OK\r\n
2026-08-30T14:32:54.100161+00:00	5b4f42435d205041594c4f41445f4143434550544544207365713d353130206d6f64653d300d0a	[OBC] PAYLOAD_ACCEPTED seq=510 mode=0\r\n
2026-08-30T14:32:54.595383+00:00	5b4f42435d205041594c4f41445f4143434550544544207365713d353131206d6f64653d300d0a	[OBC] PAYLOAD_ACCEPTED seq=511 mode=0\r\n
2026-08-30T14:32:55.089675+00:00	5b4f42435d205041594c4f41445f4143434550544544207365713d353132206d6f64653d300d0a	[OBC] PAYLOAD_ACCEPTED seq=512 mode=0\r\n
2026-08-30T14:32:55.587466+00:00	5b4f42435d205041594c4f41445f4143434550544544207365713d353133206d6f64653d300d0a	[OBC] PAYLOAD_ACCEPTED seq=513 mode=0\r\n
2026-08-30T14:32:56.082349+00:00	5b4f42435d205041594c4f41445f4143434550544544207365713d353134206d6f64653d300d0a	[OBC] PAYLOAD_ACCEPTED seq=514 mode=0\r\n
2026-08-30T14:32:56.578162+00:00	5b4f42435d205041594c4f41445f4143434550544544207365713d353135206d6f64653d300d0a	[OBC] PAYLOAD_ACCEPTED seq=515 mode=0\r\n
2026-08-30T14:32:57.071450+00:00	5b4f42435d205041594c4f41445f4143434550544544207365713d353136206d6f64653d300d0a	[OBC] PAYLOAD_ACCEPTED seq=516 mode=0\r\n
2026-08-30T14:32:57.565351+00:00	5b4f42435d205041594c4f41445f4143434550544544207365713d353137206d6f64653d300d0a	[OBC] PAYLOAD_ACCEPTED seq=517 mode=0\r\n
2026-08-30T14:32:58.061774+00:00	5b4f42435d205041594c4f41445f4143434550544544207365713d353138206d6f64653d300d0a	[OBC] PAYLOAD_ACCEPTED seq=518 mode=0\r\n
2026-08-30T14:32:58.556967+00:00	5b4f42435d205041594c4f41445f4143434550544544207365713d353139206d6f64653d300d0a	[OBC] PAYLOAD_ACCEPTED seq=519 mode=0\r\n
2026-08-30T14:32:59.042541+00:00	5b4f42435d205041594c4f41445f5354415455532073746174653d4f4e4c494e4520706f6c6c733d353230206f6b3d3437322074696d656f75743d3438206372633d30207365713d3438207265636f766572793d36206865617274626561743d4f4b207761746368646f673d4f4b0d0a	[OBC] PAYLOAD_STATUS state=ONLINE polls=520 ok=472 timeout=48 crc=0 seq=48 recovery=6 heartbeat=OK watchdog=OK\r\n
2026-08-30T14:32:59.081192+00:00	5b4f42435d205041594c4f41445f4143	[OBC] PAYLOAD_AC
