2026-08-30T14:04:26.246705+00:00	4c4f41445f4143434550544544207365713d35353030206d6f64653d300d0a	LOAD_ACCEPTED seq=5500 mode=0\r\n
2026-08-30T14:04:26.744340+00:00	5b4f42435d205041594c4f41445f4143434550544544207365713d35353031206d6f64653d300d0a	[OBC] PAYLOAD_ACCEPTED seq=5501 mode=0\r\n
2026-08-30T14:04:27.242427+00:00	5b4f42435d205041594c4f41445f4143434550544544207365713d35353032206d6f64653d300d0a	[OBC] PAYLOAD_ACCEPTED seq=5502 mode=0\r\n
2026-08-30T14:04:27.737964+00:00	5b4f42435d205041594c4f41445f4143434550544544207365713d35353033206d6f64653d300d0a	[OBC] PAYLOAD_ACCEPTED seq=5503 mode=0\r\n
2026-08-30T14:04:28.233835+00:00	5b4f42435d205041594c4f41445f4143434550544544207365713d35353034206d6f64653d300d0a	[OBC] PAYLOAD_ACCEPTED seq=5504 mode=0\r\n
2026-08-30T14:04:28.730310+00:00	5b4f42435d205041594c4f41445f4143434550544544207365713d35353035206d6f64653d300d0a	[OBC] PAYLOAD_ACCEPTED seq=5505 mode=0\r\n
2026-08-30T14:04:29.224269+00:00	5b4f42435d205041594c4f41445f4143434550544544207365713d35353036206d6f64653d300d0a	[OBC] PAYLOAD_ACCEPTED seq=5506 mode=0\r\n
2026-08-30T14:04:29.721722+00:00	5b4f42435d205041594c4f41445f4143434550544544207365713d35353037206d6f64653d300d0a	[OBC] PAYLOAD_ACCEPTED seq=5507 mode=0\r\n
2026-08-30T14:04:30.217403+00:00	5b4f42435d205041594c4f41445f4143434550544544207365713d35353038206d6f64653d300d0a	[OBC] PAYLOAD_ACCEPTED seq=5508 mode=0\r\n
2026-08-30T14:04:30.714921+00:00	5b4f42435d205041594c4f41445f4143434550544544207365713d35353039206d6f64653d300d0a	[OBC] PAYLOAD_ACCEPTED seq=5509 mode=0\r\n
2026-08-30T14:04:31.175986+00:00	5b4f42435d205041594c4f41445f5354415455532073746174653d4f4e4c494e4520706f6c6c733d35353130206f6b3d333832382074696d656f75743d31363832206372633d30207365713d31363635207265636f766572793d3132206865617274626561743d4f4b207761746368646f673d4f4b0d0a	[OBC] PAYLOAD_STATUS state=ONLINE polls=5510 ok=3828 timeout=1682 crc=0 seq=1665 recovery=12 heartbeat=OK watchdog=OK\r\n
2026-08-30T14:04:31.240785+00:00	5b4f42435d205041594c4f41445f4143434550544544207365713d35353130206d6f64653d300d0a	[OBC] PAYLOAD_ACCEPTED seq=5510 mode=0\r\n
2026-08-30T14:04:31.735320+00:00	5b4f42435d205041594c4f41445f4143434550544544207365713d35353131206d6f64653d300d0a	[OBC] PAYLOAD_ACCEPTED seq=5511 mode=0\r\n
2026-08-30T14:04:32.230994+00:00	5b4f42435d205041594c4f41445f4143434550544544207365713d35353132206d6f64653d300d0a	[OBC] PAYLOAD_ACCEPTED seq=5512 mode=0\r\n
2026-08-30T14:04:32.723738+00:00	5b4f42435d205041594c4f41445f4143434550544544207365713d35353133206d6f64653d300d0a	[OBC] PAYLOAD_ACCEPTED seq=5513 mode=0\r\n
2026-08-30T14:04:33.220798+00:00	5b4f42435d205041594c4f41445f4143434550544544207365713d35353134206d6f64653d300d0a	[OBC] PAYLOAD_ACCEPTED seq=5514 mode=0\r\n
2026-08-30T14:04:33.718560+00:00	5b4f42435d205041594c4f41445f4143434550544544207365713d35353135206d6f64653d300d0a	[OBC] PAYLOAD_ACCEPTED seq=5515 mode=0\r\n
2026-08-30T14:04:34.214345+00:00	5b4f42435d205041594c4f41445f4143434550544544207365713d35353136206d6f64653d300d0a	[OBC] PAYLOAD_ACCEPTED seq=5516 mode=0\r\n
2026-08-30T14:04:34.709063+00:00	5b4f42435d205041594c4f41445f4143434550544544207365713d35353137206d6f64653d300d0a	[OBC] PAYLOAD_ACCEPTED seq=5517 mode=0\r\n
2026-08-30T14:04:35.203421+00:00	5b4f42435d205041594c4f41445f4143434550544544207365713d35353138206d6f64653d300d0a	[OBC] PAYLOAD_ACCEPTED seq=5518 mode=0\r\n
2026-08-30T14:04:35.697604+00:00	5b4f42435d205041594c4f41445f4143434550544544207365713d35353139206d6f64653d300d0a	[OBC] PAYLOAD_ACCEPTED seq=5519 mode=0\r\n
2026-08-30T14:04:36.163524+00:00	5b4f42435d205041594c4f41445f5354415455532073746174653d4f4e4c494e4520706f6c6c733d35353230206f6b3d333833382074696d656f75743d31363832206372633d30207365713d31363635207265636f766572793d3132206865617274626561743d4f4b207761746368646f673d4f4b0d0a	[OBC] PAYLOAD_STATUS state=ONLINE polls=5520 ok=3838 timeout=1682 crc=0 seq=1665 recovery=12 heartbeat=OK watchdog=OK\r\n
2026-08-30T14:04:36.221978+00:00	5b4f42435d205041594c4f41445f4143434550544544207365713d35353230206d6f64653d300d0a	[OBC] PAYLOAD_ACCEPTED seq=5520 mode=0\r\n
2026-08-30T14:04:36.765353+00:00	5b4f42435d205041594c4f41445f54494d454f555420636f6e73656375746976653d310d0a	[OBC] PAYLOAD_TIMEOUT consecutive=1\r\n
2026-08-30T14:04:36.827383+00:00	5b4f42435d205041594c4f41445f52454a45435420726561736f6e3d53455155454e43450d0a	[OBC] PAYLOAD_REJECT reason=SEQUENCE\r\n
2026-08-30T14:04:37.260727+00:00	5b4f42435d205041594c4f41445f54494d454f555420636f6e73656375746976653d320d0a	[OBC] PAYLOAD_TIMEOUT consecutive=2\r\n
2026-08-30T14:04:37.815515+00:00	5b4f42435d205041594c4f41445f4f46464c494e4520636f6e73656375746976653d33206865617274626561743d4f4b207761746368646f673d4f4b0d0a	[OBC] PAYLOAD_OFFLINE consecutive=3 heartbeat=OK watchdog=OK\r\n
2026-08-30T14:04:40.658316+00:00	5b4f42435d205041594c4f41445f4143434550544544207365713d35353239206d6f64653d300d0a	[OBC] PAYLOAD_ACCEPTED seq=5529 mode=0\r\n
2026-08-30T14:04:40.712866+00:00	5b4f42435d205041594c4f41445f5245434f5645524544207265636f7665726965733d31330d0a	[OBC] PAYLOAD_RECOVERED recoveries=13\r\n
2026-08-30T14:04:41.153091+00:00	5b4f42435d205041594c4f41445f5354415455532073746174653d4f4e4c494e4520706f6c6c733d35353330206f6b3d333834302074696d656f75743d31363930206372633d30207365713d31363733207265636f766572793d3133206865617274626561743d4f4b207761746368646f673d4f4b0d0a	[OBC] PAYLOAD_STATUS state=ONLINE polls=5530 ok=3840 timeout=1690 crc=0 seq=1673 recovery=13 heartbeat=OK watchdog=OK\r\n
2026-08-30T14:04:41.208598+00:00	5b4f42435d205041594c4f41445f4143434550544544207365713d35353330206d6f64653d300d0a	[OBC] PAYLOAD_ACCEPTED seq=5530 mode=0\r\n
2026-08-30T14:04:41.702606+00:00	5b4f42435d205041594c4f41445f4143434550544544207365713d35353331206d6f64653d300d0a	[OBC] PAYLOAD_ACCEPTED seq=5531 mode=0\r\n
2026-08-30T14:04:42.196207+00:00	5b4f42435d205041594c4f41445f4143434550544544207365713d35353332206d6f64653d300d0a	[OBC] PAYLOAD_ACCEPTED seq=5532 mode=0\r\n
2026-08-30T14:04:42.693494+00:00	5b4f42435d205041594c4f41445f4143434550544544207365713d35353333206d6f64653d300d0a	[OBC] PAYLOAD_ACCEPTED seq=5533 mode=0\r\n
2026-08-30T14:04:43.193176+00:00	5b4f42435d205041594c4f41445f4143434550544544207365713d35353334206d6f64653d300d0a	[OBC] PAYLOAD_ACCEPTED seq=5534 mode=0\r\n
2026-08-30T14:04:43.687435+00:00	5b4f42435d205041594c4f41445f4143434550544544207365713d35353335206d6f64653d300d0a	[OBC] PAYLOAD_ACCEPTED seq=5535 mode=0\r\n
2026-08-30T14:04:44.182560+00:00	5b4f42435d205041594c4f41445f4143434550544544207365713d35353336206d6f64653d300d0a	[OBC] PAYLOAD_ACCEPTED seq=5536 mode=0\r\n
2026-08-30T14:04:44.676631+00:00	5b4f42435d205041594c4f41445f4143434550544544207365713d35353337206d6f64653d300d0a	[OBC] PAYLOAD_ACCEPTED seq=5537 mode=0\r\n
2026-08-30T14:04:45.172742+00:00	5b4f42435d205041594c4f41445f4143434550544544207365713d35353338206d6f64653d300d0a	[OBC] PAYLOAD_ACCEPTED seq=5538 mode=0\r\n
2026-08-30T14:04:45.667401+00:00	5b4f42435d205041594c4f41445f4143434550544544207365713d35353339206d6f64653d300d0a	[OBC] PAYLOAD_ACCEPTED seq=5539 mode=0\r\n
2026-08-30T14:04:46.142215+00:00	5b4f42435d205041594c4f41445f5354415455532073746174653d4f4e4c494e4520706f6c6c733d35353430206f6b3d333835302074696d656f75743d31363930206372633d30207365713d31363733207265636f766572793d3133206865617274626561743d4f4b207761746368646f673d4f4b0d0a	[OBC] PAYLOAD_STATUS state=ONLINE polls=5540 ok=3850 timeout=1690 crc=0 seq=1673 recovery=13 heartbeat=OK watchdog=OK\r\n
2026-08-30T14:04:46.147227+00:00	5b4f42435d20504159	[OBC] PAY
