2026-08-30T13:43:20.711791+00:00	5b4f42435d205041594c4f41445f4143434550544544207365713d32393633206d6f64653d300d0a	[OBC] PAYLOAD_ACCEPTED seq=2963 mode=0\r\n
2026-08-30T13:43:21.206368+00:00	5b4f42435d205041594c4f41445f4143434550544544207365713d32393634206d6f64653d300d0a	[OBC] PAYLOAD_ACCEPTED seq=2964 mode=0\r\n
2026-08-30T13:43:21.702616+00:00	5b4f42435d205041594c4f41445f4143434550544544207365713d32393635206d6f64653d300d0a	[OBC] PAYLOAD_ACCEPTED seq=2965 mode=0\r\n
2026-08-30T13:43:22.198544+00:00	5b4f42435d205041594c4f41445f4143434550544544207365713d32393636206d6f64653d300d0a	[OBC] PAYLOAD_ACCEPTED seq=2966 mode=0\r\n
2026-08-30T13:43:22.691168+00:00	5b4f42435d205041594c4f41445f4143434550544544207365713d32393637206d6f64653d300d0a	[OBC] PAYLOAD_ACCEPTED seq=2967 mode=0\r\n
2026-08-30T13:43:23.185260+00:00	5b4f42435d205041594c4f41445f4143434550544544207365713d32393638206d6f64653d300d0a	[OBC] PAYLOAD_ACCEPTED seq=2968 mode=0\r\n
2026-08-30T13:43:23.679923+00:00	5b4f42435d205041594c4f41445f4143434550544544207365713d32393639206d6f64653d300d0a	[OBC] PAYLOAD_ACCEPTED seq=2969 mode=0\r\n
2026-08-30T13:43:24.160556+00:00	5b4f42435d205041594c4f41445f5354415455532073746174653d4f4e4c494e4520706f6c6c733d32393730206f6b3d323937302074696d656f75743d30206372633d30207365713d30207265636f766572793d30206865617274626561743d4f4b207761746368646f673d4f4b0d0a	[OBC] PAYLOAD_STATUS state=ONLINE polls=2970 ok=2970 timeout=0 crc=0 seq=0 recovery=0 heartbeat=OK watchdog=OK\r\n
2026-08-30T13:43:24.225967+00:00	5b4f42435d205041594c4f41445f4143434550544544207365713d32393730206d6f64653d300d0a	[OBC] PAYLOAD_ACCEPTED seq=2970 mode=0\r\n
2026-08-30T13:43:24.721292+00:00	5b4f42435d205041594c4f41445f4143434550544544207365713d32393731206d6f64653d300d0a	[OBC] PAYLOAD_ACCEPTED seq=2971 mode=0\r\n
2026-08-30T13:43:25.216612+00:00	5b4f42435d205041594c4f41445f4143434550544544207365713d32393732206d6f64653d300d0a	[OBC] PAYLOAD_ACCEPTED seq=2972 mode=0\r\n
2026-08-30T13:43:25.709917+00:00	5b4f42435d205041594c4f41445f4143434550544544207365713d32393733206d6f64653d300d0a	[OBC] PAYLOAD_ACCEPTED seq=2973 mode=0\r\n
2026-08-30T13:43:26.204794+00:00	5b4f42435d205041594c4f41445f4143434550544544207365713d32393734206d6f64653d300d0a	[OBC] PAYLOAD_ACCEPTED seq=2974 mode=0\r\n
2026-08-30T13:43:26.701811+00:00	5b4f42435d205041594c4f41445f4143434550544544207365713d32393735206d6f64653d300d0a	[OBC] PAYLOAD_ACCEPTED seq=2975 mode=0\r\n
2026-08-30T13:43:27.198212+00:00	5b4f42435d205041594c4f41445f4143434550544544207365713d32393736206d6f64653d300d0a	[OBC] PAYLOAD_ACCEPTED seq=2976 mode=0\r\n
2026-08-30T13:43:27.694598+00:00	5b4f42435d205041594c4f41445f4143434550544544207365713d32393737206d6f64653d300d0a	[OBC] PAYLOAD_ACCEPTED seq=2977 mode=0\r\n
2026-08-30T13:43:28.192498+00:00	5b4f42435d205041594c4f41445f4143434550544544207365713d32393738206d6f64653d300d0a	[OBC] PAYLOAD_ACCEPTED seq=2978 mode=0\r\n
2026-08-30T13:43:28.689485+00:00	5b4f42435d205041594c4f41445f4143434550544544207365713d32393739206d6f64653d300d0a	[OBC] PAYLOAD_ACCEPTED seq=2979 mode=0\r\n
2026-08-30T13:43:29.146887+00:00	5b4f42435d205041594c4f41445f5354415455532073746174653d4f4e4c494e4520706f6c6c733d32393830206f6b3d323938302074696d656f75743d30206372633d30207365713d30207265636f766572793d30206865617274626561743d4f4b207761746368646f673d4f4b0d0a	[OBC] PAYLOAD_STATUS state=ONLINE polls=2980 ok=2980 timeout=0 crc=0 seq=0 recovery=0 heartbeat=OK watchdog=OK\r\n
2026-08-30T13:43:29.200457+00:00	5b4f42435d205041594c4f41445f4143434550544544207365713d32393830206d6f64653d300d0a	[OBC] PAYLOAD_ACCEPTED seq=2980 mode=0\r\n
2026-08-30T13:43:29.756747+00:00	5b4f42435d205041594c4f41445f54494d454f555420636f6e73656375746976653d310d0a	[OBC] PAYLOAD_TIMEOUT consecutive=1\r\n
2026-08-30T13:43:29.819867+00:00	5b4f42435d205041594c4f41445f52454a45435420726561736f6e3d53455155454e43450d0a	[OBC] PAYLOAD_REJECT reason=SEQUENCE\r\n
2026-08-30T13:43:30.254980+00:00	5b4f42435d205041594c4f41445f54494d454f555420636f6e73656375746976653d320d0a	[OBC] PAYLOAD_TIMEOUT consecutive=2\r\n
2026-08-30T13:43:30.751820+00:00	5b4f42435d205041594c4f41445f4f46464c494e4520636f6e73656375746976653d33206865617274626561743d4f4b207761746368646f673d4f4b0d0a	[OBC] PAYLOAD_OFFLINE consecutive=3 heartbeat=OK watchdog=OK\r\n
2026-08-30T13:43:33.640427+00:00	5b4f42435d205041594c4f41445f4143434550544544207365713d32393839206d6f64653d300d0a	[OBC] PAYLOAD_ACCEPTED seq=2989 mode=0\r\n
2026-08-30T13:43:33.706412+00:00	5b4f42435d205041594c4f41445f5245434f5645524544207265636f7665726965733d310d0a	[OBC] PAYLOAD_RECOVERED recoveries=1\r\n
2026-08-30T13:43:34.135380+00:00	5b4f42435d205041594c4f41445f5354415455532073746174653d4f4e4c494e4520706f6c6c733d32393930206f6b3d323938322074696d656f75743d38206372633d30207365713d38207265636f766572793d31206865617274626561743d4f4b207761746368646f673d4f4b0d0a	[OBC] PAYLOAD_STATUS state=ONLINE polls=2990 ok=2982 timeout=8 crc=0 seq=8 recovery=1 heartbeat=OK watchdog=OK\r\n
2026-08-30T13:43:34.186583+00:00	5b4f42435d205041594c4f41445f4143434550544544207365713d32393930206d6f64653d300d0a	[OBC] PAYLOAD_ACCEPTED seq=2990 mode=0\r\n
2026-08-30T13:43:34.683845+00:00	5b4f42435d205041594c4f41445f4143434550544544207365713d32393931206d6f64653d300d0a	[OBC] PAYLOAD_ACCEPTED seq=2991 mode=0\r\n
2026-08-30T13:43:35.174602+00:00	5b4f42435d205041594c4f41445f4143434550544544207365713d32393932206d6f64653d300d0a	[OBC] PAYLOAD_ACCEPTED seq=2992 mode=0\r\n
2026-08-30T13:43:35.669581+00:00	5b4f42435d205041594c4f41445f4143434550544544207365713d32393933206d6f64653d300d0a	[OBC] PAYLOAD_ACCEPTED seq=2993 mode=0\r\n
2026-08-30T13:43:36.169061+00:00	5b4f42435d205041594c4f41445f4143434550544544207365713d32393934206d6f64653d300d0a	[OBC] PAYLOAD_ACCEPTED seq=2994 mode=0\r\n
2026-08-30T13:43:36.666946+00:00	5b4f42435d205041594c4f41445f4143434550544544207365713d32393935206d6f64653d300d0a	[OBC] PAYLOAD_ACCEPTED seq=2995 mode=0\r\n
2026-08-30T13:43:37.163661+00:00	5b4f42435d205041594c4f41445f4143434550544544207365713d32393936206d6f64653d300d0a	[OBC] PAYLOAD_ACCEPTED seq=2996 mode=0\r\n
2026-08-30T13:43:37.663278+00:00	5b4f42435d205041594c4f41445f4143434550544544207365713d32393937206d6f64653d300d0a	[OBC] PAYLOAD_ACCEPTED seq=2997 mode=0\r\n
2026-08-30T13:43:38.159026+00:00	5b4f42435d205041594c4f41445f4143434550544544207365713d32393938206d6f64653d300d0a	[OBC] PAYLOAD_ACCEPTED seq=2998 mode=0\r\n
2026-08-30T13:43:38.655561+00:00	5b4f42435d205041594c4f41445f4143434550544544207365713d32393939206d6f64653d300d0a	[OBC] PAYLOAD_ACCEPTED seq=2999 mode=0\r\n
2026-08-30T13:43:39.123416+00:00	5b4f42435d205041594c4f41445f5354415455532073746174653d4f4e4c494e4520706f6c6c733d33303030206f6b3d323939322074696d656f75743d38206372633d30207365713d38207265636f766572793d31206865617274626561743d4f4b207761746368646f673d4f4b0d0a	[OBC] PAYLOAD_STATUS state=ONLINE polls=3000 ok=2992 timeout=8 crc=0 seq=8 recovery=1 heartbeat=OK watchdog=OK\r\n
2026-08-30T13:43:39.169679+00:00	5b4f42435d205041594c4f41445f4143	[OBC] PAYLOAD_AC
