2026-08-30T14:30:59.170458+00:00	434550544544207365713d323830206d6f64653d300d0a	CEPTED seq=280 mode=0\r\n
2026-08-30T14:30:59.662452+00:00	5b4f42435d205041594c4f41445f4143434550544544207365713d323831206d6f64653d300d0a	[OBC] PAYLOAD_ACCEPTED seq=281 mode=0\r\n
2026-08-30T14:31:00.160067+00:00	5b4f42435d205041594c4f41445f4143434550544544207365713d323832206d6f64653d300d0a	[OBC] PAYLOAD_ACCEPTED seq=282 mode=0\r\n
2026-08-30T14:31:00.654367+00:00	5b4f42435d205041594c4f41445f4143434550544544207365713d323833206d6f64653d300d0a	[OBC] PAYLOAD_ACCEPTED seq=283 mode=0\r\n
2026-08-30T14:31:01.151142+00:00	5b4f42435d205041594c4f41445f4143434550544544207365713d323834206d6f64653d300d0a	[OBC] PAYLOAD_ACCEPTED seq=284 mode=0\r\n
2026-08-30T14:31:01.648258+00:00	5b4f42435d205041594c4f41445f4143434550544544207365713d323835206d6f64653d300d0a	[OBC] PAYLOAD_ACCEPTED seq=285 mode=0\r\n
2026-08-30T14:31:02.144473+00:00	5b4f42435d205041594c4f41445f4143434550544544207365713d323836206d6f64653d300d0a	[OBC] PAYLOAD_ACCEPTED seq=286 mode=0\r\n
2026-08-30T14:31:02.639363+00:00	5b4f42435d205041594c4f41445f4143434550544544207365713d323837206d6f64653d300d0a	[OBC] PAYLOAD_ACCEPTED seq=287 mode=0\r\n
2026-08-30T14:31:03.133607+00:00	5b4f42435d205041594c4f41445f4143434550544544207365713d323838206d6f64653d300d0a	[OBC] PAYLOAD_ACCEPTED seq=288 mode=0\r\n
2026-08-30T14:31:03.629378+00:00	5b4f42435d205041594c4f41445f4143434550544544207365713d323839206d6f64653d300d0a	[OBC] PAYLOAD_ACCEPTED seq=289 mode=0\r\n
2026-08-30T14:31:04.113800+00:00	5b4f42435d205041594c4f41445f5354415455532073746174653d4f4e4c494e4520706f6c6c733d323930206f6b3d3236362074696d656f75743d3234206372633d30207365713d3234207265636f766572793d33206865617274626561743d4f4b207761746368646f673d4f4b0d0a	[OBC] PAYLOAD_STATUS state=ONLINE polls=290 ok=266 timeout=24 crc=0 seq=24 recovery=3 heartbeat=OK watchdog=OK\r\n
2026-08-30T14:31:04.169139+00:00	5b4f42435d205041594c4f41445f4143434550544544207365713d323930206d6f64653d300d0a	[OBC] PAYLOAD_ACCEPTED seq=290 mode=0\r\n
2026-08-30T14:31:04.665885+00:00	5b4f42435d205041594c4f41445f4143434550544544207365713d323931206d6f64653d300d0a	[OBC] PAYLOAD_ACCEPTED seq=291 mode=0\r\n
2026-08-30T14:31:05.163096+00:00	5b4f42435d205041594c4f41445f4143434550544544207365713d323932206d6f64653d300d0a	[OBC] PAYLOAD_ACCEPTED seq=292 mode=0\r\n
2026-08-30T14:31:05.662061+00:00	5b4f42435d205041594c4f41445f4143434550544544207365713d323933206d6f64653d300d0a	[OBC] PAYLOAD_ACCEPTED seq=293 mode=0\r\n
2026-08-30T14:31:06.158148+00:00	5b4f42435d205041594c4f41445f4143434550544544207365713d323934206d6f64653d300d0a	[OBC] PAYLOAD_ACCEPTED seq=294 mode=0\r\n
2026-08-30T14:31:06.653813+00:00	5b4f42435d205041594c4f41445f4143434550544544207365713d323935206d6f64653d300d0a	[OBC] PAYLOAD_ACCEPTED seq=295 mode=0\r\n
2026-08-30T14:31:07.150014+00:00	5b4f42435d205041594c4f41445f4143434550544544207365713d323936206d6f64653d300d0a	[OBC] PAYLOAD_ACCEPTED seq=296 mode=0\r\n
2026-08-30T14:31:07.646233+00:00	5b4f42435d205041594c4f41445f4143434550544544207365713d323937206d6f64653d300d0a	[OBC] PAYLOAD_ACCEPTED seq=297 mode=0\r\n
2026-08-30T14:31:08.137546+00:00	5b4f42435d205041594c4f41445f4143434550544544207365713d323938206d6f64653d300d0a	[OBC] PAYLOAD_ACCEPTED seq=298 mode=0\r\n
2026-08-30T14:31:08.633825+00:00	5b4f42435d205041594c4f41445f4143434550544544207365713d323939206d6f64653d300d0a	[OBC] PAYLOAD_ACCEPTED seq=299 mode=0\r\n
2026-08-30T14:31:09.109855+00:00	5b4f42435d205041594c4f41445f5354415455532073746174653d4f4e4c494e4520706f6c6c733d333030206f6b3d3237362074696d656f75743d3234206372633d30207365713d3234207265636f766572793d33206865617274626561743d4f4b207761746368646f673d4f4b0d0a	[OBC] PAYLOAD_STATUS state=ONLINE polls=300 ok=276 timeout=24 crc=0 seq=24 recovery=3 heartbeat=OK watchdog=OK\r\n
2026-08-30T14:31:09.161279+00:00	5b4f42435d205041594c4f41445f4143434550544544207365713d333030206d6f64653d300d0a	[OBC] PAYLOAD_ACCEPTED seq=300 mode=0\r\n
2026-08-30T14:31:09.711884+00:00	5b4f42435d205041594c4f41445f54494d454f555420636f6e73656375746976653d310d0a	[OBC] PAYLOAD_TIMEOUT consecutive=1\r\n
2026-08-30T14:31:09.767394+00:00	5b4f42435d205041594c4f41445f52454a45435420726561736f6e3d53455155454e43450d0a	[OBC] PAYLOAD_REJECT reason=SEQUENCE\r\n
2026-08-30T14:31:10.263318+00:00	5b4f42435d205041594c4f41445f54494d454f555420636f6e73656375746976653d320d0a	[OBC] PAYLOAD_TIMEOUT consecutive=2\r\n
2026-08-30T14:31:10.757978+00:00	5b4f42435d205041594c4f41445f4f46464c494e4520636f6e73656375746976653d33206865617274626561743d4f4b207761746368646f673d4f4b0d0a	[OBC] PAYLOAD_OFFLINE consecutive=3 heartbeat=OK watchdog=OK\r\n
2026-08-30T14:31:13.612846+00:00	5b4f42435d205041594c4f41445f4143434550544544207365713d333039206d6f64653d300d0a	[OBC] PAYLOAD_ACCEPTED seq=309 mode=0\r\n
2026-08-30T14:31:13.676854+00:00	5b4f42435d205041594c4f41445f5245434f5645524544207265636f7665726965733d340d0a	[OBC] PAYLOAD_RECOVERED recoveries=4\r\n
2026-08-30T14:31:14.107636+00:00	5b4f42435d205041594c4f41445f5354415455532073746174653d4f4e4c494e4520706f6c6c733d333130206f6b3d3237382074696d656f75743d3332206372633d30207365713d3332207265636f766572793d34206865617274626561743d4f4b207761746368646f673d4f4b0d0a	[OBC] PAYLOAD_STATUS state=ONLINE polls=310 ok=278 timeout=32 crc=0 seq=32 recovery=4 heartbeat=OK watchdog=OK\r\n
2026-08-30T14:31:14.170819+00:00	5b4f42435d205041594c4f41445f4143434550544544207365713d333130206d6f64653d300d0a	[OBC] PAYLOAD_ACCEPTED seq=310 mode=0\r\n
2026-08-30T14:31:14.665062+00:00	5b4f42435d205041594c4f41445f4143434550544544207365713d333131206d6f64653d300d0a	[OBC] PAYLOAD_ACCEPTED seq=311 mode=0\r\n
2026-08-30T14:31:15.161736+00:00	5b4f42435d205041594c4f41445f4143434550544544207365713d333132206d6f64653d300d0a	[OBC] PAYLOAD_ACCEPTED seq=312 mode=0\r\n
2026-08-30T14:31:15.660207+00:00	5b4f42435d205041594c4f41445f4143434550544544207365713d333133206d6f64653d300d0a	[OBC] PAYLOAD_ACCEPTED seq=313 mode=0\r\n
2026-08-30T14:31:16.152017+00:00	5b4f42435d205041594c4f41445f4143434550544544207365713d333134206d6f64653d300d0a	[OBC] PAYLOAD_ACCEPTED seq=314 mode=0\r\n
2026-08-30T14:31:16.645281+00:00	5b4f42435d205041594c4f41445f4143434550544544207365713d333135206d6f64653d300d0a	[OBC] PAYLOAD_ACCEPTED seq=315 mode=0\r\n
2026-08-30T14:31:17.140525+00:00	5b4f42435d205041594c4f41445f4143434550544544207365713d333136206d6f64653d300d0a	[OBC] PAYLOAD_ACCEPTED seq=316 mode=0\r\n
2026-08-30T14:31:17.634549+00:00	5b4f42435d205041594c4f41445f4143434550544544207365713d333137206d6f64653d300d0a	[OBC] PAYLOAD_ACCEPTED seq=317 mode=0\r\n
2026-08-30T14:31:18.131798+00:00	5b4f42435d205041594c4f41445f4143434550544544207365713d333138206d6f64653d300d0a	[OBC] PAYLOAD_ACCEPTED seq=318 mode=0\r\n
2026-08-30T14:31:18.627081+00:00	5b4f42435d205041594c4f41445f4143434550544544207365713d333139206d6f64653d300d0a	[OBC] PAYLOAD_ACCEPTED seq=319 mode=0\r\n
2026-08-30T14:31:19.104791+00:00	5b4f42435d205041594c4f41445f5354415455532073746174653d4f4e4c494e4520706f6c6c733d333230206f6b3d3238382074696d656f75743d3332206372633d30207365713d3332207265636f766572793d34206865617274626561743d4f4b207761746368646f673d4f4b0d0a	[OBC] PAYLOAD_STATUS state=ONLINE polls=320 ok=288 timeout=32 crc=0 seq=32 recovery=4 heartbeat=OK watchdog=OK\r\n
2026-08-30T14:31:19.119110+00:00	5b4f42435d205041594c4f41445f4143	[OBC] PAYLOAD_AC
