2026-09-01T15:05:36.700378+00:00	5b4f42435d205041594c4f41445f5354415455532073746174653d4f4e4c494e4520706f6c6c733d323230206f6b3d3232302074696d656f75743d30206372633d30207365713d30207265636f766572793d30206865617274626561743d4f4b207761746368646f673d4f4b0d0a	[OBC] PAYLOAD_STATUS state=ONLINE polls=220 ok=220 timeout=0 crc=0 seq=0 recovery=0 heartbeat=OK watchdog=OK\r\n
2026-09-01T15:05:36.762815+00:00	5b4f42435d205041594c4f41445f54494d454f555420636f6e73656375746976653d310d0a	[OBC] PAYLOAD_TIMEOUT consecutive=1\r\n
2026-09-01T15:05:37.260517+00:00	5b4f42435d205041594c4f41445f54494d454f555420636f6e73656375746976653d320d0a	[OBC] PAYLOAD_TIMEOUT consecutive=2\r\n
2026-09-01T15:05:38.588653+00:00	5b4f42435d20524541445920626f6172643d4e55434c454f2d46343131524520726f6c653d434f4e54524f4c4c455220626175643d3131353230300d0a	[OBC] READY board=NUCLEO-F411RE role=CONTROLLER baud=115200\r\n
2026-09-01T15:05:38.604216+00:00	5b4f42435d205041594c4f41445f4c494e4b5f535441525420626175643d3131353230300d0a	[OBC] PAYLOAD_LINK_START baud=115200\r\n
2026-09-01T15:05:38.610003+00:00	5b4f42435d205041594c4f41445f4143434550544544207365713d30206d6f64653d300d0a	[OBC] PAYLOAD_ACCEPTED seq=0 mode=0\r\n
2026-09-01T15:05:38.670543+00:00	5b4f42435d205041594c4f41445f4f4e4c494e45207365713d302073616d706c653d312073656e736f723d3234373735206d6f64653d300d0a	[OBC] PAYLOAD_ONLINE seq=0 sample=1 sensor=24775 mode=0\r\n
2026-09-01T15:05:39.106732+00:00	5b4f42435d205041594c4f41445f4143434550544544207365713d31206d6f64653d300d0a	[OBC] PAYLOAD_ACCEPTED seq=1 mode=0\r\n
2026-09-01T15:05:39.600444+00:00	5b4f42435d205041594c4f41445f4143434550544544207365713d32206d6f64653d300d0a	[OBC] PAYLOAD_ACCEPTED seq=2 mode=0\r\n
2026-09-01T15:05:40.098791+00:00	5b4f42435d205041594c4f41445f4143434550544544207365713d33206d6f64653d300d0a	[OBC] PAYLOAD_ACCEPTED seq=3 mode=0\r\n
2026-09-01T15:05:40.594863+00:00	5b4f42435d205041594c4f41445f4143434550544544207365713d34206d6f64653d300d0a	[OBC] PAYLOAD_ACCEPTED seq=4 mode=0\r\n
2026-09-01T15:05:41.091564+00:00	5b4f42435d205041594c4f41445f4143434550544544207365713d35206d6f64653d300d0a	[OBC] PAYLOAD_ACCEPTED seq=5 mode=0\r\n
2026-09-01T15:05:41.587558+00:00	5b4f42435d205041594c4f41445f4143434550544544207365713d36206d6f64653d300d0a	[OBC] PAYLOAD_ACCEPTED seq=6 mode=0\r\n
2026-09-01T15:05:42.085348+00:00	5b4f42435d205041594c4f41445f4143434550544544207365713d37206d6f64653d300d0a	[OBC] PAYLOAD_ACCEPTED seq=7 mode=0\r\n
2026-09-01T15:05:42.580445+00:00	5b4f42435d205041594c4f41445f4143434550544544207365713d38206d6f64653d300d0a	[OBC] PAYLOAD_ACCEPTED seq=8 mode=0\r\n
2026-09-01T15:05:43.077914+00:00	5b4f42435d205041594c4f41445f4143434550544544207365713d39206d6f64653d300d0a	[OBC] PAYLOAD_ACCEPTED seq=9 mode=0\r\n
2026-09-01T15:05:43.545593+00:00	5b4f42435d205041594c4f41445f5354415455532073746174653d4f4e4c494e4520706f6c6c733d3130206f6b3d31302074696d656f75743d30206372633d30207365713d30207265636f766572793d30206865617274626561743d4f4b207761746368646f673d4f4b0d0a	[OBC] PAYLOAD_STATUS state=ONLINE polls=10 ok=10 timeout=0 crc=0 seq=0 recovery=0 heartbeat=OK watchdog=OK\r\n
2026-09-01T15:05:43.603723+00:00	5b4f42435d205041594c4f41445f4143434550544544207365713d3130206d6f64653d300d0a	[OBC] PAYLOAD_ACCEPTED seq=10 mode=0\r\n
2026-09-01T15:05:44.102388+00:00	5b4f42435d205041594c4f41445f4143434550544544207365713d3131206d6f64653d300d0a	[OBC] PAYLOAD_ACCEPTED seq=11 mode=0\r\n
2026-09-01T15:05:44.538402+00:00	5b4f42435d205041594c4f41445f4143434550544544207365713d3132206d6f64653d300d0a	[OBC] PAYLOAD_ACCEPTED seq=12 mode=0\r\n
2026-09-01T15:05:45.034519+00:00	5b4f42435d205041594c4f41445f4143434550544544207365713d3133206d6f64653d300d0a	[OBC] PAYLOAD_ACCEPTED seq=13 mode=0\r\n
2026-09-01T15:05:45.531527+00:00	5b4f42435d205041594c4f41445f4143434550544544207365713d3134206d6f64653d300d0a	[OBC] PAYLOAD_ACCEPTED seq=14 mode=0\r\n
2026-09-01T15:05:46.026568+00:00	5b4f42435d205041594c4f41445f4143434550544544207365713d3135206d6f64653d300d0a	[OBC] PAYLOAD_ACCEPTED seq=15 mode=0\r\n
2026-09-01T15:05:46.521353+00:00	5b4f42435d205041594c4f41445f4143434550544544207365713d3136206d6f64653d300d0a	[OBC] PAYLOAD_ACCEPTED seq=16 mode=0\r\n
2026-09-01T15:05:47.018506+00:00	5b4f42435d205041594c4f41445f4143434550544544207365713d3137206d6f64653d300d0a	[OBC] PAYLOAD_ACCEPTED seq=17 mode=0\r\n
2026-09-01T15:05:47.514421+00:00	5b4f42435d205041594c4f41445f4143434550544544207365713d3138206d6f64653d300d0a	[OBC] PAYLOAD_ACCEPTED seq=18 mode=0\r\n
2026-09-01T15:05:48.010020+00:00	5b4f42435d205041594c4f41445f4143434550544544207365713d3139206d6f64653d300d0a	[OBC] PAYLOAD_ACCEPTED seq=19 mode=0\r\n
2026-09-01T15:05:48.486202+00:00	5b4f42435d205041594c4f41445f5354415455532073746174653d4f4e4c494e4520706f6c6c733d3230206f6b3d32302074696d656f75743d30206372633d30207365713d30207265636f766572793d30206865617274626561743d4f4b207761746368646f673d4f4b0d0a	[OBC] PAYLOAD_STATUS state=ONLINE polls=20 ok=20 timeout=0 crc=0 seq=0 recovery=0 heartbeat=OK watchdog=OK\r\n
2026-09-01T15:05:48.551358+00:00	5b4f42435d205041594c4f41445f4143434550544544207365713d3230206d6f64653d300d0a	[OBC] PAYLOAD_ACCEPTED seq=20 mode=0\r\n
2026-09-01T15:05:48.985851+00:00	5b4f42435d205041594c4f41445f4143434550544544207365713d3231206d6f64653d300d0a	[OBC] PAYLOAD_ACCEPTED seq=21 mode=0\r\n
2026-09-01T15:05:49.483535+00:00	5b4f42435d205041594c4f41445f4143434550544544207365713d3232206d6f64653d300d0a	[OBC] PAYLOAD_ACCEPTED seq=22 mode=0\r\n
2026-09-01T15:05:49.978286+00:00	5b4f42435d205041594c4f41445f4143434550544544207365713d3233206d6f64653d300d0a	[OBC] PAYLOAD_ACCEPTED seq=23 mode=0\r\n
2026-09-01T15:05:50.474646+00:00	5b4f42435d205041594c4f41445f4143434550544544207365713d3234206d6f64653d300d0a	[OBC] PAYLOAD_ACCEPTED seq=24 mode=0\r\n
2026-09-01T15:05:50.970705+00:00	5b4f42435d205041594c4f41445f4143434550544544207365713d3235206d6f64653d300d0a	[OBC] PAYLOAD_ACCEPTED seq=25 mode=0\r\n
2026-09-01T15:05:51.468115+00:00	5b4f42435d205041594c4f41445f4143434550544544207365713d3236206d6f64653d300d0a	[OBC] PAYLOAD_ACCEPTED seq=26 mode=0\r\n
2026-09-01T15:05:51.961243+00:00	5b4f42435d205041594c4f41445f4143434550544544207365713d3237206d6f64653d300d0a	[OBC] PAYLOAD_ACCEPTED seq=27 mode=0\r\n
2026-09-01T15:05:52.458950+00:00	5b4f42435d205041594c4f41445f4143434550544544207365713d3238206d6f64653d300d0a	[OBC] PAYLOAD_ACCEPTED seq=28 mode=0\r\n
2026-09-01T15:05:52.953513+00:00	5b4f42435d205041594c4f41445f4143434550544544207365713d3239206d6f64653d300d0a	[OBC] PAYLOAD_ACCEPTED seq=29 mode=0\r\n
2026-09-01T15:05:53.423629+00:00	5b4f42435d205041594c4f41445f5354415455532073746174653d4f4e4c494e4520706f6c6c733d3330206f6b3d33302074696d656f75743d30206372633d30207365713d30207265636f766572793d30206865617274626561743d4f4b207761746368646f673d4f4b0d0a	[OBC] PAYLOAD_STATUS state=ONLINE polls=30 ok=30 timeout=0 crc=0 seq=0 recovery=0 heartbeat=OK watchdog=OK\r\n
2026-09-01T15:05:53.483659+00:00	5b4f42435d205041594c4f41445f4143434550544544207365713d3330206d6f64653d300d0a	[OBC] PAYLOAD_ACCEPTED seq=30 mode=0\r\n
2026-09-01T15:05:53.980590+00:00	5b4f42435d205041594c4f41445f4143434550544544207365713d3331206d6f64653d300d0a	[OBC] PAYLOAD_ACCEPTED seq=31 mode=0\r\n
2026-09-01T15:05:54.473059+00:00	5b4f42435d205041594c4f41445f4143434550544544207365713d3332206d6f64653d300d0a	[OBC] PAYLOAD_ACCEPTED seq=32 mode=0\r\n
2026-09-01T15:05:54.969294+00:00	5b4f42435d205041594c4f41445f4143434550544544207365713d3333206d6f64653d300d0a	[OBC] PAYLOAD_ACCEPTED seq=33 mode=0\r\n
2026-09-01T15:05:55.404714+00:00	5b4f42435d205041594c4f41445f4143434550544544207365713d3334206d6f64653d300d0a	[OBC] PAYLOAD_ACCEPTED seq=34 mode=0\r\n
2026-09-01T15:05:55.899077+00:00	5b4f42435d205041594c4f41445f4143434550544544207365713d3335206d6f64653d300d0a	[OBC] PAYLOAD_ACCEPTED seq=35 mode=0\r\n
2026-09-01T15:05:56.396461+00:00	5b4f42435d205041594c4f41445f4143434550544544207365713d3336206d6f64653d300d0a	[OBC] PAYLOAD_ACCEPTED seq=36 mode=0\r\n
2026-09-01T15:05:56.893569+00:00	5b4f42435d205041594c4f41445f4143434550544544207365713d3337206d6f64653d300d0a	[OBC] PAYLOAD_ACCEPTED seq=37 mode=0\r\n
2026-09-01T15:05:57.393576+00:00	5b4f42435d205041594c4f41445f4143434550544544207365713d3338206d6f64653d300d0a	[OBC] PAYLOAD_ACCEPTED seq=38 mode=0\r\n
2026-09-01T15:05:57.888201+00:00	5b4f42435d205041594c4f41445f4143434550544544207365713d3339206d6f64653d300d0a	[OBC] PAYLOAD_ACCEPTED seq=39 mode=0\r\n
2026-09-01T15:05:58.362968+00:00	5b4f42435d205041594c4f41445f5354415455532073746174653d4f4e4c494e4520706f6c6c733d3430206f6b3d34302074696d656f75743d30206372633d30207365713d30207265636f766572793d30206865617274626561743d4f4b207761746368646f673d4f4b0d0a	[OBC] PAYLOAD_STATUS state=ONLINE polls=40 ok=40 timeout=0 crc=0 seq=0 recovery=0 heartbeat=OK watchdog=OK\r\n
2026-09-01T15:05:58.416314+00:00	5b4f42435d205041594c4f41445f4143434550544544207365713d3430206d6f64653d300d0a	[OBC] PAYLOAD_ACCEPTED seq=40 mode=0\r\n
2026-09-01T15:05:58.913712+00:00	5b4f42435d205041594c4f41445f4143434550544544207365713d3431206d6f64653d300d0a	[OBC] PAYLOAD_ACCEPTED seq=41 mode=0\r\n
2026-09-01T15:05:59.409515+00:00	5b4f42435d205041594c4f41445f4143434550544544207365713d3432206d6f64653d300d0a	[OBC] PAYLOAD_ACCEPTED seq=42 mode=0\r\n
2026-09-01T15:05:59.905649+00:00	5b4f42435d205041594c4f41445f4143434550544544207365713d3433206d6f64653d300d0a	[OBC] PAYLOAD_ACCEPTED seq=43 mode=0\r\n
2026-09-01T15:06:00.339569+00:00	5b4f42435d205041594c4f41445f4143434550544544207365713d3434206d6f64653d300d0a	[OBC] PAYLOAD_ACCEPTED seq=44 mode=0\r\n
2026-09-01T15:06:00.836246+00:00	5b4f42435d205041594c4f41445f4143434550544544207365713d3435206d6f64653d300d0a	[OBC] PAYLOAD_ACCEPTED seq=45 mode=0\r\n
2026-09-01T15:06:01.331379+00:00	5b4f42435d205041594c4f41445f4143434550544544207365713d3436206d6f64653d300d0a	[OBC] PAYLOAD_ACCEPTED seq=46 mode=0\r\n
2026-09-01T15:06:01.827336+00:00	5b4f42435d205041594c4f41445f4143434550544544207365713d3437206d6f64653d300d0a	[OBC] PAYLOAD_ACCEPTED seq=47 mode=0\r\n
2026-09-01T15:06:02.321217+00:00	5b4f42435d205041594c4f41445f4143434550544544207365713d3438206d6f64653d300d0a	[OBC] PAYLOAD_ACCEPTED seq=48 mode=0\r\n
2026-09-01T15:06:02.815969+00:00	5b4f42435d205041594c4f41445f4143434550544544207365713d3439206d6f64653d300d0a	[OBC] PAYLOAD_ACCEPTED seq=49 mode=0\r\n
2026-09-01T15:06:03.299576+00:00	5b4f42435d205041594c4f41445f5354415455532073746174653d4f4e4c494e4520706f6c6c733d3530206f6b3d35302074696d656f75743d30206372633d30207365713d30207265636f766572793d30206865617274626561743d4f4b207761746368646f673d4f4b0d0a	[OBC] PAYLOAD_STATUS state=ONLINE polls=50 ok=50 timeout=0 crc=0 seq=0 recovery=0 heartbeat=OK watchdog=OK\r\n
2026-09-01T15:06:03.354029+00:00	5b4f42435d205041594c4f41445f4143434550544544207365713d3530206d6f64653d300d0a	[OBC] PAYLOAD_ACCEPTED seq=50 mode=0\r\n
2026-09-01T15:06:03.847434+00:00	5b4f42435d205041594c4f41445f4143434550544544207365713d3531206d6f64653d300d0a	[OBC] PAYLOAD_ACCEPTED seq=51 mode=0\r\n
2026-09-01T15:06:04.340039+00:00	5b4f42435d205041594c4f41445f4143434550544544207365713d3532206d6f64653d300d0a	[OBC] PAYLOAD_ACCEPTED seq=52 mode=0\r\n
2026-09-01T15:06:04.838169+00:00	5b4f42435d205041594c4f41445f4143434550544544207365713d3533206d6f64653d300d0a	[OBC] PAYLOAD_ACCEPTED seq=53 mode=0\r\n
2026-09-01T15:06:05.333923+00:00	5b4f42435d205041594c4f41445f4143434550544544207365713d3534206d6f64653d300d0a	[OBC] PAYLOAD_ACCEPTED seq=54 mode=0\r\n
2026-09-01T15:06:05.769873+00:00	5b4f42435d205041594c4f41445f4143434550544544207365713d3535206d6f64653d300d0a	[OBC] PAYLOAD_ACCEPTED seq=55 mode=0\r\n
2026-09-01T15:06:06.265475+00:00	5b4f42435d205041594c4f41445f4143434550544544207365713d3536206d6f64653d300d0a	[OBC] PAYLOAD_ACCEPTED seq=56 mode=0\r\n
2026-09-01T15:06:06.758902+00:00	5b4f42435d205041594c4f41445f4143434550544544207365713d3537206d6f64653d300d0a	[OBC] PAYLOAD_ACCEPTED seq=57 mode=0\r\n
2026-09-01T15:06:07.254364+00:00	5b4f42435d205041594c4f41445f4143434550544544207365713d3538206d6f64653d300d0a	[OBC] PAYLOAD_ACCEPTED seq=58 mode=0\r\n
2026-09-01T15:06:07.747985+00:00	5b4f42435d205041594c4f41445f4143434550544544207365713d3539206d6f64653d300d0a	[OBC] PAYLOAD_ACCEPTED seq=59 mode=0\r\n
2026-09-01T15:06:08.236289+00:00	5b4f42435d205041594c4f41445f5354415455532073746174653d4f4e4c494e4520706f6c6c733d3630206f6b3d36302074696d656f75743d30206372633d30207365713d30207265636f766572793d30206865617274626561743d4f4b207761746368646f673d4f4b0d0a	[OBC] PAYLOAD_STATUS state=ONLINE polls=60 ok=60 timeout=0 crc=0 seq=0 recovery=0 heartbeat=OK watchdog=OK\r\n
2026-09-01T15:06:08.289045+00:00	5b4f42435d205041594c4f41445f4143434550544544207365713d3630206d6f64653d300d0a	[OBC] PAYLOAD_ACCEPTED seq=60 mode=0\r\n
2026-09-01T15:06:08.782761+00:00	5b4f42435d205041594c4f41445f4143434550544544207365713d3631206d6f64653d300d0a	[OBC] PAYLOAD_ACCEPTED seq=61 mode=0\r\n
2026-09-01T15:06:09.279880+00:00	5b4f42435d205041594c4f41445f4143434550544544207365713d3632206d6f64653d300d0a	[OBC] PAYLOAD_ACCEPTED seq=62 mode=0\r\n
2026-09-01T15:06:09.777262+00:00	5b4f42435d205041594c4f41445f4143434550544544207365713d3633206d6f64653d300d0a	[OBC] PAYLOAD_ACCEPTED seq=63 mode=0\r\n
2026-09-01T15:06:10.273112+00:00	5b4f42435d205041594c4f41445f4143434550544544207365713d3634206d6f64653d300d0a	[OBC] PAYLOAD_ACCEPTED seq=64 mode=0\r\n
2026-09-01T15:06:10.706177+00:00	5b4f42435d205041594c4f41445f4143434550544544207365713d3635206d6f64653d300d0a	[OBC] PAYLOAD_ACCEPTED seq=65 mode=0\r\n
2026-09-01T15:06:11.204363+00:00	5b4f42435d205041594c4f41445f4143434550544544207365713d3636206d6f64653d300d0a	[OBC] PAYLOAD_ACCEPTED seq=66 mode=0\r\n
2026-09-01T15:06:11.702709+00:00	5b4f42435d205041594c4f41445f4143434550544544207365713d3637206d6f64653d300d0a	[OBC] PAYLOAD_ACCEPTED seq=67 mode=0\r\n
2026-09-01T15:06:12.198439+00:00	5b4f42435d205041594c4f41445f4143434550544544207365713d3638206d6f64653d300d0a	[OBC] PAYLOAD_ACCEPTED seq=68 mode=0\r\n
2026-09-01T15:06:12.696155+00:00	5b4f42435d205041594c4f41445f4143434550544544207365713d3639206d6f64653d300d0a	[OBC] PAYLOAD_ACCEPTED seq=69 mode=0\r\n
2026-09-01T15:06:13.172618+00:00	5b4f42435d205041594c4f41445f5354415455532073746174653d4f4e4c494e4520706f6c6c733d3730206f6b3d37302074696d656f75743d30206372633d30207365713d30207265636f766572793d30206865617274626561743d4f4b207761746368646f673d4f4b0d0a	[OBC] PAYLOAD_STATUS state=ONLINE polls=70 ok=70 timeout=0 crc=0 seq=0 recovery=0 heartbeat=OK watchdog=OK\r\n
2026-09-01T15:06:13.224242+00:00	5b4f42435d205041594c4f41445f4143434550544544207365713d3730206d6f64653d300d0a	[OBC] PAYLOAD_ACCEPTED seq=70 mode=0\r\n
2026-09-01T15:06:13.719201+00:00	5b4f42435d205041594c4f41445f4143434550544544207365713d3731206d6f64653d300d0a	[OBC] PAYLOAD_ACCEPTED seq=71 mode=0\r\n
2026-09-01T15:06:14.214405+00:00	5b4f42435d205041594c4f41445f4143434550544544207365713d3732206d6f64653d300d0a	[OBC] PAYLOAD_ACCEPTED seq=72 mode=0\r\n
2026-09-01T15:06:14.708534+00:00	5b4f42435d205041594c4f41445f4143434550544544207365713d3733206d6f64653d300d0a	[OBC] PAYLOAD_ACCEPTED seq=73 mode=0\r\n
2026-09-01T15:06:15.205044+00:00	5b4f42435d205041594c4f41445f4143434550544544207365713d3734206d6f64653d300d0a	[OBC] PAYLOAD_ACCEPTED seq=74 mode=0\r\n
2026-09-01T15:06:15.701441+00:00	5b4f42435d205041594c4f41445f4143434550544544207365713d3735206d6f64653d300d0a	[OBC] PAYLOAD_ACCEPTED seq=75 mode=0\r\n
2026-09-01T15:06:16.195042+00:00	5b4f42435d205041594c4f41445f4143434550544544207365713d3736206d6f64653d300d0a	[OBC] PAYLOAD_ACCEPTED seq=76 mode=0\r\n
2026-09-01T15:06:16.632835+00:00	5b4f42435d205041594c4f41445f4143434550544544207365713d3737206d6f64653d300d0a	[OBC] PAYLOAD_ACCEPTED seq=77 mode=0\r\n
2026-09-01T15:06:17.128831+00:00	5b4f42435d205041594c4f41445f4143434550544544207365713d3738206d6f64653d300d0a	[OBC] PAYLOAD_ACCEPTED seq=78 mode=0\r\n
2026-09-01T15:06:17.623409+00:00	5b4f42435d205041594c4f41445f4143434550544544207365713d3739206d6f64653d300d0a	[OBC] PAYLOAD_ACCEPTED seq=79 mode=0\r\n
2026-09-01T15:06:18.111449+00:00	5b4f42435d205041594c4f41445f5354415455532073746174653d4f4e4c494e4520706f6c6c733d3830206f6b3d38302074696d656f75743d30206372633d30207365713d30207265636f766572793d30206865617274626561743d4f4b207761746368646f673d4f4b0d0a	[OBC] PAYLOAD_STATUS state=ONLINE polls=80 ok=80 timeout=0 crc=0 seq=0 recovery=0 heartbeat=OK watchdog=OK\r\n
2026-09-01T15:06:18.165299+00:00	5b4f42435d205041594c4f41445f4143434550544544207365713d3830206d6f64653d300d0a	[OBC] PAYLOAD_ACCEPTED seq=80 mode=0\r\n
2026-09-01T15:06:18.661061+00:00	5b4f42435d205041594c4f41445f4143434550544544207365713d3831206d6f64653d300d0a	[OBC] PAYLOAD_ACCEPTED seq=81 mode=0\r\n
2026-09-01T15:06:19.155634+00:00	5b4f42435d205041594c4f41445f4143434550544544207365713d3832206d6f64653d300d0a	[OBC] PAYLOAD_ACCEPTED seq=82 mode=0\r\n
2026-09-01T15:06:19.654166+00:00	5b4f42435d205041594c4f41445f4143434550544544207365713d3833206d6f64653d300d0a	[OBC] PAYLOAD_ACCEPTED seq=83 mode=0\r\n
2026-09-01T15:06:20.087696+00:00	5b4f42435d205041594c4f41445f4143434550544544207365713d3834206d6f64653d300d0a	[OBC] PAYLOAD_ACCEPTED seq=84 mode=0\r\n
2026-09-01T15:06:20.582474+00:00	5b4f42435d205041594c4f41445f4143434550544544207365713d3835206d6f64653d300d0a	[OBC] PAYLOAD_ACCEPTED seq=85 mode=0\r\n
2026-09-01T15:06:21.074785+00:00	5b4f42435d205041594c4f41445f4143434550544544207365713d3836206d6f64653d300d0a	[OBC] PAYLOAD_ACCEPTED seq=86 mode=0\r\n
2026-09-01T15:06:21.569189+00:00	5b4f42435d205041594c4f41445f4143434550544544207365713d3837206d6f64653d300d0a	[OBC] PAYLOAD_ACCEPTED seq=87 mode=0\r\n
2026-09-01T15:06:22.064977+00:00	5b4f42435d205041594c4f41445f4143434550544544207365713d3838206d6f64653d300d0a	[OBC] PAYLOAD_ACCEPTED seq=88 mode=0\r\n
2026-09-01T15:06:22.563764+00:00	5b4f42435d205041594c4f41445f4143434550544544207365713d3839206d6f64653d300d0a	[OBC] PAYLOAD_ACCEPTED seq=89 mode=0\r\n
2026-09-01T15:06:23.045991+00:00	5b4f42435d205041594c4f41445f5354415455532073746174653d4f4e4c494e4520706f6c6c733d3930206f6b3d39302074696d656f75743d30206372633d30207365713d30207265636f766572793d30206865617274626561743d4f4b207761746368646f673d4f4b0d0a	[OBC] PAYLOAD_STATUS state=ONLINE polls=90 ok=90 timeout=0 crc=0 seq=0 recovery=0 heartbeat=OK watchdog=OK\r\n
2026-09-01T15:06:23.107713+00:00	5b4f42435d205041594c4f41445f4143434550544544207365713d3930206d6f64653d300d0a	[OBC] PAYLOAD_ACCEPTED seq=90 mode=0\r\n
2026-09-01T15:06:23.542278+00:00	5b4f42435d205041594c4f41445f4143434550544544207365713d3931206d6f64653d300d0a	[OBC] PAYLOAD_ACCEPTED seq=91 mode=0\r\n
2026-09-01T15:06:24.039323+00:00	5b4f42435d205041594c4f41445f4143434550544544207365713d3932206d6f64653d300d0a	[OBC] PAYLOAD_ACCEPTED seq=92 mode=0\r\n
2026-09-01T15:06:24.536504+00:00	5b4f42435d205041594c4f41445f4143434550544544207365713d3933206d6f64653d300d0a	[OBC] PAYLOAD_ACCEPTED seq=93 mode=0\r\n
2026-09-01T15:06:25.033427+00:00	5b4f42435d205041594c4f41445f4143434550544544207365713d3934206d6f64653d300d0a	[OBC] PAYLOAD_ACCEPTED seq=94 mode=0\r\n
2026-09-01T15:06:25.531755+00:00	5b4f42435d205041594c4f41445f4143434550544544207365713d3935206d6f64653d300d0a	[OBC] PAYLOAD_ACCEPTED seq=95 mode=0\r\n
2026-09-01T15:06:26.028583+00:00	5b4f42435d205041594c4f41445f4143434550544544207365713d3936206d6f64653d300d0a	[OBC] PAYLOAD_ACCEPTED seq=96 mode=0\r\n
2026-09-01T15:06:26.523548+00:00	5b4f42435d205041594c4f41445f4143434550544544207365713d3937206d6f64653d300d0a	[OBC] PAYLOAD_ACCEPTED seq=97 mode=0\r\n
2026-09-01T15:06:27.020774+00:00	5b4f42435d205041594c4f41445f4143434550544544207365713d3938206d6f64653d300d0a	[OBC] PAYLOAD_ACCEPTED seq=98 mode=0\r\n
2026-09-01T15:06:27.515551+00:00	5b4f42435d205041594c4f41445f4143434550544544207365713d3939206d6f64653d300d0a	[OBC] PAYLOAD_ACCEPTED seq=99 mode=0\r\n
2026-09-01T15:06:27.980926+00:00	5b4f42435d205041594c4f41445f5354415455532073746174653d4f4e4c494e4520706f6c6c733d313030206f6b3d3130302074696d656f75743d30206372633d30207365713d30207265636f766572793d30206865617274626561743d4f4b207761746368646f673d4f4b0d0a	[OBC] PAYLOAD_STATUS state=ONLINE polls=100 ok=100 timeout=0 crc=0 seq=0 recovery=0 heartbeat=OK watchdog=OK\r\n
2026-09-01T15:06:28.044057+00:00	5b4f42435d205041594c4f41445f4143434550544544207365713d313030206d6f64653d300d0a	[OBC] PAYLOAD_ACCEPTED seq=100 mode=0\r\n
2026-09-01T15:06:28.476777+00:00	5b4f42435d205041594c4f41445f4143434550544544207365713d313031206d6f64653d300d0a	[OBC] PAYLOAD_ACCEPTED seq=101 mode=0\r\n
2026-09-01T15:06:28.971047+00:00	5b4f42435d205041594c4f41445f4143434550544544207365713d313032206d6f64653d300d0a	[OBC] PAYLOAD_ACCEPTED seq=102 mode=0\r\n
2026-09-01T15:06:29.468715+00:00	5b4f42435d205041594c4f41445f4143434550544544207365713d313033206d6f64653d300d0a	[OBC] PAYLOAD_ACCEPTED seq=103 mode=0\r\n
2026-09-01T15:06:29.964088+00:00	5b4f42435d205041594c4f41445f4143434550544544207365713d313034206d6f64653d300d0a	[OBC] PAYLOAD_ACCEPTED seq=104 mode=0\r\n
2026-09-01T15:06:30.457450+00:00	5b4f42435d205041594c4f41445f4143434550544544207365713d313035206d6f64653d300d0a	[OBC] PAYLOAD_ACCEPTED seq=105 mode=0\r\n
2026-09-01T15:06:30.953790+00:00	5b4f42435d205041594c4f41445f4143434550544544207365713d313036206d6f64653d300d0a	[OBC] PAYLOAD_ACCEPTED seq=106 mode=0\r\n
2026-09-01T15:06:31.453068+00:00	5b4f42435d205041594c4f41445f4143434550544544207365713d313037206d6f64653d300d0a	[OBC] PAYLOAD_ACCEPTED seq=107 mode=0\r\n
2026-09-01T15:06:31.949422+00:00	5b4f42435d205041594c4f41445f4143434550544544207365713d313038206d6f64653d300d0a	[OBC] PAYLOAD_ACCEPTED seq=108 mode=0\r\n
2026-09-01T15:06:32.447156+00:00	5b4f42435d205041594c4f41445f4143434550544544207365713d313039206d6f64653d300d0a	[OBC] PAYLOAD_ACCEPTED seq=109 mode=0\r\n
2026-09-01T15:06:32.916311+00:00	5b4f42435d205041594c4f41445f5354415455532073746174653d4f4e4c494e4520706f6c6c733d313130206f6b3d3131302074696d656f75743d30206372633d30207365713d30207265636f766572793d30206865617274626561743d4f4b207761746368646f673d4f4b0d0a	[OBC] PAYLOAD_STATUS state=ONLINE polls=110 ok=110 timeout=0 crc=0 seq=0 recovery=0 heartbeat=OK watchdog=OK\r\n
2026-09-01T15:06:32.974551+00:00	5b4f42435d205041594c4f41445f4143434550544544207365713d313130206d6f64653d300d0a	[OBC] PAYLOAD_ACCEPTED seq=110 mode=0\r\n
2026-09-01T15:06:33.471280+00:00	5b4f42435d205041594c4f41445f4143434550544544207365713d313131206d6f64653d300d0a	[OBC] PAYLOAD_ACCEPTED seq=111 mode=0\r\n
2026-09-01T15:06:33.904936+00:00	5b4f42435d205041594c4f41445f4143434550544544207365713d313132206d6f64653d300d0a	[OBC] PAYLOAD_ACCEPTED seq=112 mode=0\r\n
2026-09-01T15:06:34.460126+00:00	5b4f42435d205041594c4f41445f4143434550544544207365713d313133206d6f64653d300d0a	[OBC] PAYLOAD_ACCEPTED seq=113 mode=0\r\n
2026-09-01T15:06:34.894804+00:00	5b4f42435d205041594c4f41445f4143434550544544207365713d313134206d6f64653d300d0a	[OBC] PAYLOAD_ACCEPTED seq=114 mode=0\r\n
2026-09-01T15:06:35.391413+00:00	5b4f42435d205041594c4f41445f4143434550544544207365713d313135206d6f64653d300d0a	[OBC] PAYLOAD_ACCEPTED seq=115 mode=0\r\n
2026-09-01T15:06:35.887710+00:00	5b4f42435d205041594c4f41445f4143434550544544207365713d313136206d6f64653d300d0a	[OBC] PAYLOAD_ACCEPTED seq=116 mode=0\r\n
2026-09-01T15:06:36.385959+00:00	5b4f42435d205041594c4f41445f4143434550544544207365713d313137206d6f64653d300d0a	[OBC] PAYLOAD_ACCEPTED seq=117 mode=0\r\n
2026-09-01T15:06:36.877188+00:00	5b4f42435d205041594c4f41445f4143434550544544207365713d313138206d6f64653d300d0a	[OBC] PAYLOAD_ACCEPTED seq=118 mode=0\r\n
2026-09-01T15:06:37.373586+00:00	5b4f42435d205041594c4f41445f4143434550544544207365713d313139206d6f64653d300d0a	[OBC] PAYLOAD_ACCEPTED seq=119 mode=0\r\n
2026-09-01T15:06:37.852231+00:00	5b4f42435d205041594c4f41445f5354415455532073746174653d4f4e4c494e4520706f6c6c733d313230206f6b3d3132302074696d656f75743d30206372633d30207365713d30207265636f766572793d30206865617274626561743d4f4b207761746368646f673d4f4b0d0a	[OBC] PAYLOAD_STATUS state=ONLINE polls=120 ok=120 timeout=0 crc=0 seq=0 recovery=0 heartbeat=OK watchdog=OK\r\n
2026-09-01T15:06:37.917376+00:00	5b4f42435d205041594c4f41445f4143434550544544207365713d313230206d6f64653d300d0a	[OBC] PAYLOAD_ACCEPTED seq=120 mode=0\r\n
2026-09-01T15:06:38.352222+00:00	5b4f42435d205041594c4f41445f4143434550544544207365713d313231206d6f64653d300d0a	[OBC] PAYLOAD_ACCEPTED seq=121 mode=0\r\n
2026-09-01T15:06:38.848900+00:00	5b4f42435d205041594c4f41445f4143434550544544207365713d313232206d6f64653d300d0a	[OBC] PAYLOAD_ACCEPTED seq=122 mode=0\r\n
2026-09-01T15:06:39.342546+00:00	5b4f42435d205041594c4f41445f4143434550544544207365713d313233206d6f64653d300d0a	[OBC] PAYLOAD_ACCEPTED seq=123 mode=0\r\n
2026-09-01T15:06:39.837912+00:00	5b4f42435d205041594c4f41445f4143434550544544207365713d313234206d6f64653d300d0a	[OBC] PAYLOAD_ACCEPTED seq=124 mode=0\r\n
2026-09-01T15:06:40.333334+00:00	5b4f42435d205041594c4f41445f4143434550544544207365713d313235206d6f64653d300d0a	[OBC] PAYLOAD_ACCEPTED seq=125 mode=0\r\n
2026-09-01T15:06:40.830867+00:00	5b4f42435d205041594c4f41445f4143434550544544207365713d313236206d6f64653d300d0a	[OBC] PAYLOAD_ACCEPTED seq=126 mode=0\r\n
2026-09-01T15:06:41.328350+00:00	5b4f42435d205041594c4f41445f4143434550544544207365713d313237206d6f64653d300d0a	[OBC] PAYLOAD_ACCEPTED seq=127 mode=0\r\n
2026-09-01T15:06:41.826433+00:00	5b4f42435d205041594c4f41445f4143434550544544207365713d313238206d6f64653d300d0a	[OBC] PAYLOAD_ACCEPTED seq=128 mode=0\r\n
2026-09-01T15:06:42.323738+00:00	5b4f42435d205041594c4f41445f4143434550544544207365713d313239206d6f64653d300d0a	[OBC] PAYLOAD_ACCEPTED seq=129 mode=0\r\n
2026-09-01T15:06:42.791911+00:00	5b4f42435d205041594c4f41445f5354415455532073746174653d4f4e4c494e4520706f6c6c733d313330206f6b3d3133302074696d656f75743d30206372633d30207365713d30207265636f766572793d30206865617274626561743d4f4b207761746368646f673d4f4b0d0a	[OBC] PAYLOAD_STATUS state=ONLINE polls=130 ok=130 timeout=0 crc=0 seq=0 recovery=0 heartbeat=OK watchdog=OK\r\n
2026-09-01T15:06:42.849956+00:00	5b4f42435d205041594c4f41445f4143434550544544207365713d313330206d6f64653d300d0a	[OBC] PAYLOAD_ACCEPTED seq=130 mode=0\r\n
2026-09-01T15:06:43.341546+00:00	5b4f42435d205041594c4f41445f4143434550544544207365713d313331206d6f64653d300d0a	[OBC] PAYLOAD_ACCEPTED seq=131 mode=0\r\n
2026-09-01T15:06:43.838197+00:00	5b4f42435d205041594c4f41445f4143434550544544207365713d313332206d6f64653d300d0a	[OBC] PAYLOAD_ACCEPTED seq=132 mode=0\r\n
2026-09-01T15:06:44.332979+00:00	5b4f42435d205041594c4f41445f4143434550544544207365713d313333206d6f64653d300d0a	[OBC] PAYLOAD_ACCEPTED seq=133 mode=0\r\n
2026-09-01T15:06:44.829411+00:00	5b4f42435d205041594c4f41445f4143434550544544207365713d313334206d6f64653d300d0a	[OBC] PAYLOAD_ACCEPTED seq=134 mode=0\r\n
2026-09-01T15:06:45.264442+00:00	5b4f42435d205041594c4f41445f4143434550544544207365713d313335206d6f64653d300d0a	[OBC] PAYLOAD_ACCEPTED seq=135 mode=0\r\n
2026-09-01T15:06:45.758005+00:00	5b4f42435d205041594c4f41445f4143434550544544207365713d313336206d6f64653d300d0a	[OBC] PAYLOAD_ACCEPTED seq=136 mode=0\r\n
2026-09-01T15:06:46.254239+00:00	5b4f42435d205041594c4f41445f4143434550544544207365713d313337206d6f64653d300d0a	[OBC] PAYLOAD_ACCEPTED seq=137 mode=0\r\n
2026-09-01T15:06:46.749570+00:00	5b4f42435d205041594c4f41445f4143434550544544207365713d313338206d6f64653d300d0a	[OBC] PAYLOAD_ACCEPTED seq=138 mode=0\r\n
2026-09-01T15:06:47.245755+00:00	5b4f42435d205041594c4f41445f4143434550544544207365713d313339206d6f64653d300d0a	[OBC] PAYLOAD_ACCEPTED seq=139 mode=0\r\n
2026-09-01T15:06:47.728654+00:00	5b4f42435d205041594c4f41445f5354415455532073746174653d4f4e4c494e4520706f6c6c733d313430206f6b3d3134302074696d656f75743d30206372633d30207365713d30207265636f766572793d30206865617274626561743d4f4b207761746368646f673d4f4b0d0a	[OBC] PAYLOAD_STATUS state=ONLINE polls=140 ok=140 timeout=0 crc=0 seq=0 recovery=0 heartbeat=OK watchdog=OK\r\n
2026-09-01T15:06:47.788352+00:00	5b4f42435d205041594c4f41445f4143434550544544207365713d313430206d6f64653d300d0a	[OBC] PAYLOAD_ACCEPTED seq=140 mode=0\r\n
2026-09-01T15:06:48.224005+00:00	5b4f42435d205041594c4f41445f4143434550544544207365713d313431206d6f64653d300d0a	[OBC] PAYLOAD_ACCEPTED seq=141 mode=0\r\n
2026-09-01T15:06:48.718550+00:00	5b4f42435d205041594c4f41445f4143434550544544207365713d313432206d6f64653d300d0a	[OBC] PAYLOAD_ACCEPTED seq=142 mode=0\r\n
2026-09-01T15:06:49.216086+00:00	5b4f42435d205041594c4f41445f4143434550544544207365713d313433206d6f64653d300d0a	[OBC] PAYLOAD_ACCEPTED seq=143 mode=0\r\n
2026-09-01T15:06:49.708486+00:00	5b4f42435d205041594c4f41445f4143434550544544207365713d313434206d6f64653d300d0a	[OBC] PAYLOAD_ACCEPTED seq=144 mode=0\r\n
2026-09-01T15:06:50.206499+00:00	5b4f42435d205041594c4f41445f4143434550544544207365713d313435206d6f64653d300d0a	[OBC] PAYLOAD_ACCEPTED seq=145 mode=0\r\n
2026-09-01T15:06:50.705630+00:00	5b4f42435d205041594c4f41445f4143434550544544207365713d313436206d6f64653d300d0a	[OBC] PAYLOAD_ACCEPTED seq=146 mode=0\r\n
2026-09-01T15:06:51.201531+00:00	5b4f42435d205041594c4f41445f4143434550544544207365713d313437206d6f64653d300d0a	[OBC] PAYLOAD_ACCEPTED seq=147 mode=0\r\n
2026-09-01T15:06:51.698775+00:00	5b4f42435d205041594c4f41445f4143434550544544207365713d313438206d6f64653d300d0a	[OBC] PAYLOAD_ACCEPTED seq=148 mode=0\r\n
2026-09-01T15:06:52.195537+00:00	5b4f42435d205041594c4f41445f4143434550544544207365713d313439206d6f64653d300d0a	[OBC] PAYLOAD_ACCEPTED seq=149 mode=0\r\n
2026-09-01T15:06:52.662631+00:00	5b4f42435d205041594c4f41445f5354415455532073746174653d4f4e4c494e4520706f6c6c733d313530206f6b3d3135302074696d656f75743d30206372633d30207365713d30207265636f766572793d30206865617274626561743d4f4b207761746368646f673d4f4b0d0a	[OBC] PAYLOAD_STATUS state=ONLINE polls=150 ok=150 timeout=0 crc=0 seq=0 recovery=0 heartbeat=OK watchdog=OK\r\n
2026-09-01T15:06:52.725633+00:00	5b4f42435d205041594c4f41445f4143434550544544207365713d313530206d6f64653d300d0a	[OBC] PAYLOAD_ACCEPTED seq=150 mode=0\r\n
2026-09-01T15:06:53.266218+00:00	5b4f42435d205041594c4f41445f54494d454f555420636f6e73656375746976653d310d0a	[OBC] PAYLOAD_TIMEOUT consecutive=1\r\n
2026-09-01T15:06:53.316969+00:00	5b4f42435d205041594c4f41445f52454a45435420726561736f6e3d53455155454e43450d0a	[OBC] PAYLOAD_REJECT reason=SEQUENCE\r\n
2026-09-01T15:06:53.751062+00:00	5b4f42435d205041594c4f41445f54494d454f555420636f6e73656375746976653d320d0a	[OBC] PAYLOAD_TIMEOUT consecutive=2\r\n
2026-09-01T15:06:54.250722+00:00	5b4f42435d205041594c4f41445f4f46464c494e4520636f6e73656375746976653d33206865617274626561743d4f4b207761746368646f673d4f4b0d0a	[OBC] PAYLOAD_OFFLINE consecutive=3 heartbeat=OK watchdog=OK\r\n
2026-09-01T15:06:57.106530+00:00	5b4f42435d205041594c4f41445f4143434550544544207365713d313539206d6f64653d300d0a	[OBC] PAYLOAD_ACCEPTED seq=159 mode=0\r\n
2026-09-01T15:06:57.163898+00:00	5b4f42435d205041594c4f41445f5245434f5645524544207265636f7665726965733d310d0a	[OBC] PAYLOAD_RECOVERED recoveries=1\r\n
2026-09-01T15:06:57.597582+00:00	5b4f42435d205041594c4f41445f5354415455532073746174653d4f4e4c494e4520706f6c6c733d313630206f6b3d3135322074696d656f75743d38206372633d30207365713d38207265636f766572793d31206865617274626561743d4f4b207761746368646f673d4f4b0d0a	[OBC] PAYLOAD_STATUS state=ONLINE polls=160 ok=152 timeout=8 crc=0 seq=8 recovery=1 heartbeat=OK watchdog=OK\r\n
2026-09-01T15:06:57.648108+00:00	5b4f42435d205041594c4f41445f4143434550544544207365713d313630206d6f64653d300d0a	[OBC] PAYLOAD_ACCEPTED seq=160 mode=0\r\n
2026-09-01T15:06:58.143392+00:00	5b4f42435d205041594c4f41445f4143434550544544207365713d313631206d6f64653d300d0a	[OBC] PAYLOAD_ACCEPTED seq=161 mode=0\r\n
2026-09-01T15:06:58.641412+00:00	5b4f42435d205041594c4f41445f4143434550544544207365713d313632206d6f64653d300d0a	[OBC] PAYLOAD_ACCEPTED seq=162 mode=0\r\n
2026-09-01T15:06:59.139522+00:00	5b4f42435d205041594c4f41445f4143434550544544207365713d313633206d6f64653d300d0a	[OBC] PAYLOAD_ACCEPTED seq=163 mode=0\r\n
2026-09-01T15:06:59.634836+00:00	5b4f42435d205041594c4f41445f4143434550544544207365713d313634206d6f64653d300d0a	[OBC] PAYLOAD_ACCEPTED seq=164 mode=0\r\n
2026-09-01T15:07:00.069683+00:00	5b4f42435d205041594c4f41445f4143434550544544207365713d313635206d6f64653d300d0a	[OBC] PAYLOAD_ACCEPTED seq=165 mode=0\r\n
2026-09-01T15:07:00.565503+00:00	5b4f42435d205041594c4f41445f4143434550544544207365713d313636206d6f64653d300d0a	[OBC] PAYLOAD_ACCEPTED seq=166 mode=0\r\n
2026-09-01T15:07:01.064181+00:00	5b4f42435d205041594c4f41445f4143434550544544207365713d313637206d6f64653d300d0a	[OBC] PAYLOAD_ACCEPTED seq=167 mode=0\r\n
2026-09-01T15:07:01.563581+00:00	5b4f42435d205041594c4f41445f4143434550544544207365713d313638206d6f64653d300d0a	[OBC] PAYLOAD_ACCEPTED seq=168 mode=0\r\n
2026-09-01T15:07:02.058057+00:00	5b4f42435d205041594c4f41445f4143434550544544207365713d313639206d6f64653d300d0a	[OBC] PAYLOAD_ACCEPTED seq=169 mode=0\r\n
2026-09-01T15:07:02.533670+00:00	5b4f42435d205041594c4f41445f5354415455532073746174653d4f4e4c494e4520706f6c6c733d313730206f6b3d3136322074696d656f75743d38206372633d30207365713d38207265636f766572793d31206865617274626561743d4f4b207761746368646f673d4f4b0d0a	[OBC] PAYLOAD_STATUS state=ONLINE polls=170 ok=162 timeout=8 crc=0 seq=8 recovery=1 heartbeat=OK watchdog=OK\r\n
2026-09-01T15:07:02.559193+00:00	5b4f42435d205041594c4f41445f41434345	[OBC] PAYLOAD_ACCE
