2026-08-30T14:01:06.697966+00:00	4f41445f4143434550544544207365713d35313030206d6f64653d300d0a	OAD_ACCEPTED seq=5100 mode=0\r\n
2026-08-30T14:01:07.194546+00:00	5b4f42435d205041594c4f41445f4143434550544544207365713d35313031206d6f64653d300d0a	[OBC] PAYLOAD_ACCEPTED seq=5101 mode=0\r\n
2026-08-30T14:01:07.692863+00:00	5b4f42435d205041594c4f41445f4143434550544544207365713d35313032206d6f64653d300d0a	[OBC] PAYLOAD_ACCEPTED seq=5102 mode=0\r\n
2026-08-30T14:01:08.190334+00:00	5b4f42435d205041594c4f41445f4143434550544544207365713d35313033206d6f64653d300d0a	[OBC] PAYLOAD_ACCEPTED seq=5103 mode=0\r\n
2026-08-30T14:01:08.686486+00:00	5b4f42435d205041594c4f41445f4143434550544544207365713d35313034206d6f64653d300d0a	[OBC] PAYLOAD_ACCEPTED seq=5104 mode=0\r\n
2026-08-30T14:01:09.182686+00:00	5b4f42435d205041594c4f41445f4143434550544544207365713d35313035206d6f64653d300d0a	[OBC] PAYLOAD_ACCEPTED seq=5105 mode=0\r\n
2026-08-30T14:01:09.678413+00:00	5b4f42435d205041594c4f41445f4143434550544544207365713d35313036206d6f64653d300d0a	[OBC] PAYLOAD_ACCEPTED seq=5106 mode=0\r\n
2026-08-30T14:01:10.172127+00:00	5b4f42435d205041594c4f41445f4143434550544544207365713d35313037206d6f64653d300d0a	[OBC] PAYLOAD_ACCEPTED seq=5107 mode=0\r\n
2026-08-30T14:01:10.670205+00:00	5b4f42435d205041594c4f41445f4143434550544544207365713d35313038206d6f64653d300d0a	[OBC] PAYLOAD_ACCEPTED seq=5108 mode=0\r\n
2026-08-30T14:01:11.166450+00:00	5b4f42435d205041594c4f41445f4143434550544544207365713d35313039206d6f64653d300d0a	[OBC] PAYLOAD_ACCEPTED seq=5109 mode=0\r\n
2026-08-30T14:01:11.622488+00:00	5b4f42435d205041594c4f41445f5354415455532073746174653d4f4e4c494e4520706f6c6c733d35313130206f6b3d333437362074696d656f75743d31363334206372633d30207365713d31363137207265636f766572793d36206865617274626561743d4f4b207761746368646f673d4f4b0d0a	[OBC] PAYLOAD_STATUS state=ONLINE polls=5110 ok=3476 timeout=1634 crc=0 seq=1617 recovery=6 heartbeat=OK watchdog=OK\r\n
2026-08-30T14:01:11.673532+00:00	5b4f42435d205041594c4f41445f4143434550544544207365713d35313130206d6f64653d300d0a	[OBC] PAYLOAD_ACCEPTED seq=5110 mode=0\r\n
2026-08-30T14:01:12.169008+00:00	5b4f42435d205041594c4f41445f4143434550544544207365713d35313131206d6f64653d300d0a	[OBC] PAYLOAD_ACCEPTED seq=5111 mode=0\r\n
2026-08-30T14:01:12.664646+00:00	5b4f42435d205041594c4f41445f4143434550544544207365713d35313132206d6f64653d300d0a	[OBC] PAYLOAD_ACCEPTED seq=5112 mode=0\r\n
2026-08-30T14:01:13.157075+00:00	5b4f42435d205041594c4f41445f4143434550544544207365713d35313133206d6f64653d300d0a	[OBC] PAYLOAD_ACCEPTED seq=5113 mode=0\r\n
2026-08-30T14:01:13.654898+00:00	5b4f42435d205041594c4f41445f4143434550544544207365713d35313134206d6f64653d300d0a	[OBC] PAYLOAD_ACCEPTED seq=5114 mode=0\r\n
2026-08-30T14:01:14.146449+00:00	5b4f42435d205041594c4f41445f4143434550544544207365713d35313135206d6f64653d300d0a	[OBC] PAYLOAD_ACCEPTED seq=5115 mode=0\r\n
2026-08-30T14:01:14.643002+00:00	5b4f42435d205041594c4f41445f4143434550544544207365713d35313136206d6f64653d300d0a	[OBC] PAYLOAD_ACCEPTED seq=5116 mode=0\r\n
2026-08-30T14:01:15.136446+00:00	5b4f42435d205041594c4f41445f4143434550544544207365713d35313137206d6f64653d300d0a	[OBC] PAYLOAD_ACCEPTED seq=5117 mode=0\r\n
2026-08-30T14:01:15.632825+00:00	5b4f42435d205041594c4f41445f4143434550544544207365713d35313138206d6f64653d300d0a	[OBC] PAYLOAD_ACCEPTED seq=5118 mode=0\r\n
2026-08-30T14:01:16.129067+00:00	5b4f42435d205041594c4f41445f4143434550544544207365713d35313139206d6f64653d300d0a	[OBC] PAYLOAD_ACCEPTED seq=5119 mode=0\r\n
2026-08-30T14:01:16.613098+00:00	5b4f42435d205041594c4f41445f5354415455532073746174653d4f4e4c494e4520706f6c6c733d35313230206f6b3d333438362074696d656f75743d31363334206372633d30207365713d31363137207265636f766572793d36206865617274626561743d4f4b207761746368646f673d4f4b0d0a	[OBC] PAYLOAD_STATUS state=ONLINE polls=5120 ok=3486 timeout=1634 crc=0 seq=1617 recovery=6 heartbeat=OK watchdog=OK\r\n
2026-08-30T14:01:16.673006+00:00	5b4f42435d205041594c4f41445f4143434550544544207365713d35313230206d6f64653d300d0a	[OBC] PAYLOAD_ACCEPTED seq=5120 mode=0\r\n
2026-08-30T14:01:17.231719+00:00	5b4f42435d205041594c4f41445f54494d454f555420636f6e73656375746976653d310d0a	[OBC] PAYLOAD_TIMEOUT consecutive=1\r\n
2026-08-30T14:01:17.292955+00:00	5b4f42435d205041594c4f41445f52454a45435420726561736f6e3d53455155454e43450d0a	[OBC] PAYLOAD_REJECT reason=SEQUENCE\r\n
2026-08-30T14:01:17.727154+00:00	5b4f42435d205041594c4f41445f54494d454f555420636f6e73656375746976653d320d0a	[OBC] PAYLOAD_TIMEOUT consecutive=2\r\n
2026-08-30T14:01:18.223760+00:00	5b4f42435d205041594c4f41445f4f46464c494e4520636f6e73656375746976653d33206865617274626561743d4f4b207761746368646f673d4f4b0d0a	[OBC] PAYLOAD_OFFLINE consecutive=3 heartbeat=OK watchdog=OK\r\n
2026-08-30T14:01:21.106003+00:00	5b4f42435d205041594c4f41445f4143434550544544207365713d35313239206d6f64653d300d0a	[OBC] PAYLOAD_ACCEPTED seq=5129 mode=0\r\n
2026-08-30T14:01:21.170241+00:00	5b4f42435d205041594c4f41445f5245434f5645524544207265636f7665726965733d370d0a	[OBC] PAYLOAD_RECOVERED recoveries=7\r\n
2026-08-30T14:01:21.600641+00:00	5b4f42435d205041594c4f41445f5354415455532073746174653d4f4e4c494e4520706f6c6c733d35313330206f6b3d333438382074696d656f75743d31363432206372633d30207365713d31363235207265636f766572793d37206865617274626561743d4f4b207761746368646f673d4f4b0d0a	[OBC] PAYLOAD_STATUS state=ONLINE polls=5130 ok=3488 timeout=1642 crc=0 seq=1625 recovery=7 heartbeat=OK watchdog=OK\r\n
2026-08-30T14:01:21.651704+00:00	5b4f42435d205041594c4f41445f4143434550544544207365713d35313330206d6f64653d300d0a	[OBC] PAYLOAD_ACCEPTED seq=5130 mode=0\r\n
2026-08-30T14:01:22.146850+00:00	5b4f42435d205041594c4f41445f4143434550544544207365713d35313331206d6f64653d300d0a	[OBC] PAYLOAD_ACCEPTED seq=5131 mode=0\r\n
2026-08-30T14:01:22.641073+00:00	5b4f42435d205041594c4f41445f4143434550544544207365713d35313332206d6f64653d300d0a	[OBC] PAYLOAD_ACCEPTED seq=5132 mode=0\r\n
2026-08-30T14:01:23.136615+00:00	5b4f42435d205041594c4f41445f4143434550544544207365713d35313333206d6f64653d300d0a	[OBC] PAYLOAD_ACCEPTED seq=5133 mode=0\r\n
2026-08-30T14:01:23.628549+00:00	5b4f42435d205041594c4f41445f4143434550544544207365713d35313334206d6f64653d300d0a	[OBC] PAYLOAD_ACCEPTED seq=5134 mode=0\r\n
2026-08-30T14:01:24.126194+00:00	5b4f42435d205041594c4f41445f4143434550544544207365713d35313335206d6f64653d300d0a	[OBC] PAYLOAD_ACCEPTED seq=5135 mode=0\r\n
2026-08-30T14:01:24.621749+00:00	5b4f42435d205041594c4f41445f4143434550544544207365713d35313336206d6f64653d300d0a	[OBC] PAYLOAD_ACCEPTED seq=5136 mode=0\r\n
2026-08-30T14:01:25.116720+00:00	5b4f42435d205041594c4f41445f4143434550544544207365713d35313337206d6f64653d300d0a	[OBC] PAYLOAD_ACCEPTED seq=5137 mode=0\r\n
2026-08-30T14:01:25.611856+00:00	5b4f42435d205041594c4f41445f4143434550544544207365713d35313338206d6f64653d300d0a	[OBC] PAYLOAD_ACCEPTED seq=5138 mode=0\r\n
2026-08-30T14:01:26.108705+00:00	5b4f42435d205041594c4f41445f4143434550544544207365713d35313339206d6f64653d300d0a	[OBC] PAYLOAD_ACCEPTED seq=5139 mode=0\r\n
2026-08-30T14:01:26.587987+00:00	5b4f42435d205041594c4f41445f5354415455532073746174653d4f4e4c494e4520706f6c6c733d35313430206f6b3d333439382074696d656f75743d31363432206372633d30207365713d31363235207265636f766572793d37206865617274626561743d4f4b207761746368646f673d4f4b0d0a	[OBC] PAYLOAD_STATUS state=ONLINE polls=5140 ok=3498 timeout=1642 crc=0 seq=1625 recovery=7 heartbeat=OK watchdog=OK\r\n
2026-08-30T14:01:26.610776+00:00	5b4f42435d205041594c	[OBC] PAYL
