2026-08-30T14:05:26.117961+00:00	4c4f41445f4143434550544544207365713d35363230206d6f64653d300d0a	LOAD_ACCEPTED seq=5620 mode=0\r\n
2026-08-30T14:05:26.614490+00:00	5b4f42435d205041594c4f41445f4143434550544544207365713d35363231206d6f64653d300d0a	[OBC] PAYLOAD_ACCEPTED seq=5621 mode=0\r\n
2026-08-30T14:05:27.110126+00:00	5b4f42435d205041594c4f41445f4143434550544544207365713d35363232206d6f64653d300d0a	[OBC] PAYLOAD_ACCEPTED seq=5622 mode=0\r\n
2026-08-30T14:05:27.606794+00:00	5b4f42435d205041594c4f41445f4143434550544544207365713d35363233206d6f64653d300d0a	[OBC] PAYLOAD_ACCEPTED seq=5623 mode=0\r\n
2026-08-30T14:05:28.103985+00:00	5b4f42435d205041594c4f41445f4143434550544544207365713d35363234206d6f64653d300d0a	[OBC] PAYLOAD_ACCEPTED seq=5624 mode=0\r\n
2026-08-30T14:05:28.602222+00:00	5b4f42435d205041594c4f41445f4143434550544544207365713d35363235206d6f64653d300d0a	[OBC] PAYLOAD_ACCEPTED seq=5625 mode=0\r\n
2026-08-30T14:05:29.097039+00:00	5b4f42435d205041594c4f41445f4143434550544544207365713d35363236206d6f64653d300d0a	[OBC] PAYLOAD_ACCEPTED seq=5626 mode=0\r\n
2026-08-30T14:05:29.595387+00:00	5b4f42435d205041594c4f41445f4143434550544544207365713d35363237206d6f64653d300d0a	[OBC] PAYLOAD_ACCEPTED seq=5627 mode=0\r\n
2026-08-30T14:05:30.091268+00:00	5b4f42435d205041594c4f41445f4143434550544544207365713d35363238206d6f64653d300d0a	[OBC] PAYLOAD_ACCEPTED seq=5628 mode=0\r\n
2026-08-30T14:05:30.587877+00:00	5b4f42435d205041594c4f41445f4143434550544544207365713d35363239206d6f64653d300d0a	[OBC] PAYLOAD_ACCEPTED seq=5629 mode=0\r\n
2026-08-30T14:05:31.048997+00:00	5b4f42435d205041594c4f41445f5354415455532073746174653d4f4e4c494e4520706f6c6c733d35363330206f6b3d333933392074696d656f75743d31363931206372633d31207365713d31363733207265636f766572793d3133206865617274626561743d4f4b207761746368646f673d4f4b0d0a	[OBC] PAYLOAD_STATUS state=ONLINE polls=5630 ok=3939 timeout=1691 crc=1 seq=1673 recovery=13 heartbeat=OK watchdog=OK\r\n
2026-08-30T14:05:31.100298+00:00	5b4f42435d205041594c4f41445f4143434550544544207365713d35363330206d6f64653d300d0a	[OBC] PAYLOAD_ACCEPTED seq=5630 mode=0\r\n
2026-08-30T14:05:31.595631+00:00	5b4f42435d205041594c4f41445f4143434550544544207365713d35363331206d6f64653d300d0a	[OBC] PAYLOAD_ACCEPTED seq=5631 mode=0\r\n
2026-08-30T14:05:32.091611+00:00	5b4f42435d205041594c4f41445f4143434550544544207365713d35363332206d6f64653d300d0a	[OBC] PAYLOAD_ACCEPTED seq=5632 mode=0\r\n
2026-08-30T14:05:32.586287+00:00	5b4f42435d205041594c4f41445f4143434550544544207365713d35363333206d6f64653d300d0a	[OBC] PAYLOAD_ACCEPTED seq=5633 mode=0\r\n
2026-08-30T14:05:33.082567+00:00	5b4f42435d205041594c4f41445f4143434550544544207365713d35363334206d6f64653d300d0a	[OBC] PAYLOAD_ACCEPTED seq=5634 mode=0\r\n
2026-08-30T14:05:33.575901+00:00	5b4f42435d205041594c4f41445f4143434550544544207365713d35363335206d6f64653d300d0a	[OBC] PAYLOAD_ACCEPTED seq=5635 mode=0\r\n
2026-08-30T14:05:34.069185+00:00	5b4f42435d205041594c4f41445f4143434550544544207365713d35363336206d6f64653d300d0a	[OBC] PAYLOAD_ACCEPTED seq=5636 mode=0\r\n
2026-08-30T14:05:34.563949+00:00	5b4f42435d205041594c4f41445f4143434550544544207365713d35363337206d6f64653d300d0a	[OBC] PAYLOAD_ACCEPTED seq=5637 mode=0\r\n
2026-08-30T14:05:35.057605+00:00	5b4f42435d205041594c4f41445f4143434550544544207365713d35363338206d6f64653d300d0a	[OBC] PAYLOAD_ACCEPTED seq=5638 mode=0\r\n
2026-08-30T14:05:35.552107+00:00	5b4f42435d205041594c4f41445f4143434550544544207365713d35363339206d6f64653d300d0a	[OBC] PAYLOAD_ACCEPTED seq=5639 mode=0\r\n
2026-08-30T14:05:36.039065+00:00	5b4f42435d205041594c4f41445f5354415455532073746174653d4f4e4c494e4520706f6c6c733d35363430206f6b3d333934392074696d656f75743d31363931206372633d31207365713d31363733207265636f766572793d3133206865617274626561743d4f4b207761746368646f673d4f4b0d0a	[OBC] PAYLOAD_STATUS state=ONLINE polls=5640 ok=3949 timeout=1691 crc=1 seq=1673 recovery=13 heartbeat=OK watchdog=OK\r\n
2026-08-30T14:05:36.096793+00:00	5b4f42435d205041594c4f41445f4143434550544544207365713d35363430206d6f64653d300d0a	[OBC] PAYLOAD_ACCEPTED seq=5640 mode=0\r\n
2026-08-30T14:05:36.596737+00:00	5b4f42435d205041594c4f41445f52454a45435420726561736f6e3d4352430d0a	[OBC] PAYLOAD_REJECT reason=CRC\r\n
2026-08-30T14:05:36.659324+00:00	5b4f42435d205041594c4f41445f54494d454f555420636f6e73656375746976653d310d0a	[OBC] PAYLOAD_TIMEOUT consecutive=1\r\n
2026-08-30T14:05:37.155878+00:00	5b4f42435d205041594c4f41445f54494d454f555420636f6e73656375746976653d320d0a	[OBC] PAYLOAD_TIMEOUT consecutive=2\r\n
2026-08-30T14:05:37.650961+00:00	5b4f42435d205041594c4f41445f4f46464c494e4520636f6e73656375746976653d33206865617274626561743d4f4b207761746368646f673d4f4b0d0a	[OBC] PAYLOAD_OFFLINE consecutive=3 heartbeat=OK watchdog=OK\r\n
2026-08-30T14:05:38.039282+00:00	5b4f42435d205041594c4f41445f4143434550544544207365713d35363434206d6f64653d300d0a	[OBC] PAYLOAD_ACCEPTED seq=5644 mode=0\r\n
2026-08-30T14:05:38.101347+00:00	5b4f42435d205041594c4f41445f5245434f5645524544207265636f7665726965733d31340d0a	[OBC] PAYLOAD_RECOVERED recoveries=14\r\n
2026-08-30T14:05:38.594299+00:00	5b4f42435d205041594c4f41445f4143434550544544207365713d35363435206d6f64653d300d0a	[OBC] PAYLOAD_ACCEPTED seq=5645 mode=0\r\n
2026-08-30T14:05:39.090517+00:00	5b4f42435d205041594c4f41445f4143434550544544207365713d35363436206d6f64653d300d0a	[OBC] PAYLOAD_ACCEPTED seq=5646 mode=0\r\n
2026-08-30T14:05:39.584493+00:00	5b4f42435d205041594c4f41445f4143434550544544207365713d35363437206d6f64653d300d0a	[OBC] PAYLOAD_ACCEPTED seq=5647 mode=0\r\n
2026-08-30T14:05:40.079017+00:00	5b4f42435d205041594c4f41445f4143434550544544207365713d35363438206d6f64653d300d0a	[OBC] PAYLOAD_ACCEPTED seq=5648 mode=0\r\n
2026-08-30T14:05:40.571413+00:00	5b4f42435d205041594c4f41445f4143434550544544207365713d35363439206d6f64653d300d0a	[OBC] PAYLOAD_ACCEPTED seq=5649 mode=0\r\n
2026-08-30T14:05:41.027200+00:00	5b4f42435d205041594c4f41445f5354415455532073746174653d4f4e4c494e4520706f6c6c733d35363530206f6b3d333935362074696d656f75743d31363934206372633d34207365713d31363733207265636f766572793d3134206865617274626561743d4f4b207761746368646f673d4f4b0d0a	[OBC] PAYLOAD_STATUS state=ONLINE polls=5650 ok=3956 timeout=1694 crc=4 seq=1673 recovery=14 heartbeat=OK watchdog=OK\r\n
2026-08-30T14:05:41.080907+00:00	5b4f42435d205041594c4f41445f4143434550544544207365713d35363530206d6f64653d300d0a	[OBC] PAYLOAD_ACCEPTED seq=5650 mode=0\r\n
2026-08-30T14:05:41.575829+00:00	5b4f42435d205041594c4f41445f4143434550544544207365713d35363531206d6f64653d300d0a	[OBC] PAYLOAD_ACCEPTED seq=5651 mode=0\r\n
2026-08-30T14:05:42.071968+00:00	5b4f42435d205041594c4f41445f4143434550544544207365713d35363532206d6f64653d300d0a	[OBC] PAYLOAD_ACCEPTED seq=5652 mode=0\r\n
2026-08-30T14:05:42.570708+00:00	5b4f42435d205041594c4f41445f4143434550544544207365713d35363533206d6f64653d300d0a	[OBC] PAYLOAD_ACCEPTED seq=5653 mode=0\r\n
2026-08-30T14:05:43.066161+00:00	5b4f42435d205041594c4f41445f4143434550544544207365713d35363534206d6f64653d300d0a	[OBC] PAYLOAD_ACCEPTED seq=5654 mode=0\r\n
2026-08-30T14:05:43.562680+00:00	5b4f42435d205041594c4f41445f4143434550544544207365713d35363535206d6f64653d300d0a	[OBC] PAYLOAD_ACCEPTED seq=5655 mode=0\r\n
2026-08-30T14:05:44.059114+00:00	5b4f42435d205041594c4f41445f4143434550544544207365713d35363536206d6f64653d300d0a	[OBC] PAYLOAD_ACCEPTED seq=5656 mode=0\r\n
2026-08-30T14:05:44.556614+00:00	5b4f42435d205041594c4f41445f4143434550544544207365713d35363537206d6f64653d300d0a	[OBC] PAYLOAD_ACCEPTED seq=5657 mode=0\r\n
2026-08-30T14:05:45.053031+00:00	5b4f42435d205041594c4f41445f4143434550544544207365713d35363538206d6f64653d300d0a	[OBC] PAYLOAD_ACCEPTED seq=5658 mode=0\r\n
2026-08-30T14:05:45.551114+00:00	5b4f42435d205041594c4f41445f4143434550544544207365713d35363539206d6f64653d300d0a	[OBC] PAYLOAD_ACCEPTED seq=5659 mode=0\r\n
2026-08-30T14:05:46.014082+00:00	5b4f42435d205041594c4f41445f5354415455532073746174653d4f4e4c494e4520706f6c6c733d35363630206f6b3d333936362074696d656f75743d31363934206372633d34207365713d31363733207265636f766572793d3134206865617274626561743d4f4b207761746368646f673d4f4b0d0a	[OBC] PAYLOAD_STATUS state=ONLINE polls=5660 ok=3966 timeout=1694 crc=4 seq=1673 recovery=14 heartbeat=OK watchdog=OK\r\n
2026-08-30T14:05:46.063066+00:00	5b4f42435d20504159	[OBC] PAY
