2026-08-30T13:59:06.982153+00:00	4f41445f4143434550544544207365713d34383630206d6f64653d300d0a	OAD_ACCEPTED seq=4860 mode=0\r\n
2026-08-30T13:59:07.480686+00:00	5b4f42435d205041594c4f41445f4143434550544544207365713d34383631206d6f64653d300d0a	[OBC] PAYLOAD_ACCEPTED seq=4861 mode=0\r\n
2026-08-30T13:59:07.975587+00:00	5b4f42435d205041594c4f41445f4143434550544544207365713d34383632206d6f64653d300d0a	[OBC] PAYLOAD_ACCEPTED seq=4862 mode=0\r\n
2026-08-30T13:59:08.471728+00:00	5b4f42435d205041594c4f41445f4143434550544544207365713d34383633206d6f64653d300d0a	[OBC] PAYLOAD_ACCEPTED seq=4863 mode=0\r\n
2026-08-30T13:59:08.967364+00:00	5b4f42435d205041594c4f41445f4143434550544544207365713d34383634206d6f64653d300d0a	[OBC] PAYLOAD_ACCEPTED seq=4864 mode=0\r\n
2026-08-30T13:59:09.465863+00:00	5b4f42435d205041594c4f41445f4143434550544544207365713d34383635206d6f64653d300d0a	[OBC] PAYLOAD_ACCEPTED seq=4865 mode=0\r\n
2026-08-30T13:59:09.963288+00:00	5b4f42435d205041594c4f41445f4143434550544544207365713d34383636206d6f64653d300d0a	[OBC] PAYLOAD_ACCEPTED seq=4866 mode=0\r\n
2026-08-30T13:59:10.460227+00:00	5b4f42435d205041594c4f41445f4143434550544544207365713d34383637206d6f64653d300d0a	[OBC] PAYLOAD_ACCEPTED seq=4867 mode=0\r\n
2026-08-30T13:59:10.952442+00:00	5b4f42435d205041594c4f41445f4143434550544544207365713d34383638206d6f64653d300d0a	[OBC] PAYLOAD_ACCEPTED seq=4868 mode=0\r\n
2026-08-30T13:59:11.448605+00:00	5b4f42435d205041594c4f41445f4143434550544544207365713d34383639206d6f64653d300d0a	[OBC] PAYLOAD_ACCEPTED seq=4869 mode=0\r\n
2026-08-30T13:59:11.907158+00:00	5b4f42435d205041594c4f41445f5354415455532073746174653d4f4e4c494e4520706f6c6c733d34383730206f6b3d333235322074696d656f75743d31363138206372633d30207365713d31363031207265636f766572793d34206865617274626561743d4f4b207761746368646f673d4f4b0d0a	[OBC] PAYLOAD_STATUS state=ONLINE polls=4870 ok=3252 timeout=1618 crc=0 seq=1601 recovery=4 heartbeat=OK watchdog=OK\r\n
2026-08-30T13:59:11.958890+00:00	5b4f42435d205041594c4f41445f4143434550544544207365713d34383730206d6f64653d300d0a	[OBC] PAYLOAD_ACCEPTED seq=4870 mode=0\r\n
2026-08-30T13:59:12.452489+00:00	5b4f42435d205041594c4f41445f4143434550544544207365713d34383731206d6f64653d300d0a	[OBC] PAYLOAD_ACCEPTED seq=4871 mode=0\r\n
2026-08-30T13:59:12.950109+00:00	5b4f42435d205041594c4f41445f4143434550544544207365713d34383732206d6f64653d300d0a	[OBC] PAYLOAD_ACCEPTED seq=4872 mode=0\r\n
2026-08-30T13:59:13.447244+00:00	5b4f42435d205041594c4f41445f4143434550544544207365713d34383733206d6f64653d300d0a	[OBC] PAYLOAD_ACCEPTED seq=4873 mode=0\r\n
2026-08-30T13:59:13.942817+00:00	5b4f42435d205041594c4f41445f4143434550544544207365713d34383734206d6f64653d300d0a	[OBC] PAYLOAD_ACCEPTED seq=4874 mode=0\r\n
2026-08-30T13:59:14.436419+00:00	5b4f42435d205041594c4f41445f4143434550544544207365713d34383735206d6f64653d300d0a	[OBC] PAYLOAD_ACCEPTED seq=4875 mode=0\r\n
2026-08-30T13:59:14.932479+00:00	5b4f42435d205041594c4f41445f4143434550544544207365713d34383736206d6f64653d300d0a	[OBC] PAYLOAD_ACCEPTED seq=4876 mode=0\r\n
2026-08-30T13:59:15.428578+00:00	5b4f42435d205041594c4f41445f4143434550544544207365713d34383737206d6f64653d300d0a	[OBC] PAYLOAD_ACCEPTED seq=4877 mode=0\r\n
2026-08-30T13:59:15.920655+00:00	5b4f42435d205041594c4f41445f4143434550544544207365713d34383738206d6f64653d300d0a	[OBC] PAYLOAD_ACCEPTED seq=4878 mode=0\r\n
2026-08-30T13:59:16.418076+00:00	5b4f42435d205041594c4f41445f4143434550544544207365713d34383739206d6f64653d300d0a	[OBC] PAYLOAD_ACCEPTED seq=4879 mode=0\r\n
2026-08-30T13:59:16.893885+00:00	5b4f42435d205041594c4f41445f5354415455532073746174653d4f4e4c494e4520706f6c6c733d34383830206f6b3d333236322074696d656f75743d31363138206372633d30207365713d31363031207265636f766572793d34206865617274626561743d4f4b207761746368646f673d4f4b0d0a	[OBC] PAYLOAD_STATUS state=ONLINE polls=4880 ok=3262 timeout=1618 crc=0 seq=1601 recovery=4 heartbeat=OK watchdog=OK\r\n
2026-08-30T13:59:16.946765+00:00	5b4f42435d205041594c4f41445f4143434550544544207365713d34383830206d6f64653d300d0a	[OBC] PAYLOAD_ACCEPTED seq=4880 mode=0\r\n
2026-08-30T13:59:17.495448+00:00	5b4f42435d205041594c4f41445f54494d454f555420636f6e73656375746976653d310d0a	[OBC] PAYLOAD_TIMEOUT consecutive=1\r\n
2026-08-30T13:59:17.550264+00:00	5b4f42435d205041594c4f41445f52454a45435420726561736f6e3d53455155454e43450d0a	[OBC] PAYLOAD_REJECT reason=SEQUENCE\r\n
2026-08-30T13:59:18.047237+00:00	5b4f42435d205041594c4f41445f54494d454f555420636f6e73656375746976653d320d0a	[OBC] PAYLOAD_TIMEOUT consecutive=2\r\n
2026-08-30T13:59:18.542055+00:00	5b4f42435d205041594c4f41445f4f46464c494e4520636f6e73656375746976653d33206865617274626561743d4f4b207761746368646f673d4f4b0d0a	[OBC] PAYLOAD_OFFLINE consecutive=3 heartbeat=OK watchdog=OK\r\n
2026-08-30T13:59:21.387869+00:00	5b4f42435d205041594c4f41445f4143434550544544207365713d34383839206d6f64653d300d0a	[OBC] PAYLOAD_ACCEPTED seq=4889 mode=0\r\n
2026-08-30T13:59:21.452570+00:00	5b4f42435d205041594c4f41445f5245434f5645524544207265636f7665726965733d350d0a	[OBC] PAYLOAD_RECOVERED recoveries=5\r\n
2026-08-30T13:59:21.882273+00:00	5b4f42435d205041594c4f41445f5354415455532073746174653d4f4e4c494e4520706f6c6c733d34383930206f6b3d333236342074696d656f75743d31363236206372633d30207365713d31363039207265636f766572793d35206865617274626561743d4f4b207761746368646f673d4f4b0d0a	[OBC] PAYLOAD_STATUS state=ONLINE polls=4890 ok=3264 timeout=1626 crc=0 seq=1609 recovery=5 heartbeat=OK watchdog=OK\r\n
2026-08-30T13:59:21.933285+00:00	5b4f42435d205041594c4f41445f4143434550544544207365713d34383930206d6f64653d300d0a	[OBC] PAYLOAD_ACCEPTED seq=4890 mode=0\r\n
2026-08-30T13:59:22.430971+00:00	5b4f42435d205041594c4f41445f4143434550544544207365713d34383931206d6f64653d300d0a	[OBC] PAYLOAD_ACCEPTED seq=4891 mode=0\r\n
2026-08-30T13:59:22.927454+00:00	5b4f42435d205041594c4f41445f4143434550544544207365713d34383932206d6f64653d300d0a	[OBC] PAYLOAD_ACCEPTED seq=4892 mode=0\r\n
2026-08-30T13:59:23.420675+00:00	5b4f42435d205041594c4f41445f4143434550544544207365713d34383933206d6f64653d300d0a	[OBC] PAYLOAD_ACCEPTED seq=4893 mode=0\r\n
2026-08-30T13:59:23.912756+00:00	5b4f42435d205041594c4f41445f4143434550544544207365713d34383934206d6f64653d300d0a	[OBC] PAYLOAD_ACCEPTED seq=4894 mode=0\r\n
2026-08-30T13:59:24.408190+00:00	5b4f42435d205041594c4f41445f4143434550544544207365713d34383935206d6f64653d300d0a	[OBC] PAYLOAD_ACCEPTED seq=4895 mode=0\r\n
2026-08-30T13:59:24.903767+00:00	5b4f42435d205041594c4f41445f4143434550544544207365713d34383936206d6f64653d300d0a	[OBC] PAYLOAD_ACCEPTED seq=4896 mode=0\r\n
2026-08-30T13:59:25.396723+00:00	5b4f42435d205041594c4f41445f4143434550544544207365713d34383937206d6f64653d300d0a	[OBC] PAYLOAD_ACCEPTED seq=4897 mode=0\r\n
2026-08-30T13:59:25.888659+00:00	5b4f42435d205041594c4f41445f4143434550544544207365713d34383938206d6f64653d300d0a	[OBC] PAYLOAD_ACCEPTED seq=4898 mode=0\r\n
2026-08-30T13:59:26.383825+00:00	5b4f42435d205041594c4f41445f4143434550544544207365713d34383939206d6f64653d300d0a	[OBC] PAYLOAD_ACCEPTED seq=4899 mode=0\r\n
2026-08-30T13:59:26.869062+00:00	5b4f42435d205041594c4f41445f5354415455532073746174653d4f4e4c494e4520706f6c6c733d34393030206f6b3d333237342074696d656f75743d31363236206372633d30207365713d31363039207265636f766572793d35206865617274626561743d4f4b207761746368646f673d4f4b0d0a	[OBC] PAYLOAD_STATUS state=ONLINE polls=4900 ok=3274 timeout=1626 crc=0 seq=1609 recovery=5 heartbeat=OK watchdog=OK\r\n
2026-08-30T13:59:26.902112+00:00	5b4f42435d205041594c	[OBC] PAYL
