2026-08-30T15:23:09.451196+00:00	5b4f42435d205041594c4f41445f4143434550544544207365713d34333635206d6f64653d300d0a	[OBC] PAYLOAD_ACCEPTED seq=4365 mode=0\r\n
2026-08-30T15:23:09.945588+00:00	5b4f42435d205041594c4f41445f4143434550544544207365713d34333636206d6f64653d300d0a	[OBC] PAYLOAD_ACCEPTED seq=4366 mode=0\r\n
2026-08-30T15:23:10.440156+00:00	5b4f42435d205041594c4f41445f4143434550544544207365713d34333637206d6f64653d300d0a	[OBC] PAYLOAD_ACCEPTED seq=4367 mode=0\r\n
2026-08-30T15:23:10.937375+00:00	5b4f42435d205041594c4f41445f4143434550544544207365713d34333638206d6f64653d300d0a	[OBC] PAYLOAD_ACCEPTED seq=4368 mode=0\r\n
2026-08-30T15:23:11.434244+00:00	5b4f42435d205041594c4f41445f4143434550544544207365713d34333639206d6f64653d300d0a	[OBC] PAYLOAD_ACCEPTED seq=4369 mode=0\r\n
2026-08-30T15:23:11.917326+00:00	5b4f42435d205041594c4f41445f5354415455532073746174653d4f4e4c494e4520706f6c6c733d34333730206f6b3d343337302074696d656f75743d30206372633d30207365713d30207265636f766572793d30206865617274626561743d4f4b207761746368646f673d4f4b0d0a	[OBC] PAYLOAD_STATUS state=ONLINE polls=4370 ok=4370 timeout=0 crc=0 seq=0 recovery=0 heartbeat=OK watchdog=OK\r\n
2026-08-30T15:23:11.976638+00:00	5b4f42435d205041594c4f41445f4143434550544544207365713d34333730206d6f64653d300d0a	[OBC] PAYLOAD_ACCEPTED seq=4370 mode=0\r\n
2026-08-30T15:23:12.473131+00:00	5b4f42435d205041594c4f41445f4143434550544544207365713d34333731206d6f64653d300d0a	[OBC] PAYLOAD_ACCEPTED seq=4371 mode=0\r\n
2026-08-30T15:23:12.968401+00:00	5b4f42435d205041594c4f41445f4143434550544544207365713d34333732206d6f64653d300d0a	[OBC] PAYLOAD_ACCEPTED seq=4372 mode=0\r\n
2026-08-30T15:23:13.464294+00:00	5b4f42435d205041594c4f41445f4143434550544544207365713d34333733206d6f64653d300d0a	[OBC] PAYLOAD_ACCEPTED seq=4373 mode=0\r\n
2026-08-30T15:23:13.956645+00:00	5b4f42435d205041594c4f41445f4143434550544544207365713d34333734206d6f64653d300d0a	[OBC] PAYLOAD_ACCEPTED seq=4374 mode=0\r\n
2026-08-30T15:23:14.453208+00:00	5b4f42435d205041594c4f41445f4143434550544544207365713d34333735206d6f64653d300d0a	[OBC] PAYLOAD_ACCEPTED seq=4375 mode=0\r\n
2026-08-30T15:23:14.949155+00:00	5b4f42435d205041594c4f41445f4143434550544544207365713d34333736206d6f64653d300d0a	[OBC] PAYLOAD_ACCEPTED seq=4376 mode=0\r\n
2026-08-30T15:23:15.445283+00:00	5b4f42435d205041594c4f41445f4143434550544544207365713d34333737206d6f64653d300d0a	[OBC] PAYLOAD_ACCEPTED seq=4377 mode=0\r\n
2026-08-30T15:23:15.940946+00:00	5b4f42435d205041594c4f41445f4143434550544544207365713d34333738206d6f64653d300d0a	[OBC] PAYLOAD_ACCEPTED seq=4378 mode=0\r\n
2026-08-30T15:23:16.435468+00:00	5b4f42435d205041594c4f41445f4143434550544544207365713d34333739206d6f64653d300d0a	[OBC] PAYLOAD_ACCEPTED seq=4379 mode=0\r\n
2026-08-30T15:23:16.917592+00:00	5b4f42435d205041594c4f41445f5354415455532073746174653d4f4e4c494e4520706f6c6c733d34333830206f6b3d343338302074696d656f75743d30206372633d30207365713d30207265636f766572793d30206865617274626561743d4f4b207761746368646f673d4f4b0d0a	[OBC] PAYLOAD_STATUS state=ONLINE polls=4380 ok=4380 timeout=0 crc=0 seq=0 recovery=0 heartbeat=OK watchdog=OK\r\n
2026-08-30T15:23:16.977306+00:00	5b4f42435d205041594c4f41445f4143434550544544207365713d34333830206d6f64653d300d0a	[OBC] PAYLOAD_ACCEPTED seq=4380 mode=0\r\n
2026-08-30T15:23:17.529500+00:00	5b4f42435d205041594c4f41445f54494d454f555420636f6e73656375746976653d310d0a	[OBC] PAYLOAD_TIMEOUT consecutive=1\r\n
2026-08-30T15:23:17.593220+00:00	5b4f42435d205041594c4f41445f52454a45435420726561736f6e3d53455155454e43450d0a	[OBC] PAYLOAD_REJECT reason=SEQUENCE\r\n
2026-08-30T15:23:18.027404+00:00	5b4f42435d205041594c4f41445f54494d454f555420636f6e73656375746976653d320d0a	[OBC] PAYLOAD_TIMEOUT consecutive=2\r\n
2026-08-30T15:23:18.523262+00:00	5b4f42435d205041594c4f41445f4f46464c494e4520636f6e73656375746976653d33206865617274626561743d4f4b207761746368646f673d4f4b0d0a	[OBC] PAYLOAD_OFFLINE consecutive=3 heartbeat=OK watchdog=OK\r\n
2026-08-30T15:23:21.421412+00:00	5b4f42435d205041594c4f41445f4143434550544544207365713d34333839206d6f64653d300d0a	[OBC] PAYLOAD_ACCEPTED seq=4389 mode=0\r\n
2026-08-30T15:23:21.473845+00:00	5b4f42435d205041594c4f41445f5245434f5645524544207265636f7665726965733d310d0a	[OBC] PAYLOAD_RECOVERED recoveries=1\r\n
2026-08-30T15:23:21.918745+00:00	5b4f42435d205041594c4f41445f5354415455532073746174653d4f4e4c494e4520706f6c6c733d34333930206f6b3d343338322074696d656f75743d38206372633d30207365713d38207265636f766572793d31206865617274626561743d4f4b207761746368646f673d4f4b0d0a	[OBC] PAYLOAD_STATUS state=ONLINE polls=4390 ok=4382 timeout=8 crc=0 seq=8 recovery=1 heartbeat=OK watchdog=OK\r\n
2026-08-30T15:23:21.969807+00:00	5b4f42435d205041594c4f41445f4143434550544544207365713d34333930206d6f64653d300d0a	[OBC] PAYLOAD_ACCEPTED seq=4390 mode=0\r\n
2026-08-30T15:23:22.464503+00:00	5b4f42435d205041594c4f41445f4143434550544544207365713d34333931206d6f64653d300d0a	[OBC] PAYLOAD_ACCEPTED seq=4391 mode=0\r\n
2026-08-30T15:23:22.960294+00:00	5b4f42435d205041594c4f41445f4143434550544544207365713d34333932206d6f64653d300d0a	[OBC] PAYLOAD_ACCEPTED seq=4392 mode=0\r\n
2026-08-30T15:23:23.456955+00:00	5b4f42435d205041594c4f41445f4143434550544544207365713d34333933206d6f64653d300d0a	[OBC] PAYLOAD_ACCEPTED seq=4393 mode=0\r\n
2026-08-30T15:23:23.952054+00:00	5b4f42435d205041594c4f41445f4143434550544544207365713d34333934206d6f64653d300d0a	[OBC] PAYLOAD_ACCEPTED seq=4394 mode=0\r\n
2026-08-30T15:23:24.450101+00:00	5b4f42435d205041594c4f41445f4143434550544544207365713d34333935206d6f64653d300d0a	[OBC] PAYLOAD_ACCEPTED seq=4395 mode=0\r\n
2026-08-30T15:23:24.946874+00:00	5b4f42435d205041594c4f41445f4143434550544544207365713d34333936206d6f64653d300d0a	[OBC] PAYLOAD_ACCEPTED seq=4396 mode=0\r\n
2026-08-30T15:23:25.441909+00:00	5b4f42435d205041594c4f41445f4143434550544544207365713d34333937206d6f64653d300d0a	[OBC] PAYLOAD_ACCEPTED seq=4397 mode=0\r\n
2026-08-30T15:23:25.936057+00:00	5b4f42435d205041594c4f41445f4143434550544544207365713d34333938206d6f64653d300d0a	[OBC] PAYLOAD_ACCEPTED seq=4398 mode=0\r\n
2026-08-30T15:23:26.433074+00:00	5b4f42435d205041594c4f41445f4143434550544544207365713d34333939206d6f64653d300d0a	[OBC] PAYLOAD_ACCEPTED seq=4399 mode=0\r\n
2026-08-30T15:23:26.918500+00:00	5b4f42435d205041594c4f41445f5354415455532073746174653d4f4e4c494e4520706f6c6c733d34343030206f6b3d343339322074696d656f75743d38206372633d30207365713d38207265636f766572793d31206865617274626561743d4f4b207761746368646f673d4f4b0d0a	[OBC] PAYLOAD_STATUS state=ONLINE polls=4400 ok=4392 timeout=8 crc=0 seq=8 recovery=1 heartbeat=OK watchdog=OK\r\n
2026-08-30T15:23:26.954022+00:00	5b4f42435d205041594c4f41445f4143	[OBC] PAYLOAD_AC
