2026-08-30T13:43:39.185273+00:00	434550544544207365713d33303030206d6f64653d300d0a	CEPTED seq=3000 mode=0\r\n
2026-08-30T13:43:39.682274+00:00	5b4f42435d205041594c4f41445f4143434550544544207365713d33303031206d6f64653d300d0a	[OBC] PAYLOAD_ACCEPTED seq=3001 mode=0\r\n
2026-08-30T13:43:40.177593+00:00	5b4f42435d205041594c4f41445f4143434550544544207365713d33303032206d6f64653d300d0a	[OBC] PAYLOAD_ACCEPTED seq=3002 mode=0\r\n
2026-08-30T13:43:40.673695+00:00	5b4f42435d205041594c4f41445f4143434550544544207365713d33303033206d6f64653d300d0a	[OBC] PAYLOAD_ACCEPTED seq=3003 mode=0\r\n
2026-08-30T13:43:41.167263+00:00	5b4f42435d205041594c4f41445f4143434550544544207365713d33303034206d6f64653d300d0a	[OBC] PAYLOAD_ACCEPTED seq=3004 mode=0\r\n
2026-08-30T13:43:41.660173+00:00	5b4f42435d205041594c4f41445f4143434550544544207365713d33303035206d6f64653d300d0a	[OBC] PAYLOAD_ACCEPTED seq=3005 mode=0\r\n
2026-08-30T13:43:42.158018+00:00	5b4f42435d205041594c4f41445f4143434550544544207365713d33303036206d6f64653d300d0a	[OBC] PAYLOAD_ACCEPTED seq=3006 mode=0\r\n
2026-08-30T13:43:42.652591+00:00	5b4f42435d205041594c4f41445f4143434550544544207365713d33303037206d6f64653d300d0a	[OBC] PAYLOAD_ACCEPTED seq=3007 mode=0\r\n
2026-08-30T13:43:43.146533+00:00	5b4f42435d205041594c4f41445f4143434550544544207365713d33303038206d6f64653d300d0a	[OBC] PAYLOAD_ACCEPTED seq=3008 mode=0\r\n
2026-08-30T13:43:43.640381+00:00	5b4f42435d205041594c4f41445f4143434550544544207365713d33303039206d6f64653d300d0a	[OBC] PAYLOAD_ACCEPTED seq=3009 mode=0\r\n
2026-08-30T13:43:44.110269+00:00	5b4f42435d205041594c4f41445f5354415455532073746174653d4f4e4c494e4520706f6c6c733d33303130206f6b3d333030322074696d656f75743d38206372633d30207365713d38207265636f766572793d31206865617274626561743d4f4b207761746368646f673d4f4b0d0a	[OBC] PAYLOAD_STATUS state=ONLINE polls=3010 ok=3002 timeout=8 crc=0 seq=8 recovery=1 heartbeat=OK watchdog=OK\r\n
2026-08-30T13:43:44.165840+00:00	5b4f42435d205041594c4f41445f4143434550544544207365713d33303130206d6f64653d300d0a	[OBC] PAYLOAD_ACCEPTED seq=3010 mode=0\r\n
2026-08-30T13:43:44.660979+00:00	5b4f42435d205041594c4f41445f4143434550544544207365713d33303131206d6f64653d300d0a	[OBC] PAYLOAD_ACCEPTED seq=3011 mode=0\r\n
2026-08-30T13:43:45.157973+00:00	5b4f42435d205041594c4f41445f4143434550544544207365713d33303132206d6f64653d300d0a	[OBC] PAYLOAD_ACCEPTED seq=3012 mode=0\r\n
2026-08-30T13:43:45.653372+00:00	5b4f42435d205041594c4f41445f4143434550544544207365713d33303133206d6f64653d300d0a	[OBC] PAYLOAD_ACCEPTED seq=3013 mode=0\r\n
2026-08-30T13:43:46.149484+00:00	5b4f42435d205041594c4f41445f4143434550544544207365713d33303134206d6f64653d300d0a	[OBC] PAYLOAD_ACCEPTED seq=3014 mode=0\r\n
2026-08-30T13:43:46.646271+00:00	5b4f42435d205041594c4f41445f4143434550544544207365713d33303135206d6f64653d300d0a	[OBC] PAYLOAD_ACCEPTED seq=3015 mode=0\r\n
2026-08-30T13:43:47.142975+00:00	5b4f42435d205041594c4f41445f4143434550544544207365713d33303136206d6f64653d300d0a	[OBC] PAYLOAD_ACCEPTED seq=3016 mode=0\r\n
2026-08-30T13:43:47.636518+00:00	5b4f42435d205041594c4f41445f4143434550544544207365713d33303137206d6f64653d300d0a	[OBC] PAYLOAD_ACCEPTED seq=3017 mode=0\r\n
2026-08-30T13:43:48.135531+00:00	5b4f42435d205041594c4f41445f4143434550544544207365713d33303138206d6f64653d300d0a	[OBC] PAYLOAD_ACCEPTED seq=3018 mode=0\r\n
2026-08-30T13:43:48.631177+00:00	5b4f42435d205041594c4f41445f4143434550544544207365713d33303139206d6f64653d300d0a	[OBC] PAYLOAD_ACCEPTED seq=3019 mode=0\r\n
2026-08-30T13:43:49.096531+00:00	5b4f42435d205041594c4f41445f5354415455532073746174653d4f4e4c494e4520706f6c6c733d33303230206f6b3d333031322074696d656f75743d38206372633d30207365713d38207265636f766572793d31206865617274626561743d4f4b207761746368646f673d4f4b0d0a	[OBC] PAYLOAD_STATUS state=ONLINE polls=3020 ok=3012 timeout=8 crc=0 seq=8 recovery=1 heartbeat=OK watchdog=OK\r\n
2026-08-30T13:43:49.156381+00:00	5b4f42435d205041594c4f41445f4143434550544544207365713d33303230206d6f64653d300d0a	[OBC] PAYLOAD_ACCEPTED seq=3020 mode=0\r\n
2026-08-30T13:43:49.713099+00:00	5b4f42435d205041594c4f41445f54494d454f555420636f6e73656375746976653d310d0a	[OBC] PAYLOAD_TIMEOUT consecutive=1\r\n
2026-08-30T13:43:50.144689+00:00	5b4f42435d205041594c4f41445f52454a45435420726561736f6e3d53455155454e43450d0a	[OBC] PAYLOAD_REJECT reason=SEQUENCE\r\n
2026-08-30T13:43:50.206760+00:00	5b4f42435d205041594c4f41445f54494d454f555420636f6e73656375746976653d320d0a	[OBC] PAYLOAD_TIMEOUT consecutive=2\r\n
2026-08-30T13:43:50.701863+00:00	5b4f42435d205041594c4f41445f4f46464c494e4520636f6e73656375746976653d33206865617274626561743d4f4b207761746368646f673d4f4b0d0a	[OBC] PAYLOAD_OFFLINE consecutive=3 heartbeat=OK watchdog=OK\r\n
2026-08-30T13:43:54.129389+00:00	5b4f42435d205041594c4f41445f5354415455532073746174653d4f46464c494e4520706f6c6c733d33303330206f6b3d333031332074696d656f75743d3137206372633d30207365713d3136207265636f766572793d31206865617274626561743d4f4b207761746368646f673d4f4b0d0a	[OBC] PAYLOAD_STATUS state=OFFLINE polls=3030 ok=3013 timeout=17 crc=0 seq=16 recovery=1 heartbeat=OK watchdog=OK\r\n
