2026-08-30T14:03:26.860469+00:00	5b4f42435d205041594c4f41445f4143434550544544207365713d35333831206d6f64653d300d0a	[OBC] PAYLOAD_ACCEPTED seq=5381 mode=0\r\n
2026-08-30T14:03:27.349786+00:00	5b4f42435d205041594c4f41445f4143434550544544207365713d35333832206d6f64653d300d0a	[OBC] PAYLOAD_ACCEPTED seq=5382 mode=0\r\n
2026-08-30T14:03:27.847574+00:00	5b4f42435d205041594c4f41445f4143434550544544207365713d35333833206d6f64653d300d0a	[OBC] PAYLOAD_ACCEPTED seq=5383 mode=0\r\n
2026-08-30T14:03:28.343012+00:00	5b4f42435d205041594c4f41445f4143434550544544207365713d35333834206d6f64653d300d0a	[OBC] PAYLOAD_ACCEPTED seq=5384 mode=0\r\n
2026-08-30T14:03:28.838554+00:00	5b4f42435d205041594c4f41445f4143434550544544207365713d35333835206d6f64653d300d0a	[OBC] PAYLOAD_ACCEPTED seq=5385 mode=0\r\n
2026-08-30T14:03:29.333949+00:00	5b4f42435d205041594c4f41445f4143434550544544207365713d35333836206d6f64653d300d0a	[OBC] PAYLOAD_ACCEPTED seq=5386 mode=0\r\n
2026-08-30T14:03:29.830854+00:00	5b4f42435d205041594c4f41445f4143434550544544207365713d35333837206d6f64653d300d0a	[OBC] PAYLOAD_ACCEPTED seq=5387 mode=0\r\n
2026-08-30T14:03:30.328343+00:00	5b4f42435d205041594c4f41445f4143434550544544207365713d35333838206d6f64653d300d0a	[OBC] PAYLOAD_ACCEPTED seq=5388 mode=0\r\n
2026-08-30T14:03:30.824658+00:00	5b4f42435d205041594c4f41445f4143434550544544207365713d35333839206d6f64653d300d0a	[OBC] PAYLOAD_ACCEPTED seq=5389 mode=0\r\n
2026-08-30T14:03:31.304912+00:00	5b4f42435d205041594c4f41445f5354415455532073746174653d4f4e4c494e4520706f6c6c733d35333930206f6b3d333732342074696d656f75743d31363636206372633d30207365713d31363439207265636f766572793d3130206865617274626561743d4f4b207761746368646f673d4f4b0d0a	[OBC] PAYLOAD_STATUS state=ONLINE polls=5390 ok=3724 timeout=1666 crc=0 seq=1649 recovery=10 heartbeat=OK watchdog=OK\r\n
2026-08-30T14:03:31.355662+00:00	5b4f42435d205041594c4f41445f4143434550544544207365713d35333930206d6f64653d300d0a	[OBC] PAYLOAD_ACCEPTED seq=5390 mode=0\r\n
2026-08-30T14:03:31.853982+00:00	5b4f42435d205041594c4f41445f4143434550544544207365713d35333931206d6f64653d300d0a	[OBC] PAYLOAD_ACCEPTED seq=5391 mode=0\r\n
2026-08-30T14:03:32.346504+00:00	5b4f42435d205041594c4f41445f4143434550544544207365713d35333932206d6f64653d300d0a	[OBC] PAYLOAD_ACCEPTED seq=5392 mode=0\r\n
2026-08-30T14:03:32.840080+00:00	5b4f42435d205041594c4f41445f4143434550544544207365713d35333933206d6f64653d300d0a	[OBC] PAYLOAD_ACCEPTED seq=5393 mode=0\r\n
2026-08-30T14:03:33.337136+00:00	5b4f42435d205041594c4f41445f4143434550544544207365713d35333934206d6f64653d300d0a	[OBC] PAYLOAD_ACCEPTED seq=5394 mode=0\r\n
2026-08-30T14:03:33.835074+00:00	5b4f42435d205041594c4f41445f4143434550544544207365713d35333935206d6f64653d300d0a	[OBC] PAYLOAD_ACCEPTED seq=5395 mode=0\r\n
2026-08-30T14:03:34.331830+00:00	5b4f42435d205041594c4f41445f4143434550544544207365713d35333936206d6f64653d300d0a	[OBC] PAYLOAD_ACCEPTED seq=5396 mode=0\r\n
2026-08-30T14:03:34.830664+00:00	5b4f42435d205041594c4f41445f4143434550544544207365713d35333937206d6f64653d300d0a	[OBC] PAYLOAD_ACCEPTED seq=5397 mode=0\r\n
2026-08-30T14:03:35.327028+00:00	5b4f42435d205041594c4f41445f4143434550544544207365713d35333938206d6f64653d300d0a	[OBC] PAYLOAD_ACCEPTED seq=5398 mode=0\r\n
2026-08-30T14:03:35.822487+00:00	5b4f42435d205041594c4f41445f4143434550544544207365713d35333939206d6f64653d300d0a	[OBC] PAYLOAD_ACCEPTED seq=5399 mode=0\r\n
2026-08-30T14:03:36.292808+00:00	5b4f42435d205041594c4f41445f5354415455532073746174653d4f4e4c494e4520706f6c6c733d35343030206f6b3d333733342074696d656f75743d31363636206372633d30207365713d31363439207265636f766572793d3130206865617274626561743d4f4b207761746368646f673d4f4b0d0a	[OBC] PAYLOAD_STATUS state=ONLINE polls=5400 ok=3734 timeout=1666 crc=0 seq=1649 recovery=10 heartbeat=OK watchdog=OK\r\n
2026-08-30T14:03:36.345635+00:00	5b4f42435d205041594c4f41445f4143434550544544207365713d35343030206d6f64653d300d0a	[OBC] PAYLOAD_ACCEPTED seq=5400 mode=0\r\n
2026-08-30T14:03:36.904504+00:00	5b4f42435d205041594c4f41445f54494d454f555420636f6e73656375746976653d310d0a	[OBC] PAYLOAD_TIMEOUT consecutive=1\r\n
2026-08-30T14:03:36.966941+00:00	5b4f42435d205041594c4f41445f52454a45435420726561736f6e3d53455155454e43450d0a	[OBC] PAYLOAD_REJECT reason=SEQUENCE\r\n
2026-08-30T14:03:37.399953+00:00	5b4f42435d205041594c4f41445f54494d454f555420636f6e73656375746976653d320d0a	[OBC] PAYLOAD_TIMEOUT consecutive=2\r\n
2026-08-30T14:03:37.894865+00:00	5b4f42435d205041594c4f41445f4f46464c494e4520636f6e73656375746976653d33206865617274626561743d4f4b207761746368646f673d4f4b0d0a	[OBC] PAYLOAD_OFFLINE consecutive=3 heartbeat=OK watchdog=OK\r\n
2026-08-30T14:03:40.789050+00:00	5b4f42435d205041594c4f41445f4143434550544544207365713d35343039206d6f64653d300d0a	[OBC] PAYLOAD_ACCEPTED seq=5409 mode=0\r\n
2026-08-30T14:03:40.848499+00:00	5b4f42435d205041594c4f41445f5245434f5645524544207265636f7665726965733d31310d0a	[OBC] PAYLOAD_RECOVERED recoveries=11\r\n
2026-08-30T14:03:41.283303+00:00	5b4f42435d205041594c4f41445f5354415455532073746174653d4f4e4c494e4520706f6c6c733d35343130206f6b3d333733362074696d656f75743d31363734206372633d30207365713d31363537207265636f766572793d3131206865617274626561743d4f4b207761746368646f673d4f4b0d0a	[OBC] PAYLOAD_STATUS state=ONLINE polls=5410 ok=3736 timeout=1674 crc=0 seq=1657 recovery=11 heartbeat=OK watchdog=OK\r\n
2026-08-30T14:03:41.344663+00:00	5b4f42435d205041594c4f41445f4143434550544544207365713d35343130206d6f64653d300d0a	[OBC] PAYLOAD_ACCEPTED seq=5410 mode=0\r\n
2026-08-30T14:03:41.842542+00:00	5b4f42435d205041594c4f41445f4143434550544544207365713d35343131206d6f64653d300d0a	[OBC] PAYLOAD_ACCEPTED seq=5411 mode=0\r\n
2026-08-30T14:03:42.336826+00:00	5b4f42435d205041594c4f41445f4143434550544544207365713d35343132206d6f64653d300d0a	[OBC] PAYLOAD_ACCEPTED seq=5412 mode=0\r\n
2026-08-30T14:03:42.828527+00:00	5b4f42435d205041594c4f41445f4143434550544544207365713d35343133206d6f64653d300d0a	[OBC] PAYLOAD_ACCEPTED seq=5413 mode=0\r\n
2026-08-30T14:03:43.322834+00:00	5b4f42435d205041594c4f41445f4143434550544544207365713d35343134206d6f64653d300d0a	[OBC] PAYLOAD_ACCEPTED seq=5414 mode=0\r\n
2026-08-30T14:03:43.816525+00:00	5b4f42435d205041594c4f41445f4143434550544544207365713d35343135206d6f64653d300d0a	[OBC] PAYLOAD_ACCEPTED seq=5415 mode=0\r\n
2026-08-30T14:03:44.316500+00:00	5b4f42435d205041594c4f41445f4143434550544544207365713d35343136206d6f64653d300d0a	[OBC] PAYLOAD_ACCEPTED seq=5416 mode=0\r\n
2026-08-30T14:03:44.814207+00:00	5b4f42435d205041594c4f41445f4143434550544544207365713d35343137206d6f64653d300d0a	[OBC] PAYLOAD_ACCEPTED seq=5417 mode=0\r\n
2026-08-30T14:03:45.307487+00:00	5b4f42435d205041594c4f41445f4143434550544544207365713d35343138206d6f64653d300d0a	[OBC] PAYLOAD_ACCEPTED seq=5418 mode=0\r\n
2026-08-30T14:03:45.804223+00:00	5b4f42435d205041594c4f41445f4143434550544544207365713d35343139206d6f64653d300d0a	[OBC] PAYLOAD_ACCEPTED seq=5419 mode=0\r\n
2026-08-30T14:03:46.270781+00:00	5b4f42435d205041594c4f41445f5354415455532073746174653d4f4e4c494e4520706f6c6c733d35343230206f6b3d333734362074696d656f75743d31363734206372633d30207365713d31363537207265636f766572793d3131206865617274626561743d4f4b207761746368646f673d4f4b0d0a	[OBC] PAYLOAD_STATUS state=ONLINE polls=5420 ok=3746 timeout=1674 crc=0 seq=1657 recovery=11 heartbeat=OK watchdog=OK\r\n
2026-08-30T14:03:46.272326+00:00	5b4f42435d20504159	[OBC] PAY
