
C:\WashiOS\research\icsec2026\extension\evidence\f411_pair1_20260901\firmware\f411_p1_controller.elf:     file format elf32-littlearm

Sections:
Idx Name          Size      VMA       LMA       File off  Algn
  0 .isr_vector   00000198  08000000  08000000  00010000  2**0
                  CONTENTS, ALLOC, LOAD, READONLY, DATA
  1 .text         000042f0  08000198  08000198  00010198  2**2
                  CONTENTS, ALLOC, LOAD, READONLY, CODE
  2 .rodata       0000042c  08004488  08004488  00014488  2**2
                  CONTENTS, ALLOC, LOAD, READONLY, DATA
  3 .ARM.extab    00000000  080048b4  080048b4  000204a4  2**0
                  CONTENTS
  4 .ARM          00000008  080048b4  080048b4  000148b4  2**2
                  CONTENTS, ALLOC, LOAD, READONLY, DATA
  5 .preinit_array 00000000  080048bc  080048bc  000204a4  2**0
                  CONTENTS, ALLOC, LOAD, DATA
  6 .init_array   00000008  080048bc  080048bc  000148bc  2**2
                  CONTENTS, ALLOC, LOAD, DATA
  7 .fini_array   00000004  080048c4  080048c4  000148c4  2**2
                  CONTENTS, ALLOC, LOAD, DATA
  8 .data         000004a4  20000000  080048c8  00020000  2**3
                  CONTENTS, ALLOC, LOAD, DATA
  9 .bss          00002558  200004a8  08004d6c  000204a8  2**3
                  ALLOC
 10 ._user_heap_stack 00000600  20002a00  08004d6c  00022a00  2**0
                  ALLOC
 11 .ARM.attributes 00000030  00000000  00000000  000204a4  2**0
                  CONTENTS, READONLY
 12 .comment      0000007e  00000000  00000000  000204d4  2**0
                  CONTENTS, READONLY
 13 .debug_frame  000004fc  00000000  00000000  00020554  2**2
                  CONTENTS, READONLY, DEBUGGING
 14 .stab         0000003c  00000000  00000000  00020a50  2**2
                  CONTENTS, READONLY, DEBUGGING
 15 .stabstr      00000076  00000000  00000000  00020a8c  2**0
                  CONTENTS, READONLY, DEBUGGING
