Processing nucleo_f411re_payload_controller (board: nucleo_f411re; platform: ststm32; framework: stm32cube)
--------------------------------------------------------------------------------
Verbose mode can be enabled via `-v, --verbose` option
Removing .pio\build\nucleo_f411re_payload_controller
Done cleaning
========================= [SUCCESS] Took 1.62 seconds =========================

Environment                       Status    Duration
--------------------------------  --------  ------------
nucleo_f411re_payload_controller  SUCCESS   00:00:01.618
========================= 1 succeeded in 00:00:01.618 =========================
Processing nucleo_f411re_payload_controller (board: nucleo_f411re; platform: ststm32; framework: stm32cube)
--------------------------------------------------------------------------------
Verbose mode can be enabled via `-v, --verbose` option
CONFIGURATION: https://docs.platformio.org/page/boards/ststm32/nucleo_f411re.html
PLATFORM: ST STM32 (19.6.0) > ST Nucleo F411RE
HARDWARE: STM32F411RET6 100MHz, 128KB RAM, 512KB Flash
DEBUG: Current (stlink) On-board (stlink) External (blackmagic, cmsis-dap, jlink)
PACKAGES: 
 - framework-stm32cubef4 @ 1.28.1 
 - tool-ldscripts-ststm32 @ 0.2.0 
 - toolchain-gccarmnoneeabi @ 1.70201.0 (7.2.1)
LDF: Library Dependency Finder -> https://bit.ly/configure-pio-ldf
LDF Modes: Finder ~ chain, Compatibility ~ soft
Found 60 compatible libraries
Scanning dependencies...
Dependency Graph
|-- FreeRTOS
Building in release mode
Compiling .pio\build\nucleo_f411re_payload_controller\FrameworkHALDriver\Src\stm32f4xx_hal.o
Compiling .pio\build\nucleo_f411re_payload_controller\FrameworkHALDriver\Src\stm32f4xx_hal_adc.o
Compiling .pio\build\nucleo_f411re_payload_controller\FrameworkHALDriver\Src\stm32f4xx_hal_adc_ex.o
Compiling .pio\build\nucleo_f411re_payload_controller\FrameworkHALDriver\Src\stm32f4xx_hal_can.o
Compiling .pio\build\nucleo_f411re_payload_controller\FrameworkHALDriver\Src\stm32f4xx_hal_cec.o
Compiling .pio\build\nucleo_f411re_payload_controller\FrameworkHALDriver\Src\stm32f4xx_hal_cortex.o
Compiling .pio\build\nucleo_f411re_payload_controller\FrameworkHALDriver\Src\stm32f4xx_hal_crc.o
Compiling .pio\build\nucleo_f411re_payload_controller\FrameworkHALDriver\Src\stm32f4xx_hal_cryp.o
Compiling .pio\build\nucleo_f411re_payload_controller\FrameworkHALDriver\Src\stm32f4xx_hal_cryp_ex.o
Compiling .pio\build\nucleo_f411re_payload_controller\FrameworkHALDriver\Src\stm32f4xx_hal_dac.o
Compiling .pio\build\nucleo_f411re_payload_controller\FrameworkHALDriver\Src\stm32f4xx_hal_dac_ex.o
Compiling .pio\build\nucleo_f411re_payload_controller\FrameworkHALDriver\Src\stm32f4xx_hal_dcmi.o
Compiling .pio\build\nucleo_f411re_payload_controller\FrameworkHALDriver\Src\stm32f4xx_hal_dcmi_ex.o
Compiling .pio\build\nucleo_f411re_payload_controller\FrameworkHALDriver\Src\stm32f4xx_hal_dfsdm.o
Compiling .pio\build\nucleo_f411re_payload_controller\FrameworkHALDriver\Src\stm32f4xx_hal_dma.o
Compiling .pio\build\nucleo_f411re_payload_controller\FrameworkHALDriver\Src\stm32f4xx_hal_dma2d.o
Compiling .pio\build\nucleo_f411re_payload_controller\FrameworkHALDriver\Src\stm32f4xx_hal_dma_ex.o
Compiling .pio\build\nucleo_f411re_payload_controller\FrameworkHALDriver\Src\stm32f4xx_hal_dsi.o
Compiling .pio\build\nucleo_f411re_payload_controller\FrameworkHALDriver\Src\stm32f4xx_hal_eth.o
Compiling .pio\build\nucleo_f411re_payload_controller\FrameworkHALDriver\Src\stm32f4xx_hal_exti.o
Compiling .pio\build\nucleo_f411re_payload_controller\FrameworkHALDriver\Src\stm32f4xx_hal_flash.o
Compiling .pio\build\nucleo_f411re_payload_controller\FrameworkHALDriver\Src\stm32f4xx_hal_flash_ex.o
Compiling .pio\build\nucleo_f411re_payload_controller\FrameworkHALDriver\Src\stm32f4xx_hal_flash_ramfunc.o
Compiling .pio\build\nucleo_f411re_payload_controller\FrameworkHALDriver\Src\stm32f4xx_hal_fmpi2c.o
Compiling .pio\build\nucleo_f411re_payload_controller\FrameworkHALDriver\Src\stm32f4xx_hal_fmpi2c_ex.o
Compiling .pio\build\nucleo_f411re_payload_controller\FrameworkHALDriver\Src\stm32f4xx_hal_fmpsmbus.o
Compiling .pio\build\nucleo_f411re_payload_controller\FrameworkHALDriver\Src\stm32f4xx_hal_fmpsmbus_ex.o
Compiling .pio\build\nucleo_f411re_payload_controller\FrameworkHALDriver\Src\stm32f4xx_hal_gpio.o
Compiling .pio\build\nucleo_f411re_payload_controller\FrameworkHALDriver\Src\stm32f4xx_hal_hash.o
Compiling .pio\build\nucleo_f411re_payload_controller\FrameworkHALDriver\Src\stm32f4xx_hal_hash_ex.o
Compiling .pio\build\nucleo_f411re_payload_controller\FrameworkHALDriver\Src\stm32f4xx_hal_hcd.o
Compiling .pio\build\nucleo_f411re_payload_controller\FrameworkHALDriver\Src\stm32f4xx_hal_i2c.o
Compiling .pio\build\nucleo_f411re_payload_controller\FrameworkHALDriver\Src\stm32f4xx_hal_i2c_ex.o
Compiling .pio\build\nucleo_f411re_payload_controller\FrameworkHALDriver\Src\stm32f4xx_hal_i2s.o
Compiling .pio\build\nucleo_f411re_payload_controller\FrameworkHALDriver\Src\stm32f4xx_hal_i2s_ex.o
Compiling .pio\build\nucleo_f411re_payload_controller\FrameworkHALDriver\Src\stm32f4xx_hal_irda.o
Compiling .pio\build\nucleo_f411re_payload_controller\FrameworkHALDriver\Src\stm32f4xx_hal_iwdg.o
Compiling .pio\build\nucleo_f411re_payload_controller\FrameworkHALDriver\Src\stm32f4xx_hal_lptim.o
Compiling .pio\build\nucleo_f411re_payload_controller\FrameworkHALDriver\Src\stm32f4xx_hal_ltdc.o
Compiling .pio\build\nucleo_f411re_payload_controller\FrameworkHALDriver\Src\stm32f4xx_hal_ltdc_ex.o
Compiling .pio\build\nucleo_f411re_payload_controller\FrameworkHALDriver\Src\stm32f4xx_hal_mmc.o
Compiling .pio\build\nucleo_f411re_payload_controller\FrameworkHALDriver\Src\stm32f4xx_hal_nand.o
Compiling .pio\build\nucleo_f411re_payload_controller\FrameworkHALDriver\Src\stm32f4xx_hal_nor.o
Compiling .pio\build\nucleo_f411re_payload_controller\FrameworkHALDriver\Src\stm32f4xx_hal_pccard.o
Compiling .pio\build\nucleo_f411re_payload_controller\FrameworkHALDriver\Src\stm32f4xx_hal_pcd.o
Compiling .pio\build\nucleo_f411re_payload_controller\FrameworkHALDriver\Src\stm32f4xx_hal_pcd_ex.o
Compiling .pio\build\nucleo_f411re_payload_controller\FrameworkHALDriver\Src\stm32f4xx_hal_pwr.o
Compiling .pio\build\nucleo_f411re_payload_controller\FrameworkHALDriver\Src\stm32f4xx_hal_pwr_ex.o
Compiling .pio\build\nucleo_f411re_payload_controller\FrameworkHALDriver\Src\stm32f4xx_hal_qspi.o
Compiling .pio\build\nucleo_f411re_payload_controller\FrameworkHALDriver\Src\stm32f4xx_hal_rcc.o
Compiling .pio\build\nucleo_f411re_payload_controller\FrameworkHALDriver\Src\stm32f4xx_hal_rcc_ex.o
Compiling .pio\build\nucleo_f411re_payload_controller\FrameworkHALDriver\Src\stm32f4xx_hal_rng.o
Compiling .pio\build\nucleo_f411re_payload_controller\FrameworkHALDriver\Src\stm32f4xx_hal_rtc.o
Compiling .pio\build\nucleo_f411re_payload_controller\FrameworkHALDriver\Src\stm32f4xx_hal_rtc_ex.o
Compiling .pio\build\nucleo_f411re_payload_controller\FrameworkHALDriver\Src\stm32f4xx_hal_sai.o
Compiling .pio\build\nucleo_f411re_payload_controller\FrameworkHALDriver\Src\stm32f4xx_hal_sai_ex.o
Compiling .pio\build\nucleo_f411re_payload_controller\FrameworkHALDriver\Src\stm32f4xx_hal_sd.o
Compiling .pio\build\nucleo_f411re_payload_controller\FrameworkHALDriver\Src\stm32f4xx_hal_sdram.o
Compiling .pio\build\nucleo_f411re_payload_controller\FrameworkHALDriver\Src\stm32f4xx_hal_smartcard.o
Compiling .pio\build\nucleo_f411re_payload_controller\FrameworkHALDriver\Src\stm32f4xx_hal_smbus.o
Compiling .pio\build\nucleo_f411re_payload_controller\FrameworkHALDriver\Src\stm32f4xx_hal_spdifrx.o
Compiling .pio\build\nucleo_f411re_payload_controller\FrameworkHALDriver\Src\stm32f4xx_hal_spi.o
Compiling .pio\build\nucleo_f411re_payload_controller\FrameworkHALDriver\Src\stm32f4xx_hal_sram.o
Compiling .pio\build\nucleo_f411re_payload_controller\FrameworkHALDriver\Src\stm32f4xx_hal_tim.o
Compiling .pio\build\nucleo_f411re_payload_controller\FrameworkHALDriver\Src\stm32f4xx_hal_tim_ex.o
Compiling .pio\build\nucleo_f411re_payload_controller\FrameworkHALDriver\Src\stm32f4xx_hal_uart.o
Compiling .pio\build\nucleo_f411re_payload_controller\FrameworkHALDriver\Src\stm32f4xx_hal_usart.o
Compiling .pio\build\nucleo_f411re_payload_controller\FrameworkHALDriver\Src\stm32f4xx_hal_wwdg.o
Compiling .pio\build\nucleo_f411re_payload_controller\FrameworkHALDriver\Src\stm32f4xx_ll_adc.o
Compiling .pio\build\nucleo_f411re_payload_controller\FrameworkHALDriver\Src\stm32f4xx_ll_crc.o
Compiling .pio\build\nucleo_f411re_payload_controller\FrameworkHALDriver\Src\stm32f4xx_ll_dac.o
Compiling .pio\build\nucleo_f411re_payload_controller\FrameworkHALDriver\Src\stm32f4xx_ll_dma.o
Compiling .pio\build\nucleo_f411re_payload_controller\FrameworkHALDriver\Src\stm32f4xx_ll_dma2d.o
Compiling .pio\build\nucleo_f411re_payload_controller\FrameworkHALDriver\Src\stm32f4xx_ll_exti.o
Compiling .pio\build\nucleo_f411re_payload_controller\FrameworkHALDriver\Src\stm32f4xx_ll_fmc.o
Compiling .pio\build\nucleo_f411re_payload_controller\FrameworkHALDriver\Src\stm32f4xx_ll_fmpi2c.o
Compiling .pio\build\nucleo_f411re_payload_controller\FrameworkHALDriver\Src\stm32f4xx_ll_fsmc.o
Compiling .pio\build\nucleo_f411re_payload_controller\FrameworkHALDriver\Src\stm32f4xx_ll_gpio.o
Compiling .pio\build\nucleo_f411re_payload_controller\FrameworkHALDriver\Src\stm32f4xx_ll_i2c.o
Compiling .pio\build\nucleo_f411re_payload_controller\FrameworkHALDriver\Src\stm32f4xx_ll_lptim.o
Compiling .pio\build\nucleo_f411re_payload_controller\FrameworkHALDriver\Src\stm32f4xx_ll_pwr.o
Compiling .pio\build\nucleo_f411re_payload_controller\FrameworkHALDriver\Src\stm32f4xx_ll_rcc.o
Compiling .pio\build\nucleo_f411re_payload_controller\FrameworkHALDriver\Src\stm32f4xx_ll_rng.o
Compiling .pio\build\nucleo_f411re_payload_controller\FrameworkHALDriver\Src\stm32f4xx_ll_rtc.o
Compiling .pio\build\nucleo_f411re_payload_controller\FrameworkHALDriver\Src\stm32f4xx_ll_sdmmc.o
Compiling .pio\build\nucleo_f411re_payload_controller\FrameworkHALDriver\Src\stm32f4xx_ll_spi.o
Compiling .pio\build\nucleo_f411re_payload_controller\FrameworkHALDriver\Src\stm32f4xx_ll_tim.o
Compiling .pio\build\nucleo_f411re_payload_controller\FrameworkHALDriver\Src\stm32f4xx_ll_usart.o
Compiling .pio\build\nucleo_f411re_payload_controller\FrameworkHALDriver\Src\stm32f4xx_ll_usb.o
Compiling .pio\build\nucleo_f411re_payload_controller\FrameworkHALDriver\Src\stm32f4xx_ll_utils.o
Compiling .pio\build\nucleo_f411re_payload_controller\src\bsp\f4\Stm32Gpio.o
Compiling .pio\build\nucleo_f411re_payload_controller\src\bsp\f4\Stm32Timing.o
Compiling .pio\build\nucleo_f411re_payload_controller\src\bsp\f4\Stm32Uart.o
Compiling .pio\build\nucleo_f411re_payload_controller\src\bsp\f4\SystemReset.o
Compiling .pio\build\nucleo_f411re_payload_controller\src\main.o
Compiling .pio\build\nucleo_f411re_payload_controller\src\stress\StressTestTask.o
Compiling .pio\build\nucleo_f411re_payload_controller\lib89f\FreeRTOS\event_groups.o
Compiling .pio\build\nucleo_f411re_payload_controller\lib89f\FreeRTOS\list.o
Compiling .pio\build\nucleo_f411re_payload_controller\lib89f\FreeRTOS\portable\GCC\ARM_CM4F\port.o
Compiling .pio\build\nucleo_f411re_payload_controller\lib89f\FreeRTOS\queue.o
Compiling .pio\build\nucleo_f411re_payload_controller\lib89f\FreeRTOS\stream_buffer.o
Compiling .pio\build\nucleo_f411re_payload_controller\lib89f\FreeRTOS\tasks.o
Compiling .pio\build\nucleo_f411re_payload_controller\lib89f\FreeRTOS\timers.o
Compiling .pio\build\nucleo_f411re_payload_controller\FrameworkCMSISDevice\gcc\startup_stm32f411xe.o
Compiling .pio\build\nucleo_f411re_payload_controller\FrameworkCMSISDevice\system_stm32f4xx.o
Archiving .pio\build\nucleo_f411re_payload_controller\libFrameworkCMSISDevice.a
Indexing .pio\build\nucleo_f411re_payload_controller\libFrameworkCMSISDevice.a
Archiving .pio\build\nucleo_f411re_payload_controller\lib89f\libFreeRTOS.a
Indexing .pio\build\nucleo_f411re_payload_controller\lib89f\libFreeRTOS.a
Linking .pio\build\nucleo_f411re_payload_controller\firmware.elf
Checking size .pio\build\nucleo_f411re_payload_controller\firmware.elf
Advanced Memory Usage is available via "PlatformIO Home > Project Inspect"
RAM:   [=         ]   8.2% (used 10748 bytes from 131072 bytes)
Flash: [          ]   3.7% (used 19392 bytes from 524288 bytes)
Building .pio\build\nucleo_f411re_payload_controller\firmware.bin
========================= [SUCCESS] Took 12.87 seconds =========================

Environment                       Status    Duration
--------------------------------  --------  ------------
nucleo_f411re_payload_controller  SUCCESS   00:00:12.874
========================= 1 succeeded in 00:00:12.874 =========================
