2026-08-30T13:57:27.668932+00:00	5b4f42435d205041594c4f41445f4143434550544544207365713d34363631206d6f64653d300d0a	[OBC] PAYLOAD_ACCEPTED seq=4661 mode=0\r\n
2026-08-30T13:57:28.166745+00:00	5b4f42435d205041594c4f41445f4143434550544544207365713d34363632206d6f64653d300d0a	[OBC] PAYLOAD_ACCEPTED seq=4662 mode=0\r\n
2026-08-30T13:57:28.663024+00:00	5b4f42435d205041594c4f41445f4143434550544544207365713d34363633206d6f64653d300d0a	[OBC] PAYLOAD_ACCEPTED seq=4663 mode=0\r\n
2026-08-30T13:57:29.160018+00:00	5b4f42435d205041594c4f41445f4143434550544544207365713d34363634206d6f64653d300d0a	[OBC] PAYLOAD_ACCEPTED seq=4664 mode=0\r\n
2026-08-30T13:57:29.654377+00:00	5b4f42435d205041594c4f41445f4143434550544544207365713d34363635206d6f64653d300d0a	[OBC] PAYLOAD_ACCEPTED seq=4665 mode=0\r\n
2026-08-30T13:57:30.152284+00:00	5b4f42435d205041594c4f41445f4143434550544544207365713d34363636206d6f64653d300d0a	[OBC] PAYLOAD_ACCEPTED seq=4666 mode=0\r\n
2026-08-30T13:57:30.648617+00:00	5b4f42435d205041594c4f41445f4143434550544544207365713d34363637206d6f64653d300d0a	[OBC] PAYLOAD_ACCEPTED seq=4667 mode=0\r\n
2026-08-30T13:57:31.206484+00:00	5b4f42435d205041594c4f41445f4143434550544544207365713d34363638206d6f64653d300d0a	[OBC] PAYLOAD_ACCEPTED seq=4668 mode=0\r\n
2026-08-30T13:57:31.704747+00:00	5b4f42435d205041594c4f41445f4143434550544544207365713d34363639206d6f64653d300d0a	[OBC] PAYLOAD_ACCEPTED seq=4669 mode=0\r\n
2026-08-30T13:57:32.140879+00:00	5b4f42435d205041594c4f41445f5354415455532073746174653d4f4e4c494e4520706f6c6c733d34363730206f6b3d333036382074696d656f75743d31363032206372633d30207365713d31353835207265636f766572793d32206865617274626561743d4f4b207761746368646f673d4f4b0d0a	[OBC] PAYLOAD_STATUS state=ONLINE polls=4670 ok=3068 timeout=1602 crc=0 seq=1585 recovery=2 heartbeat=OK watchdog=OK\r\n
2026-08-30T13:57:32.202436+00:00	5b4f42435d205041594c4f41445f4143434550544544207365713d34363730206d6f64653d300d0a	[OBC] PAYLOAD_ACCEPTED seq=4670 mode=0\r\n
2026-08-30T13:57:32.701649+00:00	5b4f42435d205041594c4f41445f4143434550544544207365713d34363731206d6f64653d300d0a	[OBC] PAYLOAD_ACCEPTED seq=4671 mode=0\r\n
2026-08-30T13:57:33.195500+00:00	5b4f42435d205041594c4f41445f4143434550544544207365713d34363732206d6f64653d300d0a	[OBC] PAYLOAD_ACCEPTED seq=4672 mode=0\r\n
2026-08-30T13:57:33.689964+00:00	5b4f42435d205041594c4f41445f4143434550544544207365713d34363733206d6f64653d300d0a	[OBC] PAYLOAD_ACCEPTED seq=4673 mode=0\r\n
2026-08-30T13:57:34.183310+00:00	5b4f42435d205041594c4f41445f4143434550544544207365713d34363734206d6f64653d300d0a	[OBC] PAYLOAD_ACCEPTED seq=4674 mode=0\r\n
2026-08-30T13:57:34.680037+00:00	5b4f42435d205041594c4f41445f4143434550544544207365713d34363735206d6f64653d300d0a	[OBC] PAYLOAD_ACCEPTED seq=4675 mode=0\r\n
2026-08-30T13:57:35.177423+00:00	5b4f42435d205041594c4f41445f4143434550544544207365713d34363736206d6f64653d300d0a	[OBC] PAYLOAD_ACCEPTED seq=4676 mode=0\r\n
2026-08-30T13:57:35.677516+00:00	5b4f42435d205041594c4f41445f4143434550544544207365713d34363737206d6f64653d300d0a	[OBC] PAYLOAD_ACCEPTED seq=4677 mode=0\r\n
2026-08-30T13:57:36.174743+00:00	5b4f42435d205041594c4f41445f4143434550544544207365713d34363738206d6f64653d300d0a	[OBC] PAYLOAD_ACCEPTED seq=4678 mode=0\r\n
2026-08-30T13:57:36.670462+00:00	5b4f42435d205041594c4f41445f4143434550544544207365713d34363739206d6f64653d300d0a	[OBC] PAYLOAD_ACCEPTED seq=4679 mode=0\r\n
2026-08-30T13:57:37.129093+00:00	5b4f42435d205041594c4f41445f5354415455532073746174653d4f4e4c494e4520706f6c6c733d34363830206f6b3d333037382074696d656f75743d31363032206372633d30207365713d31353835207265636f766572793d32206865617274626561743d4f4b207761746368646f673d4f4b0d0a	[OBC] PAYLOAD_STATUS state=ONLINE polls=4680 ok=3078 timeout=1602 crc=0 seq=1585 recovery=2 heartbeat=OK watchdog=OK\r\n
2026-08-30T13:57:37.183583+00:00	5b4f42435d205041594c4f41445f4143434550544544207365713d34363830206d6f64653d300d0a	[OBC] PAYLOAD_ACCEPTED seq=4680 mode=0\r\n
2026-08-30T13:57:37.744229+00:00	5b4f42435d205041594c4f41445f54494d454f555420636f6e73656375746976653d310d0a	[OBC] PAYLOAD_TIMEOUT consecutive=1\r\n
2026-08-30T13:57:37.806746+00:00	5b4f42435d205041594c4f41445f52454a45435420726561736f6e3d53455155454e43450d0a	[OBC] PAYLOAD_REJECT reason=SEQUENCE\r\n
2026-08-30T13:57:38.240793+00:00	5b4f42435d205041594c4f41445f54494d454f555420636f6e73656375746976653d320d0a	[OBC] PAYLOAD_TIMEOUT consecutive=2\r\n
2026-08-30T13:57:38.736450+00:00	5b4f42435d205041594c4f41445f4f46464c494e4520636f6e73656375746976653d33206865617274626561743d4f4b207761746368646f673d4f4b0d0a	[OBC] PAYLOAD_OFFLINE consecutive=3 heartbeat=OK watchdog=OK\r\n
2026-08-30T13:57:41.622575+00:00	5b4f42435d205041594c4f41445f4143434550544544207365713d34363839206d6f64653d300d0a	[OBC] PAYLOAD_ACCEPTED seq=4689 mode=0\r\n
2026-08-30T13:57:41.681906+00:00	5b4f42435d205041594c4f41445f5245434f5645524544207265636f7665726965733d330d0a	[OBC] PAYLOAD_RECOVERED recoveries=3\r\n
2026-08-30T13:57:42.115937+00:00	5b4f42435d205041594c4f41445f5354415455532073746174653d4f4e4c494e4520706f6c6c733d34363930206f6b3d333038302074696d656f75743d31363130206372633d30207365713d31353933207265636f766572793d33206865617274626561743d4f4b207761746368646f673d4f4b0d0a	[OBC] PAYLOAD_STATUS state=ONLINE polls=4690 ok=3080 timeout=1610 crc=0 seq=1593 recovery=3 heartbeat=OK watchdog=OK\r\n
2026-08-30T13:57:42.181582+00:00	5b4f42435d205041594c4f41445f4143434550544544207365713d34363930206d6f64653d300d0a	[OBC] PAYLOAD_ACCEPTED seq=4690 mode=0\r\n
2026-08-30T13:57:42.674470+00:00	5b4f42435d205041594c4f41445f4143434550544544207365713d34363931206d6f64653d300d0a	[OBC] PAYLOAD_ACCEPTED seq=4691 mode=0\r\n
2026-08-30T13:57:43.171794+00:00	5b4f42435d205041594c4f41445f4143434550544544207365713d34363932206d6f64653d300d0a	[OBC] PAYLOAD_ACCEPTED seq=4692 mode=0\r\n
2026-08-30T13:57:43.664404+00:00	5b4f42435d205041594c4f41445f4143434550544544207365713d34363933206d6f64653d300d0a	[OBC] PAYLOAD_ACCEPTED seq=4693 mode=0\r\n
2026-08-30T13:57:44.157875+00:00	5b4f42435d205041594c4f41445f4143434550544544207365713d34363934206d6f64653d300d0a	[OBC] PAYLOAD_ACCEPTED seq=4694 mode=0\r\n
2026-08-30T13:57:44.656057+00:00	5b4f42435d205041594c4f41445f4143434550544544207365713d34363935206d6f64653d300d0a	[OBC] PAYLOAD_ACCEPTED seq=4695 mode=0\r\n
2026-08-30T13:57:45.152131+00:00	5b4f42435d205041594c4f41445f4143434550544544207365713d34363936206d6f64653d300d0a	[OBC] PAYLOAD_ACCEPTED seq=4696 mode=0\r\n
2026-08-30T13:57:45.645503+00:00	5b4f42435d205041594c4f41445f4143434550544544207365713d34363937206d6f64653d300d0a	[OBC] PAYLOAD_ACCEPTED seq=4697 mode=0\r\n
2026-08-30T13:57:46.141165+00:00	5b4f42435d205041594c4f41445f4143434550544544207365713d34363938206d6f64653d300d0a	[OBC] PAYLOAD_ACCEPTED seq=4698 mode=0\r\n
2026-08-30T13:57:46.639646+00:00	5b4f42435d205041594c4f41445f4143434550544544207365713d34363939206d6f64653d300d0a	[OBC] PAYLOAD_ACCEPTED seq=4699 mode=0\r\n
2026-08-30T13:57:47.106373+00:00	5b4f42435d205041594c4f41445f5354415455532073746174653d4f4e4c494e4520706f6c6c733d34373030206f6b3d333039302074696d656f75743d31363130206372633d30207365713d31353933207265636f766572793d33206865617274626561743d4f4b207761746368646f673d4f4b0d0a	[OBC] PAYLOAD_STATUS state=ONLINE polls=4700 ok=3090 timeout=1610 crc=0 seq=1593 recovery=3 heartbeat=OK watchdog=OK\r\n
2026-08-30T13:57:47.145785+00:00	5b4f42435d205041594c	[OBC] PAYL
