2026-08-30T14:01:26.651221+00:00	4f41445f4143434550544544207365713d35313430206d6f64653d300d0a	OAD_ACCEPTED seq=5140 mode=0\r\n
2026-08-30T14:01:27.146580+00:00	5b4f42435d205041594c4f41445f4143434550544544207365713d35313431206d6f64653d300d0a	[OBC] PAYLOAD_ACCEPTED seq=5141 mode=0\r\n
2026-08-30T14:01:27.641502+00:00	5b4f42435d205041594c4f41445f4143434550544544207365713d35313432206d6f64653d300d0a	[OBC] PAYLOAD_ACCEPTED seq=5142 mode=0\r\n
2026-08-30T14:01:28.136858+00:00	5b4f42435d205041594c4f41445f4143434550544544207365713d35313433206d6f64653d300d0a	[OBC] PAYLOAD_ACCEPTED seq=5143 mode=0\r\n
2026-08-30T14:01:28.635370+00:00	5b4f42435d205041594c4f41445f4143434550544544207365713d35313434206d6f64653d300d0a	[OBC] PAYLOAD_ACCEPTED seq=5144 mode=0\r\n
2026-08-30T14:01:29.130798+00:00	5b4f42435d205041594c4f41445f4143434550544544207365713d35313435206d6f64653d300d0a	[OBC] PAYLOAD_ACCEPTED seq=5145 mode=0\r\n
2026-08-30T14:01:29.627029+00:00	5b4f42435d205041594c4f41445f4143434550544544207365713d35313436206d6f64653d300d0a	[OBC] PAYLOAD_ACCEPTED seq=5146 mode=0\r\n
2026-08-30T14:01:30.123897+00:00	5b4f42435d205041594c4f41445f4143434550544544207365713d35313437206d6f64653d300d0a	[OBC] PAYLOAD_ACCEPTED seq=5147 mode=0\r\n
2026-08-30T14:01:30.622725+00:00	5b4f42435d205041594c4f41445f4143434550544544207365713d35313438206d6f64653d300d0a	[OBC] PAYLOAD_ACCEPTED seq=5148 mode=0\r\n
2026-08-30T14:01:31.119958+00:00	5b4f42435d205041594c4f41445f4143434550544544207365713d35313439206d6f64653d300d0a	[OBC] PAYLOAD_ACCEPTED seq=5149 mode=0\r\n
2026-08-30T14:01:31.577493+00:00	5b4f42435d205041594c4f41445f5354415455532073746174653d4f4e4c494e4520706f6c6c733d35313530206f6b3d333530382074696d656f75743d31363432206372633d30207365713d31363235207265636f766572793d37206865617274626561743d4f4b207761746368646f673d4f4b0d0a	[OBC] PAYLOAD_STATUS state=ONLINE polls=5150 ok=3508 timeout=1642 crc=0 seq=1625 recovery=7 heartbeat=OK watchdog=OK\r\n
2026-08-30T14:01:31.629671+00:00	5b4f42435d205041594c4f41445f4143434550544544207365713d35313530206d6f64653d300d0a	[OBC] PAYLOAD_ACCEPTED seq=5150 mode=0\r\n
2026-08-30T14:01:32.123696+00:00	5b4f42435d205041594c4f41445f4143434550544544207365713d35313531206d6f64653d300d0a	[OBC] PAYLOAD_ACCEPTED seq=5151 mode=0\r\n
2026-08-30T14:01:32.618992+00:00	5b4f42435d205041594c4f41445f4143434550544544207365713d35313532206d6f64653d300d0a	[OBC] PAYLOAD_ACCEPTED seq=5152 mode=0\r\n
2026-08-30T14:01:33.113396+00:00	5b4f42435d205041594c4f41445f4143434550544544207365713d35313533206d6f64653d300d0a	[OBC] PAYLOAD_ACCEPTED seq=5153 mode=0\r\n
2026-08-30T14:01:33.609354+00:00	5b4f42435d205041594c4f41445f4143434550544544207365713d35313534206d6f64653d300d0a	[OBC] PAYLOAD_ACCEPTED seq=5154 mode=0\r\n
2026-08-30T14:01:34.105539+00:00	5b4f42435d205041594c4f41445f4143434550544544207365713d35313535206d6f64653d300d0a	[OBC] PAYLOAD_ACCEPTED seq=5155 mode=0\r\n
2026-08-30T14:01:34.602574+00:00	5b4f42435d205041594c4f41445f4143434550544544207365713d35313536206d6f64653d300d0a	[OBC] PAYLOAD_ACCEPTED seq=5156 mode=0\r\n
2026-08-30T14:01:35.099405+00:00	5b4f42435d205041594c4f41445f4143434550544544207365713d35313537206d6f64653d300d0a	[OBC] PAYLOAD_ACCEPTED seq=5157 mode=0\r\n
2026-08-30T14:01:35.593819+00:00	5b4f42435d205041594c4f41445f4143434550544544207365713d35313538206d6f64653d300d0a	[OBC] PAYLOAD_ACCEPTED seq=5158 mode=0\r\n
2026-08-30T14:01:36.088388+00:00	5b4f42435d205041594c4f41445f4143434550544544207365713d35313539206d6f64653d300d0a	[OBC] PAYLOAD_ACCEPTED seq=5159 mode=0\r\n
2026-08-30T14:01:36.565239+00:00	5b4f42435d205041594c4f41445f5354415455532073746174653d4f4e4c494e4520706f6c6c733d35313630206f6b3d333531382074696d656f75743d31363432206372633d30207365713d31363235207265636f766572793d37206865617274626561743d4f4b207761746368646f673d4f4b0d0a	[OBC] PAYLOAD_STATUS state=ONLINE polls=5160 ok=3518 timeout=1642 crc=0 seq=1625 recovery=7 heartbeat=OK watchdog=OK\r\n
2026-08-30T14:01:36.624592+00:00	5b4f42435d205041594c4f41445f4143434550544544207365713d35313630206d6f64653d300d0a	[OBC] PAYLOAD_ACCEPTED seq=5160 mode=0\r\n
2026-08-30T14:01:37.175372+00:00	5b4f42435d205041594c4f41445f54494d454f555420636f6e73656375746976653d310d0a	[OBC] PAYLOAD_TIMEOUT consecutive=1\r\n
2026-08-30T14:01:37.230913+00:00	5b4f42435d205041594c4f41445f52454a45435420726561736f6e3d53455155454e43450d0a	[OBC] PAYLOAD_REJECT reason=SEQUENCE\r\n
2026-08-30T14:01:37.667215+00:00	5b4f42435d205041594c4f41445f54494d454f555420636f6e73656375746976653d320d0a	[OBC] PAYLOAD_TIMEOUT consecutive=2\r\n
2026-08-30T14:01:38.158600+00:00	5b4f42435d205041594c4f41445f4f46464c494e4520636f6e73656375746976653d33206865617274626561743d4f4b207761746368646f673d4f4b0d0a	[OBC] PAYLOAD_OFFLINE consecutive=3 heartbeat=OK watchdog=OK\r\n
2026-08-30T14:01:41.058904+00:00	5b4f42435d205041594c4f41445f4143434550544544207365713d35313639206d6f64653d300d0a	[OBC] PAYLOAD_ACCEPTED seq=5169 mode=0\r\n
2026-08-30T14:01:41.116421+00:00	5b4f42435d205041594c4f41445f5245434f5645524544207265636f7665726965733d380d0a	[OBC] PAYLOAD_RECOVERED recoveries=8\r\n
2026-08-30T14:01:41.553369+00:00	5b4f42435d205041594c4f41445f5354415455532073746174653d4f4e4c494e4520706f6c6c733d35313730206f6b3d333532302074696d656f75743d31363530206372633d30207365713d31363333207265636f766572793d38206865617274626561743d4f4b207761746368646f673d4f4b0d0a	[OBC] PAYLOAD_STATUS state=ONLINE polls=5170 ok=3520 timeout=1650 crc=0 seq=1633 recovery=8 heartbeat=OK watchdog=OK\r\n
2026-08-30T14:01:41.612321+00:00	5b4f42435d205041594c4f41445f4143434550544544207365713d35313730206d6f64653d300d0a	[OBC] PAYLOAD_ACCEPTED seq=5170 mode=0\r\n
2026-08-30T14:01:42.106031+00:00	5b4f42435d205041594c4f41445f4143434550544544207365713d35313731206d6f64653d300d0a	[OBC] PAYLOAD_ACCEPTED seq=5171 mode=0\r\n
2026-08-30T14:01:42.598850+00:00	5b4f42435d205041594c4f41445f4143434550544544207365713d35313732206d6f64653d300d0a	[OBC] PAYLOAD_ACCEPTED seq=5172 mode=0\r\n
2026-08-30T14:01:43.090757+00:00	5b4f42435d205041594c4f41445f4143434550544544207365713d35313733206d6f64653d300d0a	[OBC] PAYLOAD_ACCEPTED seq=5173 mode=0\r\n
2026-08-30T14:01:43.586951+00:00	5b4f42435d205041594c4f41445f4143434550544544207365713d35313734206d6f64653d300d0a	[OBC] PAYLOAD_ACCEPTED seq=5174 mode=0\r\n
2026-08-30T14:01:44.082780+00:00	5b4f42435d205041594c4f41445f4143434550544544207365713d35313735206d6f64653d300d0a	[OBC] PAYLOAD_ACCEPTED seq=5175 mode=0\r\n
2026-08-30T14:01:44.575295+00:00	5b4f42435d205041594c4f41445f4143434550544544207365713d35313736206d6f64653d300d0a	[OBC] PAYLOAD_ACCEPTED seq=5176 mode=0\r\n
2026-08-30T14:01:45.069524+00:00	5b4f42435d205041594c4f41445f4143434550544544207365713d35313737206d6f64653d300d0a	[OBC] PAYLOAD_ACCEPTED seq=5177 mode=0\r\n
2026-08-30T14:01:45.559061+00:00	5b4f42435d205041594c4f41445f4143434550544544207365713d35313738206d6f64653d300d0a	[OBC] PAYLOAD_ACCEPTED seq=5178 mode=0\r\n
2026-08-30T14:01:46.056611+00:00	5b4f42435d205041594c4f41445f4143434550544544207365713d35313739206d6f64653d300d0a	[OBC] PAYLOAD_ACCEPTED seq=5179 mode=0\r\n
2026-08-30T14:01:46.539866+00:00	5b4f42435d205041594c4f41445f5354415455532073746174653d4f4e4c494e4520706f6c6c733d35313830206f6b3d333533302074696d656f75743d31363530206372633d30207365713d31363333207265636f766572793d38206865617274626561743d4f4b207761746368646f673d4f4b0d0a	[OBC] PAYLOAD_STATUS state=ONLINE polls=5180 ok=3530 timeout=1650 crc=0 seq=1633 recovery=8 heartbeat=OK watchdog=OK\r\n
2026-08-30T14:01:46.542808+00:00	5b4f42435d205041594c	[OBC] PAYL
