2026-08-30T14:02:26.500176+00:00	4f41445f4143434550544544207365713d35323630206d6f64653d300d0a	OAD_ACCEPTED seq=5260 mode=0\r\n
2026-08-30T14:02:26.993081+00:00	5b4f42435d205041594c4f41445f4143434550544544207365713d35323631206d6f64653d300d0a	[OBC] PAYLOAD_ACCEPTED seq=5261 mode=0\r\n
2026-08-30T14:02:27.491183+00:00	5b4f42435d205041594c4f41445f4143434550544544207365713d35323632206d6f64653d300d0a	[OBC] PAYLOAD_ACCEPTED seq=5262 mode=0\r\n
2026-08-30T14:02:27.985092+00:00	5b4f42435d205041594c4f41445f4143434550544544207365713d35323633206d6f64653d300d0a	[OBC] PAYLOAD_ACCEPTED seq=5263 mode=0\r\n
2026-08-30T14:02:28.480570+00:00	5b4f42435d205041594c4f41445f4143434550544544207365713d35323634206d6f64653d300d0a	[OBC] PAYLOAD_ACCEPTED seq=5264 mode=0\r\n
2026-08-30T14:02:28.975250+00:00	5b4f42435d205041594c4f41445f4143434550544544207365713d35323635206d6f64653d300d0a	[OBC] PAYLOAD_ACCEPTED seq=5265 mode=0\r\n
2026-08-30T14:02:29.473600+00:00	5b4f42435d205041594c4f41445f4143434550544544207365713d35323636206d6f64653d300d0a	[OBC] PAYLOAD_ACCEPTED seq=5266 mode=0\r\n
2026-08-30T14:02:29.969707+00:00	5b4f42435d205041594c4f41445f4143434550544544207365713d35323637206d6f64653d300d0a	[OBC] PAYLOAD_ACCEPTED seq=5267 mode=0\r\n
2026-08-30T14:02:30.468093+00:00	5b4f42435d205041594c4f41445f4143434550544544207365713d35323638206d6f64653d300d0a	[OBC] PAYLOAD_ACCEPTED seq=5268 mode=0\r\n
2026-08-30T14:02:30.960598+00:00	5b4f42435d205041594c4f41445f4143434550544544207365713d35323639206d6f64653d300d0a	[OBC] PAYLOAD_ACCEPTED seq=5269 mode=0\r\n
2026-08-30T14:02:31.437433+00:00	5b4f42435d205041594c4f41445f5354415455532073746174653d4f4e4c494e4520706f6c6c733d35323730206f6b3d333631322074696d656f75743d31363538206372633d30207365713d31363431207265636f766572793d39206865617274626561743d4f4b207761746368646f673d4f4b0d0a	[OBC] PAYLOAD_STATUS state=ONLINE polls=5270 ok=3612 timeout=1658 crc=0 seq=1641 recovery=9 heartbeat=OK watchdog=OK\r\n
2026-08-30T14:02:31.501394+00:00	5b4f42435d205041594c4f41445f4143434550544544207365713d35323730206d6f64653d300d0a	[OBC] PAYLOAD_ACCEPTED seq=5270 mode=0\r\n
2026-08-30T14:02:31.996375+00:00	5b4f42435d205041594c4f41445f4143434550544544207365713d35323731206d6f64653d300d0a	[OBC] PAYLOAD_ACCEPTED seq=5271 mode=0\r\n
2026-08-30T14:02:32.488208+00:00	5b4f42435d205041594c4f41445f4143434550544544207365713d35323732206d6f64653d300d0a	[OBC] PAYLOAD_ACCEPTED seq=5272 mode=0\r\n
2026-08-30T14:02:32.984809+00:00	5b4f42435d205041594c4f41445f4143434550544544207365713d35323733206d6f64653d300d0a	[OBC] PAYLOAD_ACCEPTED seq=5273 mode=0\r\n
2026-08-30T14:02:33.478100+00:00	5b4f42435d205041594c4f41445f4143434550544544207365713d35323734206d6f64653d300d0a	[OBC] PAYLOAD_ACCEPTED seq=5274 mode=0\r\n
2026-08-30T14:02:33.969695+00:00	5b4f42435d205041594c4f41445f4143434550544544207365713d35323735206d6f64653d300d0a	[OBC] PAYLOAD_ACCEPTED seq=5275 mode=0\r\n
2026-08-30T14:02:34.463651+00:00	5b4f42435d205041594c4f41445f4143434550544544207365713d35323736206d6f64653d300d0a	[OBC] PAYLOAD_ACCEPTED seq=5276 mode=0\r\n
2026-08-30T14:02:34.961123+00:00	5b4f42435d205041594c4f41445f4143434550544544207365713d35323737206d6f64653d300d0a	[OBC] PAYLOAD_ACCEPTED seq=5277 mode=0\r\n
2026-08-30T14:02:35.455885+00:00	5b4f42435d205041594c4f41445f4143434550544544207365713d35323738206d6f64653d300d0a	[OBC] PAYLOAD_ACCEPTED seq=5278 mode=0\r\n
2026-08-30T14:02:35.950451+00:00	5b4f42435d205041594c4f41445f4143434550544544207365713d35323739206d6f64653d300d0a	[OBC] PAYLOAD_ACCEPTED seq=5279 mode=0\r\n
2026-08-30T14:02:36.426592+00:00	5b4f42435d205041594c4f41445f5354415455532073746174653d4f4e4c494e4520706f6c6c733d35323830206f6b3d333632322074696d656f75743d31363538206372633d30207365713d31363431207265636f766572793d39206865617274626561743d4f4b207761746368646f673d4f4b0d0a	[OBC] PAYLOAD_STATUS state=ONLINE polls=5280 ok=3622 timeout=1658 crc=0 seq=1641 recovery=9 heartbeat=OK watchdog=OK\r\n
2026-08-30T14:02:36.492694+00:00	5b4f42435d205041594c4f41445f4143434550544544207365713d35323830206d6f64653d300d0a	[OBC] PAYLOAD_ACCEPTED seq=5280 mode=0\r\n
2026-08-30T14:02:37.045605+00:00	5b4f42435d205041594c4f41445f54494d454f555420636f6e73656375746976653d310d0a	[OBC] PAYLOAD_TIMEOUT consecutive=1\r\n
2026-08-30T14:02:37.231381+00:00	5b4f42435d205041594c4f41445f52454a45435420726561736f6e3d53455155454e43450d0a	[OBC] PAYLOAD_REJECT reason=SEQUENCE\r\n
2026-08-30T14:02:37.539646+00:00	5b4f42435d205041594c4f41445f54494d454f555420636f6e73656375746976653d320d0a	[OBC] PAYLOAD_TIMEOUT consecutive=2\r\n
2026-08-30T14:02:38.033657+00:00	5b4f42435d205041594c4f41445f4f46464c494e4520636f6e73656375746976653d33206865617274626561743d4f4b207761746368646f673d4f4b0d0a	[OBC] PAYLOAD_OFFLINE consecutive=3 heartbeat=OK watchdog=OK\r\n
2026-08-30T14:02:40.923286+00:00	5b4f42435d205041594c4f41445f4143434550544544207365713d35323839206d6f64653d300d0a	[OBC] PAYLOAD_ACCEPTED seq=5289 mode=0\r\n
2026-08-30T14:02:40.983875+00:00	5b4f42435d205041594c4f41445f5245434f5645524544207265636f7665726965733d31300d0a	[OBC] PAYLOAD_RECOVERED recoveries=10\r\n
2026-08-30T14:02:41.417667+00:00	5b4f42435d205041594c4f41445f5354415455532073746174653d4f4e4c494e4520706f6c6c733d35323930206f6b3d333632342074696d656f75743d31363636206372633d30207365713d31363439207265636f766572793d3130206865617274626561743d4f4b207761746368646f673d4f4b0d0a	[OBC] PAYLOAD_STATUS state=ONLINE polls=5290 ok=3624 timeout=1666 crc=0 seq=1649 recovery=10 heartbeat=OK watchdog=OK\r\n
2026-08-30T14:02:41.480211+00:00	5b4f42435d205041594c4f41445f4143434550544544207365713d35323930206d6f64653d300d0a	[OBC] PAYLOAD_ACCEPTED seq=5290 mode=0\r\n
2026-08-30T14:02:41.974922+00:00	5b4f42435d205041594c4f41445f4143434550544544207365713d35323931206d6f64653d300d0a	[OBC] PAYLOAD_ACCEPTED seq=5291 mode=0\r\n
2026-08-30T14:02:42.469403+00:00	5b4f42435d205041594c4f41445f4143434550544544207365713d35323932206d6f64653d300d0a	[OBC] PAYLOAD_ACCEPTED seq=5292 mode=0\r\n
2026-08-30T14:02:42.965670+00:00	5b4f42435d205041594c4f41445f4143434550544544207365713d35323933206d6f64653d300d0a	[OBC] PAYLOAD_ACCEPTED seq=5293 mode=0\r\n
2026-08-30T14:02:43.461462+00:00	5b4f42435d205041594c4f41445f4143434550544544207365713d35323934206d6f64653d300d0a	[OBC] PAYLOAD_ACCEPTED seq=5294 mode=0\r\n
2026-08-30T14:02:43.958929+00:00	5b4f42435d205041594c4f41445f4143434550544544207365713d35323935206d6f64653d300d0a	[OBC] PAYLOAD_ACCEPTED seq=5295 mode=0\r\n
2026-08-30T14:02:44.455223+00:00	5b4f42435d205041594c4f41445f4143434550544544207365713d35323936206d6f64653d300d0a	[OBC] PAYLOAD_ACCEPTED seq=5296 mode=0\r\n
2026-08-30T14:02:44.950507+00:00	5b4f42435d205041594c4f41445f4143434550544544207365713d35323937206d6f64653d300d0a	[OBC] PAYLOAD_ACCEPTED seq=5297 mode=0\r\n
2026-08-30T14:02:45.444812+00:00	5b4f42435d205041594c4f41445f4143434550544544207365713d35323938206d6f64653d300d0a	[OBC] PAYLOAD_ACCEPTED seq=5298 mode=0\r\n
2026-08-30T14:02:45.940902+00:00	5b4f42435d205041594c4f41445f4143434550544544207365713d35323939206d6f64653d300d0a	[OBC] PAYLOAD_ACCEPTED seq=5299 mode=0\r\n
2026-08-30T14:02:46.406430+00:00	5b4f42435d205041594c4f41445f5354415455532073746174653d4f4e4c494e4520706f6c6c733d35333030206f6b3d333633342074696d656f75743d31363636206372633d30207365713d31363439207265636f766572793d3130206865617274626561743d4f4b207761746368646f673d4f4b0d0a	[OBC] PAYLOAD_STATUS state=ONLINE polls=5300 ok=3634 timeout=1666 crc=0 seq=1649 recovery=10 heartbeat=OK watchdog=OK\r\n
2026-08-30T14:02:46.447783+00:00	5b4f42435d20504159	[OBC] PAY
