2026-08-30T14:05:06.653580+00:00	5b4f42435d205041594c4f41445f4143434550544544207365713d35353831206d6f64653d300d0a	[OBC] PAYLOAD_ACCEPTED seq=5581 mode=0\r\n
2026-08-30T14:05:07.151406+00:00	5b4f42435d205041594c4f41445f4143434550544544207365713d35353832206d6f64653d300d0a	[OBC] PAYLOAD_ACCEPTED seq=5582 mode=0\r\n
2026-08-30T14:05:07.650306+00:00	5b4f42435d205041594c4f41445f4143434550544544207365713d35353833206d6f64653d300d0a	[OBC] PAYLOAD_ACCEPTED seq=5583 mode=0\r\n
2026-08-30T14:05:08.147981+00:00	5b4f42435d205041594c4f41445f4143434550544544207365713d35353834206d6f64653d300d0a	[OBC] PAYLOAD_ACCEPTED seq=5584 mode=0\r\n
2026-08-30T14:05:08.644053+00:00	5b4f42435d205041594c4f41445f4143434550544544207365713d35353835206d6f64653d300d0a	[OBC] PAYLOAD_ACCEPTED seq=5585 mode=0\r\n
2026-08-30T14:05:09.140045+00:00	5b4f42435d205041594c4f41445f4143434550544544207365713d35353836206d6f64653d300d0a	[OBC] PAYLOAD_ACCEPTED seq=5586 mode=0\r\n
2026-08-30T14:05:09.636235+00:00	5b4f42435d205041594c4f41445f4143434550544544207365713d35353837206d6f64653d300d0a	[OBC] PAYLOAD_ACCEPTED seq=5587 mode=0\r\n
2026-08-30T14:05:10.133492+00:00	5b4f42435d205041594c4f41445f4143434550544544207365713d35353838206d6f64653d300d0a	[OBC] PAYLOAD_ACCEPTED seq=5588 mode=0\r\n
2026-08-30T14:05:10.626360+00:00	5b4f42435d205041594c4f41445f4143434550544544207365713d35353839206d6f64653d300d0a	[OBC] PAYLOAD_ACCEPTED seq=5589 mode=0\r\n
2026-08-30T14:05:11.090198+00:00	5b4f42435d205041594c4f41445f5354415455532073746174653d4f4e4c494e4520706f6c6c733d35353930206f6b3d333930302074696d656f75743d31363930206372633d30207365713d31363733207265636f766572793d3133206865617274626561743d4f4b207761746368646f673d4f4b0d0a	[OBC] PAYLOAD_STATUS state=ONLINE polls=5590 ok=3900 timeout=1690 crc=0 seq=1673 recovery=13 heartbeat=OK watchdog=OK\r\n
2026-08-30T14:05:11.152359+00:00	5b4f42435d205041594c4f41445f4143434550544544207365713d35353930206d6f64653d300d0a	[OBC] PAYLOAD_ACCEPTED seq=5590 mode=0\r\n
2026-08-30T14:05:11.648052+00:00	5b4f42435d205041594c4f41445f4143434550544544207365713d35353931206d6f64653d300d0a	[OBC] PAYLOAD_ACCEPTED seq=5591 mode=0\r\n
2026-08-30T14:05:12.145004+00:00	5b4f42435d205041594c4f41445f4143434550544544207365713d35353932206d6f64653d300d0a	[OBC] PAYLOAD_ACCEPTED seq=5592 mode=0\r\n
2026-08-30T14:05:12.639377+00:00	5b4f42435d205041594c4f41445f4143434550544544207365713d35353933206d6f64653d300d0a	[OBC] PAYLOAD_ACCEPTED seq=5593 mode=0\r\n
2026-08-30T14:05:13.136317+00:00	5b4f42435d205041594c4f41445f4143434550544544207365713d35353934206d6f64653d300d0a	[OBC] PAYLOAD_ACCEPTED seq=5594 mode=0\r\n
2026-08-30T14:05:13.634359+00:00	5b4f42435d205041594c4f41445f4143434550544544207365713d35353935206d6f64653d300d0a	[OBC] PAYLOAD_ACCEPTED seq=5595 mode=0\r\n
2026-08-30T14:05:14.130952+00:00	5b4f42435d205041594c4f41445f4143434550544544207365713d35353936206d6f64653d300d0a	[OBC] PAYLOAD_ACCEPTED seq=5596 mode=0\r\n
2026-08-30T14:05:14.623471+00:00	5b4f42435d205041594c4f41445f4143434550544544207365713d35353937206d6f64653d300d0a	[OBC] PAYLOAD_ACCEPTED seq=5597 mode=0\r\n
2026-08-30T14:05:15.119218+00:00	5b4f42435d205041594c4f41445f4143434550544544207365713d35353938206d6f64653d300d0a	[OBC] PAYLOAD_ACCEPTED seq=5598 mode=0\r\n
2026-08-30T14:05:15.614459+00:00	5b4f42435d205041594c4f41445f4143434550544544207365713d35353939206d6f64653d300d0a	[OBC] PAYLOAD_ACCEPTED seq=5599 mode=0\r\n
2026-08-30T14:05:16.080986+00:00	5b4f42435d205041594c4f41445f5354415455532073746174653d4f4e4c494e4520706f6c6c733d35363030206f6b3d333931302074696d656f75743d31363930206372633d30207365713d31363733207265636f766572793d3133206865617274626561743d4f4b207761746368646f673d4f4b0d0a	[OBC] PAYLOAD_STATUS state=ONLINE polls=5600 ok=3910 timeout=1690 crc=0 seq=1673 recovery=13 heartbeat=OK watchdog=OK\r\n
2026-08-30T14:05:16.142521+00:00	5b4f42435d205041594c4f41445f4143434550544544207365713d35363030206d6f64653d300d0a	[OBC] PAYLOAD_ACCEPTED seq=5600 mode=0\r\n
2026-08-30T14:05:16.638217+00:00	5b4f42435d205041594c4f41445f52454a45435420726561736f6e3d4352430d0a	[OBC] PAYLOAD_REJECT reason=CRC\r\n
2026-08-30T14:05:16.699828+00:00	5b4f42435d205041594c4f41445f54494d454f555420636f6e73656375746976653d310d0a	[OBC] PAYLOAD_TIMEOUT consecutive=1\r\n
2026-08-30T14:05:17.135117+00:00	5b4f42435d205041594c4f41445f4143434550544544207365713d35363032206d6f64653d300d0a	[OBC] PAYLOAD_ACCEPTED seq=5602 mode=0\r\n
2026-08-30T14:05:17.631198+00:00	5b4f42435d205041594c4f41445f4143434550544544207365713d35363033206d6f64653d300d0a	[OBC] PAYLOAD_ACCEPTED seq=5603 mode=0\r\n
2026-08-30T14:05:18.126112+00:00	5b4f42435d205041594c4f41445f4143434550544544207365713d35363034206d6f64653d300d0a	[OBC] PAYLOAD_ACCEPTED seq=5604 mode=0\r\n
2026-08-30T14:05:18.621761+00:00	5b4f42435d205041594c4f41445f4143434550544544207365713d35363035206d6f64653d300d0a	[OBC] PAYLOAD_ACCEPTED seq=5605 mode=0\r\n
2026-08-30T14:05:19.117591+00:00	5b4f42435d205041594c4f41445f4143434550544544207365713d35363036206d6f64653d300d0a	[OBC] PAYLOAD_ACCEPTED seq=5606 mode=0\r\n
2026-08-30T14:05:19.613983+00:00	5b4f42435d205041594c4f41445f4143434550544544207365713d35363037206d6f64653d300d0a	[OBC] PAYLOAD_ACCEPTED seq=5607 mode=0\r\n
2026-08-30T14:05:20.107781+00:00	5b4f42435d205041594c4f41445f4143434550544544207365713d35363038206d6f64653d300d0a	[OBC] PAYLOAD_ACCEPTED seq=5608 mode=0\r\n
2026-08-30T14:05:20.603706+00:00	5b4f42435d205041594c4f41445f4143434550544544207365713d35363039206d6f64653d300d0a	[OBC] PAYLOAD_ACCEPTED seq=5609 mode=0\r\n
2026-08-30T14:05:21.070585+00:00	5b4f42435d205041594c4f41445f5354415455532073746174653d4f4e4c494e4520706f6c6c733d35363130206f6b3d333931392074696d656f75743d31363931206372633d31207365713d31363733207265636f766572793d3133206865617274626561743d4f4b207761746368646f673d4f4b0d0a	[OBC] PAYLOAD_STATUS state=ONLINE polls=5610 ok=3919 timeout=1691 crc=1 seq=1673 recovery=13 heartbeat=OK watchdog=OK\r\n
2026-08-30T14:05:21.129264+00:00	5b4f42435d205041594c4f41445f4143434550544544207365713d35363130206d6f64653d300d0a	[OBC] PAYLOAD_ACCEPTED seq=5610 mode=0\r\n
2026-08-30T14:05:21.627875+00:00	5b4f42435d205041594c4f41445f4143434550544544207365713d35363131206d6f64653d300d0a	[OBC] PAYLOAD_ACCEPTED seq=5611 mode=0\r\n
2026-08-30T14:05:22.125248+00:00	5b4f42435d205041594c4f41445f4143434550544544207365713d35363132206d6f64653d300d0a	[OBC] PAYLOAD_ACCEPTED seq=5612 mode=0\r\n
2026-08-30T14:05:22.622250+00:00	5b4f42435d205041594c4f41445f4143434550544544207365713d35363133206d6f64653d300d0a	[OBC] PAYLOAD_ACCEPTED seq=5613 mode=0\r\n
2026-08-30T14:05:23.118644+00:00	5b4f42435d205041594c4f41445f4143434550544544207365713d35363134206d6f64653d300d0a	[OBC] PAYLOAD_ACCEPTED seq=5614 mode=0\r\n
2026-08-30T14:05:23.612747+00:00	5b4f42435d205041594c4f41445f4143434550544544207365713d35363135206d6f64653d300d0a	[OBC] PAYLOAD_ACCEPTED seq=5615 mode=0\r\n
2026-08-30T14:05:24.108801+00:00	5b4f42435d205041594c4f41445f4143434550544544207365713d35363136206d6f64653d300d0a	[OBC] PAYLOAD_ACCEPTED seq=5616 mode=0\r\n
2026-08-30T14:05:24.602534+00:00	5b4f42435d205041594c4f41445f4143434550544544207365713d35363137206d6f64653d300d0a	[OBC] PAYLOAD_ACCEPTED seq=5617 mode=0\r\n
2026-08-30T14:05:25.097816+00:00	5b4f42435d205041594c4f41445f4143434550544544207365713d35363138206d6f64653d300d0a	[OBC] PAYLOAD_ACCEPTED seq=5618 mode=0\r\n
2026-08-30T14:05:25.590305+00:00	5b4f42435d205041594c4f41445f4143434550544544207365713d35363139206d6f64653d300d0a	[OBC] PAYLOAD_ACCEPTED seq=5619 mode=0\r\n
2026-08-30T14:05:26.059090+00:00	5b4f42435d205041594c4f41445f5354415455532073746174653d4f4e4c494e4520706f6c6c733d35363230206f6b3d333932392074696d656f75743d31363931206372633d31207365713d31363733207265636f766572793d3133206865617274626561743d4f4b207761746368646f673d4f4b0d0a	[OBC] PAYLOAD_STATUS state=ONLINE polls=5620 ok=3929 timeout=1691 crc=1 seq=1673 recovery=13 heartbeat=OK watchdog=OK\r\n
2026-08-30T14:05:26.104184+00:00	5b4f42435d20504159	[OBC] PAY
