2026-08-30T14:01:46.598380+00:00	4f41445f4143434550544544207365713d35313830206d6f64653d300d0a	OAD_ACCEPTED seq=5180 mode=0\r\n
2026-08-30T14:01:47.091499+00:00	5b4f42435d205041594c4f41445f4143434550544544207365713d35313831206d6f64653d300d0a	[OBC] PAYLOAD_ACCEPTED seq=5181 mode=0\r\n
2026-08-30T14:01:47.586291+00:00	5b4f42435d205041594c4f41445f4143434550544544207365713d35313832206d6f64653d300d0a	[OBC] PAYLOAD_ACCEPTED seq=5182 mode=0\r\n
2026-08-30T14:01:48.079876+00:00	5b4f42435d205041594c4f41445f4143434550544544207365713d35313833206d6f64653d300d0a	[OBC] PAYLOAD_ACCEPTED seq=5183 mode=0\r\n
2026-08-30T14:01:48.576389+00:00	5b4f42435d205041594c4f41445f4143434550544544207365713d35313834206d6f64653d300d0a	[OBC] PAYLOAD_ACCEPTED seq=5184 mode=0\r\n
2026-08-30T14:01:49.071366+00:00	5b4f42435d205041594c4f41445f4143434550544544207365713d35313835206d6f64653d300d0a	[OBC] PAYLOAD_ACCEPTED seq=5185 mode=0\r\n
2026-08-30T14:01:49.568490+00:00	5b4f42435d205041594c4f41445f4143434550544544207365713d35313836206d6f64653d300d0a	[OBC] PAYLOAD_ACCEPTED seq=5186 mode=0\r\n
2026-08-30T14:01:50.065547+00:00	5b4f42435d205041594c4f41445f4143434550544544207365713d35313837206d6f64653d300d0a	[OBC] PAYLOAD_ACCEPTED seq=5187 mode=0\r\n
2026-08-30T14:01:50.561312+00:00	5b4f42435d205041594c4f41445f4143434550544544207365713d35313838206d6f64653d300d0a	[OBC] PAYLOAD_ACCEPTED seq=5188 mode=0\r\n
2026-08-30T14:01:51.057109+00:00	5b4f42435d205041594c4f41445f4143434550544544207365713d35313839206d6f64653d300d0a	[OBC] PAYLOAD_ACCEPTED seq=5189 mode=0\r\n
2026-08-30T14:01:51.528673+00:00	5b4f42435d205041594c4f41445f5354415455532073746174653d4f4e4c494e4520706f6c6c733d35313930206f6b3d333534302074696d656f75743d31363530206372633d30207365713d31363333207265636f766572793d38206865617274626561743d4f4b207761746368646f673d4f4b0d0a	[OBC] PAYLOAD_STATUS state=ONLINE polls=5190 ok=3540 timeout=1650 crc=0 seq=1633 recovery=8 heartbeat=OK watchdog=OK\r\n
2026-08-30T14:01:51.583622+00:00	5b4f42435d205041594c4f41445f4143434550544544207365713d35313930206d6f64653d300d0a	[OBC] PAYLOAD_ACCEPTED seq=5190 mode=0\r\n
2026-08-30T14:01:52.077252+00:00	5b4f42435d205041594c4f41445f4143434550544544207365713d35313931206d6f64653d300d0a	[OBC] PAYLOAD_ACCEPTED seq=5191 mode=0\r\n
2026-08-30T14:01:52.574449+00:00	5b4f42435d205041594c4f41445f4143434550544544207365713d35313932206d6f64653d300d0a	[OBC] PAYLOAD_ACCEPTED seq=5192 mode=0\r\n
2026-08-30T14:01:53.068321+00:00	5b4f42435d205041594c4f41445f4143434550544544207365713d35313933206d6f64653d300d0a	[OBC] PAYLOAD_ACCEPTED seq=5193 mode=0\r\n
2026-08-30T14:01:53.563798+00:00	5b4f42435d205041594c4f41445f4143434550544544207365713d35313934206d6f64653d300d0a	[OBC] PAYLOAD_ACCEPTED seq=5194 mode=0\r\n
2026-08-30T14:01:54.059550+00:00	5b4f42435d205041594c4f41445f4143434550544544207365713d35313935206d6f64653d300d0a	[OBC] PAYLOAD_ACCEPTED seq=5195 mode=0\r\n
2026-08-30T14:01:54.555580+00:00	5b4f42435d205041594c4f41445f4143434550544544207365713d35313936206d6f64653d300d0a	[OBC] PAYLOAD_ACCEPTED seq=5196 mode=0\r\n
2026-08-30T14:01:55.051969+00:00	5b4f42435d205041594c4f41445f4143434550544544207365713d35313937206d6f64653d300d0a	[OBC] PAYLOAD_ACCEPTED seq=5197 mode=0\r\n
2026-08-30T14:01:55.547984+00:00	5b4f42435d205041594c4f41445f4143434550544544207365713d35313938206d6f64653d300d0a	[OBC] PAYLOAD_ACCEPTED seq=5198 mode=0\r\n
2026-08-30T14:01:56.044736+00:00	5b4f42435d205041594c4f41445f4143434550544544207365713d35313939206d6f64653d300d0a	[OBC] PAYLOAD_ACCEPTED seq=5199 mode=0\r\n
2026-08-30T14:01:56.516403+00:00	5b4f42435d205041594c4f41445f5354415455532073746174653d4f4e4c494e4520706f6c6c733d35323030206f6b3d333535302074696d656f75743d31363530206372633d30207365713d31363333207265636f766572793d38206865617274626561743d4f4b207761746368646f673d4f4b0d0a	[OBC] PAYLOAD_STATUS state=ONLINE polls=5200 ok=3550 timeout=1650 crc=0 seq=1633 recovery=8 heartbeat=OK watchdog=OK\r\n
2026-08-30T14:01:56.571004+00:00	5b4f42435d205041594c4f41445f4143434550544544207365713d35323030206d6f64653d300d0a	[OBC] PAYLOAD_ACCEPTED seq=5200 mode=0\r\n
2026-08-30T14:01:57.127371+00:00	5b4f42435d205041594c4f41445f54494d454f555420636f6e73656375746976653d310d0a	[OBC] PAYLOAD_TIMEOUT consecutive=1\r\n
2026-08-30T14:01:57.314282+00:00	5b4f42435d205041594c4f41445f52454a45435420726561736f6e3d53455155454e43450d0a	[OBC] PAYLOAD_REJECT reason=SEQUENCE\r\n
2026-08-30T14:01:57.624154+00:00	5b4f42435d205041594c4f41445f54494d454f555420636f6e73656375746976653d320d0a	[OBC] PAYLOAD_TIMEOUT consecutive=2\r\n
2026-08-30T14:01:58.120593+00:00	5b4f42435d205041594c4f41445f4f46464c494e4520636f6e73656375746976653d33206865617274626561743d4f4b207761746368646f673d4f4b0d0a	[OBC] PAYLOAD_OFFLINE consecutive=3 heartbeat=OK watchdog=OK\r\n
2026-08-30T14:02:01.012406+00:00	5b4f42435d205041594c4f41445f4143434550544544207365713d35323039206d6f64653d300d0a	[OBC] PAYLOAD_ACCEPTED seq=5209 mode=0\r\n
2026-08-30T14:02:01.075278+00:00	5b4f42435d205041594c4f41445f5245434f5645524544207265636f7665726965733d390d0a	[OBC] PAYLOAD_RECOVERED recoveries=9\r\n
2026-08-30T14:02:01.506321+00:00	5b4f42435d205041594c4f41445f5354415455532073746174653d4f4e4c494e4520706f6c6c733d35323130206f6b3d333535322074696d656f75743d31363538206372633d30207365713d31363431207265636f766572793d39206865617274626561743d4f4b207761746368646f673d4f4b0d0a	[OBC] PAYLOAD_STATUS state=ONLINE polls=5210 ok=3552 timeout=1658 crc=0 seq=1641 recovery=9 heartbeat=OK watchdog=OK\r\n
2026-08-30T14:02:01.570639+00:00	5b4f42435d205041594c4f41445f4143434550544544207365713d35323130206d6f64653d300d0a	[OBC] PAYLOAD_ACCEPTED seq=5210 mode=0\r\n
2026-08-30T14:02:02.067399+00:00	5b4f42435d205041594c4f41445f4143434550544544207365713d35323131206d6f64653d300d0a	[OBC] PAYLOAD_ACCEPTED seq=5211 mode=0\r\n
2026-08-30T14:02:02.566264+00:00	5b4f42435d205041594c4f41445f4143434550544544207365713d35323132206d6f64653d300d0a	[OBC] PAYLOAD_ACCEPTED seq=5212 mode=0\r\n
2026-08-30T14:02:03.060268+00:00	5b4f42435d205041594c4f41445f4143434550544544207365713d35323133206d6f64653d300d0a	[OBC] PAYLOAD_ACCEPTED seq=5213 mode=0\r\n
2026-08-30T14:02:03.556167+00:00	5b4f42435d205041594c4f41445f4143434550544544207365713d35323134206d6f64653d300d0a	[OBC] PAYLOAD_ACCEPTED seq=5214 mode=0\r\n
2026-08-30T14:02:04.051055+00:00	5b4f42435d205041594c4f41445f4143434550544544207365713d35323135206d6f64653d300d0a	[OBC] PAYLOAD_ACCEPTED seq=5215 mode=0\r\n
2026-08-30T14:02:04.547954+00:00	5b4f42435d205041594c4f41445f4143434550544544207365713d35323136206d6f64653d300d0a	[OBC] PAYLOAD_ACCEPTED seq=5216 mode=0\r\n
2026-08-30T14:02:05.046360+00:00	5b4f42435d205041594c4f41445f4143434550544544207365713d35323137206d6f64653d300d0a	[OBC] PAYLOAD_ACCEPTED seq=5217 mode=0\r\n
2026-08-30T14:02:05.539233+00:00	5b4f42435d205041594c4f41445f4143434550544544207365713d35323138206d6f64653d300d0a	[OBC] PAYLOAD_ACCEPTED seq=5218 mode=0\r\n
2026-08-30T14:02:06.036539+00:00	5b4f42435d205041594c4f41445f4143434550544544207365713d35323139206d6f64653d300d0a	[OBC] PAYLOAD_ACCEPTED seq=5219 mode=0\r\n
2026-08-30T14:02:06.493214+00:00	5b4f42435d205041594c4f41445f5354415455532073746174653d4f4e4c494e4520706f6c6c733d35323230206f6b3d333536322074696d656f75743d31363538206372633d30207365713d31363431207265636f766572793d39206865617274626561743d4f4b207761746368646f673d4f4b0d0a	[OBC] PAYLOAD_STATUS state=ONLINE polls=5220 ok=3562 timeout=1658 crc=0 seq=1641 recovery=9 heartbeat=OK watchdog=OK\r\n
2026-08-30T14:02:06.500593+00:00	5b4f42435d205041594c	[OBC] PAYL
