2026-08-30T14:28:59.243502+00:00	4544207365713d3430206d6f64653d300d0a	ED seq=40 mode=0\r\n
2026-08-30T14:28:59.737646+00:00	5b4f42435d205041594c4f41445f4143434550544544207365713d3431206d6f64653d300d0a	[OBC] PAYLOAD_ACCEPTED seq=41 mode=0\r\n
2026-08-30T14:29:00.229682+00:00	5b4f42435d205041594c4f41445f4143434550544544207365713d3432206d6f64653d300d0a	[OBC] PAYLOAD_ACCEPTED seq=42 mode=0\r\n
2026-08-30T14:29:00.726496+00:00	5b4f42435d205041594c4f41445f4143434550544544207365713d3433206d6f64653d300d0a	[OBC] PAYLOAD_ACCEPTED seq=43 mode=0\r\n
2026-08-30T14:29:01.220638+00:00	5b4f42435d205041594c4f41445f4143434550544544207365713d3434206d6f64653d300d0a	[OBC] PAYLOAD_ACCEPTED seq=44 mode=0\r\n
2026-08-30T14:29:01.716416+00:00	5b4f42435d205041594c4f41445f4143434550544544207365713d3435206d6f64653d300d0a	[OBC] PAYLOAD_ACCEPTED seq=45 mode=0\r\n
2026-08-30T14:29:02.213721+00:00	5b4f42435d205041594c4f41445f4143434550544544207365713d3436206d6f64653d300d0a	[OBC] PAYLOAD_ACCEPTED seq=46 mode=0\r\n
2026-08-30T14:29:02.710654+00:00	5b4f42435d205041594c4f41445f4143434550544544207365713d3437206d6f64653d300d0a	[OBC] PAYLOAD_ACCEPTED seq=47 mode=0\r\n
2026-08-30T14:29:03.208204+00:00	5b4f42435d205041594c4f41445f4143434550544544207365713d3438206d6f64653d300d0a	[OBC] PAYLOAD_ACCEPTED seq=48 mode=0\r\n
2026-08-30T14:29:03.700867+00:00	5b4f42435d205041594c4f41445f4143434550544544207365713d3439206d6f64653d300d0a	[OBC] PAYLOAD_ACCEPTED seq=49 mode=0\r\n
2026-08-30T14:29:04.185790+00:00	5b4f42435d205041594c4f41445f5354415455532073746174653d4f4e4c494e4520706f6c6c733d3530206f6b3d35302074696d656f75743d30206372633d30207365713d30207265636f766572793d30206865617274626561743d4f4b207761746368646f673d4f4b0d0a	[OBC] PAYLOAD_STATUS state=ONLINE polls=50 ok=50 timeout=0 crc=0 seq=0 recovery=0 heartbeat=OK watchdog=OK\r\n
2026-08-30T14:29:04.241215+00:00	5b4f42435d205041594c4f41445f4143434550544544207365713d3530206d6f64653d300d0a	[OBC] PAYLOAD_ACCEPTED seq=50 mode=0\r\n
2026-08-30T14:29:04.738682+00:00	5b4f42435d205041594c4f41445f4143434550544544207365713d3531206d6f64653d300d0a	[OBC] PAYLOAD_ACCEPTED seq=51 mode=0\r\n
2026-08-30T14:29:05.233199+00:00	5b4f42435d205041594c4f41445f4143434550544544207365713d3532206d6f64653d300d0a	[OBC] PAYLOAD_ACCEPTED seq=52 mode=0\r\n
2026-08-30T14:29:05.727576+00:00	5b4f42435d205041594c4f41445f4143434550544544207365713d3533206d6f64653d300d0a	[OBC] PAYLOAD_ACCEPTED seq=53 mode=0\r\n
2026-08-30T14:29:06.220917+00:00	5b4f42435d205041594c4f41445f4143434550544544207365713d3534206d6f64653d300d0a	[OBC] PAYLOAD_ACCEPTED seq=54 mode=0\r\n
2026-08-30T14:29:06.713835+00:00	5b4f42435d205041594c4f41445f4143434550544544207365713d3535206d6f64653d300d0a	[OBC] PAYLOAD_ACCEPTED seq=55 mode=0\r\n
2026-08-30T14:29:07.210132+00:00	5b4f42435d205041594c4f41445f4143434550544544207365713d3536206d6f64653d300d0a	[OBC] PAYLOAD_ACCEPTED seq=56 mode=0\r\n
2026-08-30T14:29:07.701965+00:00	5b4f42435d205041594c4f41445f4143434550544544207365713d3537206d6f64653d300d0a	[OBC] PAYLOAD_ACCEPTED seq=57 mode=0\r\n
2026-08-30T14:29:08.197711+00:00	5b4f42435d205041594c4f41445f4143434550544544207365713d3538206d6f64653d300d0a	[OBC] PAYLOAD_ACCEPTED seq=58 mode=0\r\n
2026-08-30T14:29:08.692840+00:00	5b4f42435d205041594c4f41445f4143434550544544207365713d3539206d6f64653d300d0a	[OBC] PAYLOAD_ACCEPTED seq=59 mode=0\r\n
2026-08-30T14:29:09.183892+00:00	5b4f42435d205041594c4f41445f5354415455532073746174653d4f4e4c494e4520706f6c6c733d3630206f6b3d36302074696d656f75743d30206372633d30207365713d30207265636f766572793d30206865617274626561743d4f4b207761746368646f673d4f4b0d0a	[OBC] PAYLOAD_STATUS state=ONLINE polls=60 ok=60 timeout=0 crc=0 seq=0 recovery=0 heartbeat=OK watchdog=OK\r\n
2026-08-30T14:29:09.235443+00:00	5b4f42435d205041594c4f41445f4143434550544544207365713d3630206d6f64653d300d0a	[OBC] PAYLOAD_ACCEPTED seq=60 mode=0\r\n
2026-08-30T14:29:09.786096+00:00	5b4f42435d205041594c4f41445f54494d454f555420636f6e73656375746976653d310d0a	[OBC] PAYLOAD_TIMEOUT consecutive=1\r\n
2026-08-30T14:29:09.838513+00:00	5b4f42435d205041594c4f41445f52454a45435420726561736f6e3d53455155454e43450d0a	[OBC] PAYLOAD_REJECT reason=SEQUENCE\r\n
2026-08-30T14:29:10.335544+00:00	5b4f42435d205041594c4f41445f54494d454f555420636f6e73656375746976653d320d0a	[OBC] PAYLOAD_TIMEOUT consecutive=2\r\n
2026-08-30T14:29:10.830921+00:00	5b4f42435d205041594c4f41445f4f46464c494e4520636f6e73656375746976653d33206865617274626561743d4f4b207761746368646f673d4f4b0d0a	[OBC] PAYLOAD_OFFLINE consecutive=3 heartbeat=OK watchdog=OK\r\n
2026-08-30T14:29:13.683752+00:00	5b4f42435d205041594c4f41445f4143434550544544207365713d3639206d6f64653d300d0a	[OBC] PAYLOAD_ACCEPTED seq=69 mode=0\r\n
2026-08-30T14:29:13.748969+00:00	5b4f42435d205041594c4f41445f5245434f5645524544207265636f7665726965733d310d0a	[OBC] PAYLOAD_RECOVERED recoveries=1\r\n
2026-08-30T14:29:14.181082+00:00	5b4f42435d205041594c4f41445f5354415455532073746174653d4f4e4c494e4520706f6c6c733d3730206f6b3d36322074696d656f75743d38206372633d30207365713d38207265636f766572793d31206865617274626561743d4f4b207761746368646f673d4f4b0d0a	[OBC] PAYLOAD_STATUS state=ONLINE polls=70 ok=62 timeout=8 crc=0 seq=8 recovery=1 heartbeat=OK watchdog=OK\r\n
2026-08-30T14:29:14.245907+00:00	5b4f42435d205041594c4f41445f4143434550544544207365713d3730206d6f64653d300d0a	[OBC] PAYLOAD_ACCEPTED seq=70 mode=0\r\n
2026-08-30T14:29:14.739881+00:00	5b4f42435d205041594c4f41445f4143434550544544207365713d3731206d6f64653d300d0a	[OBC] PAYLOAD_ACCEPTED seq=71 mode=0\r\n
2026-08-30T14:29:15.236546+00:00	5b4f42435d205041594c4f41445f4143434550544544207365713d3732206d6f64653d300d0a	[OBC] PAYLOAD_ACCEPTED seq=72 mode=0\r\n
2026-08-30T14:29:15.729854+00:00	5b4f42435d205041594c4f41445f4143434550544544207365713d3733206d6f64653d300d0a	[OBC] PAYLOAD_ACCEPTED seq=73 mode=0\r\n
2026-08-30T14:29:16.226820+00:00	5b4f42435d205041594c4f41445f4143434550544544207365713d3734206d6f64653d300d0a	[OBC] PAYLOAD_ACCEPTED seq=74 mode=0\r\n
2026-08-30T14:29:16.722662+00:00	5b4f42435d205041594c4f41445f4143434550544544207365713d3735206d6f64653d300d0a	[OBC] PAYLOAD_ACCEPTED seq=75 mode=0\r\n
2026-08-30T14:29:17.218450+00:00	5b4f42435d205041594c4f41445f4143434550544544207365713d3736206d6f64653d300d0a	[OBC] PAYLOAD_ACCEPTED seq=76 mode=0\r\n
2026-08-30T14:29:17.713912+00:00	5b4f42435d205041594c4f41445f4143434550544544207365713d3737206d6f64653d300d0a	[OBC] PAYLOAD_ACCEPTED seq=77 mode=0\r\n
2026-08-30T14:29:18.207856+00:00	5b4f42435d205041594c4f41445f4143434550544544207365713d3738206d6f64653d300d0a	[OBC] PAYLOAD_ACCEPTED seq=78 mode=0\r\n
2026-08-30T14:29:18.704048+00:00	5b4f42435d205041594c4f41445f4143434550544544207365713d3739206d6f64653d300d0a	[OBC] PAYLOAD_ACCEPTED seq=79 mode=0\r\n
2026-08-30T14:29:19.178316+00:00	5b4f42435d205041594c4f41445f5354415455532073746174653d4f4e4c494e4520706f6c6c733d3830206f6b3d37322074696d656f75743d38206372633d30207365713d38207265636f766572793d31206865617274626561743d4f4b207761746368646f673d4f4b0d0a	[OBC] PAYLOAD_STATUS state=ONLINE polls=80 ok=72 timeout=8 crc=0 seq=8 recovery=1 heartbeat=OK watchdog=OK\r\n
2026-08-30T14:29:19.197316+00:00	5b4f42435d205041594c4f41445f414343455054	[OBC] PAYLOAD_ACCEPT
