2026-08-30T14:03:46.329731+00:00	4c4f41445f4143434550544544207365713d35343230206d6f64653d300d0a	LOAD_ACCEPTED seq=5420 mode=0\r\n
2026-08-30T14:03:46.826311+00:00	5b4f42435d205041594c4f41445f4143434550544544207365713d35343231206d6f64653d300d0a	[OBC] PAYLOAD_ACCEPTED seq=5421 mode=0\r\n
2026-08-30T14:03:47.321658+00:00	5b4f42435d205041594c4f41445f4143434550544544207365713d35343232206d6f64653d300d0a	[OBC] PAYLOAD_ACCEPTED seq=5422 mode=0\r\n
2026-08-30T14:03:47.819934+00:00	5b4f42435d205041594c4f41445f4143434550544544207365713d35343233206d6f64653d300d0a	[OBC] PAYLOAD_ACCEPTED seq=5423 mode=0\r\n
2026-08-30T14:03:48.313821+00:00	5b4f42435d205041594c4f41445f4143434550544544207365713d35343234206d6f64653d300d0a	[OBC] PAYLOAD_ACCEPTED seq=5424 mode=0\r\n
2026-08-30T14:03:48.808895+00:00	5b4f42435d205041594c4f41445f4143434550544544207365713d35343235206d6f64653d300d0a	[OBC] PAYLOAD_ACCEPTED seq=5425 mode=0\r\n
2026-08-30T14:03:49.304852+00:00	5b4f42435d205041594c4f41445f4143434550544544207365713d35343236206d6f64653d300d0a	[OBC] PAYLOAD_ACCEPTED seq=5426 mode=0\r\n
2026-08-30T14:03:49.802902+00:00	5b4f42435d205041594c4f41445f4143434550544544207365713d35343237206d6f64653d300d0a	[OBC] PAYLOAD_ACCEPTED seq=5427 mode=0\r\n
2026-08-30T14:03:50.296479+00:00	5b4f42435d205041594c4f41445f4143434550544544207365713d35343238206d6f64653d300d0a	[OBC] PAYLOAD_ACCEPTED seq=5428 mode=0\r\n
2026-08-30T14:03:50.791018+00:00	5b4f42435d205041594c4f41445f4143434550544544207365713d35343239206d6f64653d300d0a	[OBC] PAYLOAD_ACCEPTED seq=5429 mode=0\r\n
2026-08-30T14:03:51.261112+00:00	5b4f42435d205041594c4f41445f5354415455532073746174653d4f4e4c494e4520706f6c6c733d35343330206f6b3d333735362074696d656f75743d31363734206372633d30207365713d31363537207265636f766572793d3131206865617274626561743d4f4b207761746368646f673d4f4b0d0a	[OBC] PAYLOAD_STATUS state=ONLINE polls=5430 ok=3756 timeout=1674 crc=0 seq=1657 recovery=11 heartbeat=OK watchdog=OK\r\n
2026-08-30T14:03:51.318334+00:00	5b4f42435d205041594c4f41445f4143434550544544207365713d35343330206d6f64653d300d0a	[OBC] PAYLOAD_ACCEPTED seq=5430 mode=0\r\n
2026-08-30T14:03:51.814389+00:00	5b4f42435d205041594c4f41445f4143434550544544207365713d35343331206d6f64653d300d0a	[OBC] PAYLOAD_ACCEPTED seq=5431 mode=0\r\n
2026-08-30T14:03:52.310656+00:00	5b4f42435d205041594c4f41445f4143434550544544207365713d35343332206d6f64653d300d0a	[OBC] PAYLOAD_ACCEPTED seq=5432 mode=0\r\n
2026-08-30T14:03:52.807603+00:00	5b4f42435d205041594c4f41445f4143434550544544207365713d35343333206d6f64653d300d0a	[OBC] PAYLOAD_ACCEPTED seq=5433 mode=0\r\n
2026-08-30T14:03:53.303859+00:00	5b4f42435d205041594c4f41445f4143434550544544207365713d35343334206d6f64653d300d0a	[OBC] PAYLOAD_ACCEPTED seq=5434 mode=0\r\n
2026-08-30T14:03:53.797266+00:00	5b4f42435d205041594c4f41445f4143434550544544207365713d35343335206d6f64653d300d0a	[OBC] PAYLOAD_ACCEPTED seq=5435 mode=0\r\n
2026-08-30T14:03:54.292266+00:00	5b4f42435d205041594c4f41445f4143434550544544207365713d35343336206d6f64653d300d0a	[OBC] PAYLOAD_ACCEPTED seq=5436 mode=0\r\n
2026-08-30T14:03:54.786968+00:00	5b4f42435d205041594c4f41445f4143434550544544207365713d35343337206d6f64653d300d0a	[OBC] PAYLOAD_ACCEPTED seq=5437 mode=0\r\n
2026-08-30T14:03:55.285533+00:00	5b4f42435d205041594c4f41445f4143434550544544207365713d35343338206d6f64653d300d0a	[OBC] PAYLOAD_ACCEPTED seq=5438 mode=0\r\n
2026-08-30T14:03:55.778668+00:00	5b4f42435d205041594c4f41445f4143434550544544207365713d35343339206d6f64653d300d0a	[OBC] PAYLOAD_ACCEPTED seq=5439 mode=0\r\n
2026-08-30T14:03:56.247626+00:00	5b4f42435d205041594c4f41445f5354415455532073746174653d4f4e4c494e4520706f6c6c733d35343430206f6b3d333736362074696d656f75743d31363734206372633d30207365713d31363537207265636f766572793d3131206865617274626561743d4f4b207761746368646f673d4f4b0d0a	[OBC] PAYLOAD_STATUS state=ONLINE polls=5440 ok=3766 timeout=1674 crc=0 seq=1657 recovery=11 heartbeat=OK watchdog=OK\r\n
2026-08-30T14:03:56.306600+00:00	5b4f42435d205041594c4f41445f4143434550544544207365713d35343430206d6f64653d300d0a	[OBC] PAYLOAD_ACCEPTED seq=5440 mode=0\r\n
2026-08-30T14:03:56.859520+00:00	5b4f42435d205041594c4f41445f54494d454f555420636f6e73656375746976653d310d0a	[OBC] PAYLOAD_TIMEOUT consecutive=1\r\n
2026-08-30T14:03:56.921276+00:00	5b4f42435d205041594c4f41445f52454a45435420726561736f6e3d53455155454e43450d0a	[OBC] PAYLOAD_REJECT reason=SEQUENCE\r\n
2026-08-30T14:03:57.352883+00:00	5b4f42435d205041594c4f41445f54494d454f555420636f6e73656375746976653d320d0a	[OBC] PAYLOAD_TIMEOUT consecutive=2\r\n
2026-08-30T14:03:57.849911+00:00	5b4f42435d205041594c4f41445f4f46464c494e4520636f6e73656375746976653d33206865617274626561743d4f4b207761746368646f673d4f4b0d0a	[OBC] PAYLOAD_OFFLINE consecutive=3 heartbeat=OK watchdog=OK\r\n
2026-08-30T14:04:00.744264+00:00	5b4f42435d205041594c4f41445f4143434550544544207365713d35343439206d6f64653d300d0a	[OBC] PAYLOAD_ACCEPTED seq=5449 mode=0\r\n
2026-08-30T14:04:00.805639+00:00	5b4f42435d205041594c4f41445f5245434f5645524544207265636f7665726965733d31320d0a	[OBC] PAYLOAD_RECOVERED recoveries=12\r\n
2026-08-30T14:04:01.236903+00:00	5b4f42435d205041594c4f41445f5354415455532073746174653d4f4e4c494e4520706f6c6c733d35343530206f6b3d333736382074696d656f75743d31363832206372633d30207365713d31363635207265636f766572793d3132206865617274626561743d4f4b207761746368646f673d4f4b0d0a	[OBC] PAYLOAD_STATUS state=ONLINE polls=5450 ok=3768 timeout=1682 crc=0 seq=1665 recovery=12 heartbeat=OK watchdog=OK\r\n
2026-08-30T14:04:01.300688+00:00	5b4f42435d205041594c4f41445f4143434550544544207365713d35343530206d6f64653d300d0a	[OBC] PAYLOAD_ACCEPTED seq=5450 mode=0\r\n
2026-08-30T14:04:01.799157+00:00	5b4f42435d205041594c4f41445f4143434550544544207365713d35343531206d6f64653d300d0a	[OBC] PAYLOAD_ACCEPTED seq=5451 mode=0\r\n
2026-08-30T14:04:02.293816+00:00	5b4f42435d205041594c4f41445f4143434550544544207365713d35343532206d6f64653d300d0a	[OBC] PAYLOAD_ACCEPTED seq=5452 mode=0\r\n
2026-08-30T14:04:02.787576+00:00	5b4f42435d205041594c4f41445f4143434550544544207365713d35343533206d6f64653d300d0a	[OBC] PAYLOAD_ACCEPTED seq=5453 mode=0\r\n
2026-08-30T14:04:03.282982+00:00	5b4f42435d205041594c4f41445f4143434550544544207365713d35343534206d6f64653d300d0a	[OBC] PAYLOAD_ACCEPTED seq=5454 mode=0\r\n
2026-08-30T14:04:03.777741+00:00	5b4f42435d205041594c4f41445f4143434550544544207365713d35343535206d6f64653d300d0a	[OBC] PAYLOAD_ACCEPTED seq=5455 mode=0\r\n
2026-08-30T14:04:04.271581+00:00	5b4f42435d205041594c4f41445f4143434550544544207365713d35343536206d6f64653d300d0a	[OBC] PAYLOAD_ACCEPTED seq=5456 mode=0\r\n
2026-08-30T14:04:04.767031+00:00	5b4f42435d205041594c4f41445f4143434550544544207365713d35343537206d6f64653d300d0a	[OBC] PAYLOAD_ACCEPTED seq=5457 mode=0\r\n
2026-08-30T14:04:05.263179+00:00	5b4f42435d205041594c4f41445f4143434550544544207365713d35343538206d6f64653d300d0a	[OBC] PAYLOAD_ACCEPTED seq=5458 mode=0\r\n
2026-08-30T14:04:05.761598+00:00	5b4f42435d205041594c4f41445f4143434550544544207365713d35343539206d6f64653d300d0a	[OBC] PAYLOAD_ACCEPTED seq=5459 mode=0\r\n
2026-08-30T14:04:06.228263+00:00	5b4f42435d205041594c4f41445f5354415455532073746174653d4f4e4c494e4520706f6c6c733d35343630206f6b3d333737382074696d656f75743d31363832206372633d30207365713d31363635207265636f766572793d3132206865617274626561743d4f4b207761746368646f673d4f4b0d0a	[OBC] PAYLOAD_STATUS state=ONLINE polls=5460 ok=3778 timeout=1682 crc=0 seq=1665 recovery=12 heartbeat=OK watchdog=OK\r\n
2026-08-30T14:04:06.262892+00:00	5b4f42435d20504159	[OBC] PAY
