2026-08-30T14:32:19.128376+00:00	434550544544207365713d343430206d6f64653d300d0a	CEPTED seq=440 mode=0\r\n
2026-08-30T14:32:19.622300+00:00	5b4f42435d205041594c4f41445f4143434550544544207365713d343431206d6f64653d300d0a	[OBC] PAYLOAD_ACCEPTED seq=441 mode=0\r\n
2026-08-30T14:32:20.120055+00:00	5b4f42435d205041594c4f41445f4143434550544544207365713d343432206d6f64653d300d0a	[OBC] PAYLOAD_ACCEPTED seq=442 mode=0\r\n
2026-08-30T14:32:20.617878+00:00	5b4f42435d205041594c4f41445f4143434550544544207365713d343433206d6f64653d300d0a	[OBC] PAYLOAD_ACCEPTED seq=443 mode=0\r\n
2026-08-30T14:32:21.113535+00:00	5b4f42435d205041594c4f41445f4143434550544544207365713d343434206d6f64653d300d0a	[OBC] PAYLOAD_ACCEPTED seq=444 mode=0\r\n
2026-08-30T14:32:21.607403+00:00	5b4f42435d205041594c4f41445f4143434550544544207365713d343435206d6f64653d300d0a	[OBC] PAYLOAD_ACCEPTED seq=445 mode=0\r\n
2026-08-30T14:32:22.104458+00:00	5b4f42435d205041594c4f41445f4143434550544544207365713d343436206d6f64653d300d0a	[OBC] PAYLOAD_ACCEPTED seq=446 mode=0\r\n
2026-08-30T14:32:22.600091+00:00	5b4f42435d205041594c4f41445f4143434550544544207365713d343437206d6f64653d300d0a	[OBC] PAYLOAD_ACCEPTED seq=447 mode=0\r\n
2026-08-30T14:32:23.097786+00:00	5b4f42435d205041594c4f41445f4143434550544544207365713d343438206d6f64653d300d0a	[OBC] PAYLOAD_ACCEPTED seq=448 mode=0\r\n
2026-08-30T14:32:23.595572+00:00	5b4f42435d205041594c4f41445f4143434550544544207365713d343439206d6f64653d300d0a	[OBC] PAYLOAD_ACCEPTED seq=449 mode=0\r\n
2026-08-30T14:32:24.065542+00:00	5b4f42435d205041594c4f41445f5354415455532073746174653d4f4e4c494e4520706f6c6c733d343530206f6b3d3431382074696d656f75743d3332206372633d30207365713d3332207265636f766572793d34206865617274626561743d4f4b207761746368646f673d4f4b0d0a	[OBC] PAYLOAD_STATUS state=ONLINE polls=450 ok=418 timeout=32 crc=0 seq=32 recovery=4 heartbeat=OK watchdog=OK\r\n
2026-08-30T14:32:24.126193+00:00	5b4f42435d205041594c4f41445f4143434550544544207365713d343530206d6f64653d300d0a	[OBC] PAYLOAD_ACCEPTED seq=450 mode=0\r\n
2026-08-30T14:32:24.621288+00:00	5b4f42435d205041594c4f41445f4143434550544544207365713d343531206d6f64653d300d0a	[OBC] PAYLOAD_ACCEPTED seq=451 mode=0\r\n
2026-08-30T14:32:25.115593+00:00	5b4f42435d205041594c4f41445f4143434550544544207365713d343532206d6f64653d300d0a	[OBC] PAYLOAD_ACCEPTED seq=452 mode=0\r\n
2026-08-30T14:32:25.613414+00:00	5b4f42435d205041594c4f41445f4143434550544544207365713d343533206d6f64653d300d0a	[OBC] PAYLOAD_ACCEPTED seq=453 mode=0\r\n
2026-08-30T14:32:26.110044+00:00	5b4f42435d205041594c4f41445f4143434550544544207365713d343534206d6f64653d300d0a	[OBC] PAYLOAD_ACCEPTED seq=454 mode=0\r\n
2026-08-30T14:32:26.607126+00:00	5b4f42435d205041594c4f41445f4143434550544544207365713d343535206d6f64653d300d0a	[OBC] PAYLOAD_ACCEPTED seq=455 mode=0\r\n
2026-08-30T14:32:27.105607+00:00	5b4f42435d205041594c4f41445f4143434550544544207365713d343536206d6f64653d300d0a	[OBC] PAYLOAD_ACCEPTED seq=456 mode=0\r\n
2026-08-30T14:32:27.599602+00:00	5b4f42435d205041594c4f41445f4143434550544544207365713d343537206d6f64653d300d0a	[OBC] PAYLOAD_ACCEPTED seq=457 mode=0\r\n
2026-08-30T14:32:28.094471+00:00	5b4f42435d205041594c4f41445f4143434550544544207365713d343538206d6f64653d300d0a	[OBC] PAYLOAD_ACCEPTED seq=458 mode=0\r\n
2026-08-30T14:32:28.590284+00:00	5b4f42435d205041594c4f41445f4143434550544544207365713d343539206d6f64653d300d0a	[OBC] PAYLOAD_ACCEPTED seq=459 mode=0\r\n
2026-08-30T14:32:29.064245+00:00	5b4f42435d205041594c4f41445f5354415455532073746174653d4f4e4c494e4520706f6c6c733d343630206f6b3d3432382074696d656f75743d3332206372633d30207365713d3332207265636f766572793d34206865617274626561743d4f4b207761746368646f673d4f4b0d0a	[OBC] PAYLOAD_STATUS state=ONLINE polls=460 ok=428 timeout=32 crc=0 seq=32 recovery=4 heartbeat=OK watchdog=OK\r\n
2026-08-30T14:32:29.118084+00:00	5b4f42435d205041594c4f41445f4143434550544544207365713d343630206d6f64653d300d0a	[OBC] PAYLOAD_ACCEPTED seq=460 mode=0\r\n
2026-08-30T14:32:29.671849+00:00	5b4f42435d205041594c4f41445f54494d454f555420636f6e73656375746976653d310d0a	[OBC] PAYLOAD_TIMEOUT consecutive=1\r\n
2026-08-30T14:32:29.733815+00:00	5b4f42435d205041594c4f41445f52454a45435420726561736f6e3d53455155454e43450d0a	[OBC] PAYLOAD_REJECT reason=SEQUENCE\r\n
2026-08-30T14:32:30.166920+00:00	5b4f42435d205041594c4f41445f54494d454f555420636f6e73656375746976653d320d0a	[OBC] PAYLOAD_TIMEOUT consecutive=2\r\n
2026-08-30T14:32:30.663524+00:00	5b4f42435d205041594c4f41445f4f46464c494e4520636f6e73656375746976653d33206865617274626561743d4f4b207761746368646f673d4f4b0d0a	[OBC] PAYLOAD_OFFLINE consecutive=3 heartbeat=OK watchdog=OK\r\n
2026-08-30T14:32:33.563777+00:00	5b4f42435d205041594c4f41445f4143434550544544207365713d343639206d6f64653d300d0a	[OBC] PAYLOAD_ACCEPTED seq=469 mode=0\r\n
2026-08-30T14:32:33.617280+00:00	5b4f42435d205041594c4f41445f5245434f5645524544207265636f7665726965733d350d0a	[OBC] PAYLOAD_RECOVERED recoveries=5\r\n
2026-08-30T14:32:34.060547+00:00	5b4f42435d205041594c4f41445f5354415455532073746174653d4f4e4c494e4520706f6c6c733d343730206f6b3d3433302074696d656f75743d3430206372633d30207365713d3430207265636f766572793d35206865617274626561743d4f4b207761746368646f673d4f4b0d0a	[OBC] PAYLOAD_STATUS state=ONLINE polls=470 ok=430 timeout=40 crc=0 seq=40 recovery=5 heartbeat=OK watchdog=OK\r\n
2026-08-30T14:32:34.114848+00:00	5b4f42435d205041594c4f41445f4143434550544544207365713d343730206d6f64653d300d0a	[OBC] PAYLOAD_ACCEPTED seq=470 mode=0\r\n
2026-08-30T14:32:34.609161+00:00	5b4f42435d205041594c4f41445f4143434550544544207365713d343731206d6f64653d300d0a	[OBC] PAYLOAD_ACCEPTED seq=471 mode=0\r\n
2026-08-30T14:32:35.103411+00:00	5b4f42435d205041594c4f41445f4143434550544544207365713d343732206d6f64653d300d0a	[OBC] PAYLOAD_ACCEPTED seq=472 mode=0\r\n
2026-08-30T14:32:35.599887+00:00	5b4f42435d205041594c4f41445f4143434550544544207365713d343733206d6f64653d300d0a	[OBC] PAYLOAD_ACCEPTED seq=473 mode=0\r\n
2026-08-30T14:32:36.097319+00:00	5b4f42435d205041594c4f41445f4143434550544544207365713d343734206d6f64653d300d0a	[OBC] PAYLOAD_ACCEPTED seq=474 mode=0\r\n
2026-08-30T14:32:36.595389+00:00	5b4f42435d205041594c4f41445f4143434550544544207365713d343735206d6f64653d300d0a	[OBC] PAYLOAD_ACCEPTED seq=475 mode=0\r\n
2026-08-30T14:32:37.090973+00:00	5b4f42435d205041594c4f41445f4143434550544544207365713d343736206d6f64653d300d0a	[OBC] PAYLOAD_ACCEPTED seq=476 mode=0\r\n
2026-08-30T14:32:37.586459+00:00	5b4f42435d205041594c4f41445f4143434550544544207365713d343737206d6f64653d300d0a	[OBC] PAYLOAD_ACCEPTED seq=477 mode=0\r\n
2026-08-30T14:32:38.082415+00:00	5b4f42435d205041594c4f41445f4143434550544544207365713d343738206d6f64653d300d0a	[OBC] PAYLOAD_ACCEPTED seq=478 mode=0\r\n
2026-08-30T14:32:38.581006+00:00	5b4f42435d205041594c4f41445f4143434550544544207365713d343739206d6f64653d300d0a	[OBC] PAYLOAD_ACCEPTED seq=479 mode=0\r\n
2026-08-30T14:32:39.056692+00:00	5b4f42435d205041594c4f41445f5354415455532073746174653d4f4e4c494e4520706f6c6c733d343830206f6b3d3434302074696d656f75743d3430206372633d30207365713d3430207265636f766572793d35206865617274626561743d4f4b207761746368646f673d4f4b0d0a	[OBC] PAYLOAD_STATUS state=ONLINE polls=480 ok=440 timeout=40 crc=0 seq=40 recovery=5 heartbeat=OK watchdog=OK\r\n
2026-08-30T14:32:39.093121+00:00	5b4f42435d205041594c4f41445f4143	[OBC] PAYLOAD_AC
