2026-08-30T13:58:47.018996+00:00	4f41445f4143434550544544207365713d34383230206d6f64653d300d0a	OAD_ACCEPTED seq=4820 mode=0\r\n
2026-08-30T13:58:47.514129+00:00	5b4f42435d205041594c4f41445f4143434550544544207365713d34383231206d6f64653d300d0a	[OBC] PAYLOAD_ACCEPTED seq=4821 mode=0\r\n
2026-08-30T13:58:48.006978+00:00	5b4f42435d205041594c4f41445f4143434550544544207365713d34383232206d6f64653d300d0a	[OBC] PAYLOAD_ACCEPTED seq=4822 mode=0\r\n
2026-08-30T13:58:48.504175+00:00	5b4f42435d205041594c4f41445f4143434550544544207365713d34383233206d6f64653d300d0a	[OBC] PAYLOAD_ACCEPTED seq=4823 mode=0\r\n
2026-08-30T13:58:49.000600+00:00	5b4f42435d205041594c4f41445f4143434550544544207365713d34383234206d6f64653d300d0a	[OBC] PAYLOAD_ACCEPTED seq=4824 mode=0\r\n
2026-08-30T13:58:49.494837+00:00	5b4f42435d205041594c4f41445f4143434550544544207365713d34383235206d6f64653d300d0a	[OBC] PAYLOAD_ACCEPTED seq=4825 mode=0\r\n
2026-08-30T13:58:49.992446+00:00	5b4f42435d205041594c4f41445f4143434550544544207365713d34383236206d6f64653d300d0a	[OBC] PAYLOAD_ACCEPTED seq=4826 mode=0\r\n
2026-08-30T13:58:50.489464+00:00	5b4f42435d205041594c4f41445f4143434550544544207365713d34383237206d6f64653d300d0a	[OBC] PAYLOAD_ACCEPTED seq=4827 mode=0\r\n
2026-08-30T13:58:50.982801+00:00	5b4f42435d205041594c4f41445f4143434550544544207365713d34383238206d6f64653d300d0a	[OBC] PAYLOAD_ACCEPTED seq=4828 mode=0\r\n
2026-08-30T13:58:51.479726+00:00	5b4f42435d205041594c4f41445f4143434550544544207365713d34383239206d6f64653d300d0a	[OBC] PAYLOAD_ACCEPTED seq=4829 mode=0\r\n
2026-08-30T13:58:51.954360+00:00	5b4f42435d205041594c4f41445f5354415455532073746174653d4f4e4c494e4520706f6c6c733d34383330206f6b3d333232302074696d656f75743d31363130206372633d30207365713d31353933207265636f766572793d33206865617274626561743d4f4b207761746368646f673d4f4b0d0a	[OBC] PAYLOAD_STATUS state=ONLINE polls=4830 ok=3220 timeout=1610 crc=0 seq=1593 recovery=3 heartbeat=OK watchdog=OK\r\n
2026-08-30T13:58:52.007392+00:00	5b4f42435d205041594c4f41445f4143434550544544207365713d34383330206d6f64653d300d0a	[OBC] PAYLOAD_ACCEPTED seq=4830 mode=0\r\n
2026-08-30T13:58:52.501894+00:00	5b4f42435d205041594c4f41445f4143434550544544207365713d34383331206d6f64653d300d0a	[OBC] PAYLOAD_ACCEPTED seq=4831 mode=0\r\n
2026-08-30T13:58:52.997327+00:00	5b4f42435d205041594c4f41445f4143434550544544207365713d34383332206d6f64653d300d0a	[OBC] PAYLOAD_ACCEPTED seq=4832 mode=0\r\n
2026-08-30T13:58:53.491120+00:00	5b4f42435d205041594c4f41445f4143434550544544207365713d34383333206d6f64653d300d0a	[OBC] PAYLOAD_ACCEPTED seq=4833 mode=0\r\n
2026-08-30T13:58:53.988325+00:00	5b4f42435d205041594c4f41445f4143434550544544207365713d34383334206d6f64653d300d0a	[OBC] PAYLOAD_ACCEPTED seq=4834 mode=0\r\n
2026-08-30T13:58:54.484173+00:00	5b4f42435d205041594c4f41445f4143434550544544207365713d34383335206d6f64653d300d0a	[OBC] PAYLOAD_ACCEPTED seq=4835 mode=0\r\n
2026-08-30T13:58:54.979547+00:00	5b4f42435d205041594c4f41445f4143434550544544207365713d34383336206d6f64653d300d0a	[OBC] PAYLOAD_ACCEPTED seq=4836 mode=0\r\n
2026-08-30T13:58:55.475680+00:00	5b4f42435d205041594c4f41445f4143434550544544207365713d34383337206d6f64653d300d0a	[OBC] PAYLOAD_ACCEPTED seq=4837 mode=0\r\n
2026-08-30T13:58:55.969412+00:00	5b4f42435d205041594c4f41445f4143434550544544207365713d34383338206d6f64653d300d0a	[OBC] PAYLOAD_ACCEPTED seq=4838 mode=0\r\n
2026-08-30T13:58:56.465714+00:00	5b4f42435d205041594c4f41445f4143434550544544207365713d34383339206d6f64653d300d0a	[OBC] PAYLOAD_ACCEPTED seq=4839 mode=0\r\n
2026-08-30T13:58:56.941528+00:00	5b4f42435d205041594c4f41445f5354415455532073746174653d4f4e4c494e4520706f6c6c733d34383430206f6b3d333233302074696d656f75743d31363130206372633d30207365713d31353933207265636f766572793d33206865617274626561743d4f4b207761746368646f673d4f4b0d0a	[OBC] PAYLOAD_STATUS state=ONLINE polls=4840 ok=3230 timeout=1610 crc=0 seq=1593 recovery=3 heartbeat=OK watchdog=OK\r\n
2026-08-30T13:58:57.005947+00:00	5b4f42435d205041594c4f41445f4143434550544544207365713d34383430206d6f64653d300d0a	[OBC] PAYLOAD_ACCEPTED seq=4840 mode=0\r\n
2026-08-30T13:58:57.560186+00:00	5b4f42435d205041594c4f41445f54494d454f555420636f6e73656375746976653d310d0a	[OBC] PAYLOAD_TIMEOUT consecutive=1\r\n
2026-08-30T13:58:57.745088+00:00	5b4f42435d205041594c4f41445f52454a45435420726561736f6e3d53455155454e43450d0a	[OBC] PAYLOAD_REJECT reason=SEQUENCE\r\n
2026-08-30T13:58:58.056574+00:00	5b4f42435d205041594c4f41445f54494d454f555420636f6e73656375746976653d320d0a	[OBC] PAYLOAD_TIMEOUT consecutive=2\r\n
2026-08-30T13:58:58.551404+00:00	5b4f42435d205041594c4f41445f4f46464c494e4520636f6e73656375746976653d33206865617274626561743d4f4b207761746368646f673d4f4b0d0a	[OBC] PAYLOAD_OFFLINE consecutive=3 heartbeat=OK watchdog=OK\r\n
2026-08-30T13:59:01.437154+00:00	5b4f42435d205041594c4f41445f4143434550544544207365713d34383439206d6f64653d300d0a	[OBC] PAYLOAD_ACCEPTED seq=4849 mode=0\r\n
2026-08-30T13:59:01.494837+00:00	5b4f42435d205041594c4f41445f5245434f5645524544207265636f7665726965733d340d0a	[OBC] PAYLOAD_RECOVERED recoveries=4\r\n
2026-08-30T13:59:01.931135+00:00	5b4f42435d205041594c4f41445f5354415455532073746174653d4f4e4c494e4520706f6c6c733d34383530206f6b3d333233322074696d656f75743d31363138206372633d30207365713d31363031207265636f766572793d34206865617274626561743d4f4b207761746368646f673d4f4b0d0a	[OBC] PAYLOAD_STATUS state=ONLINE polls=4850 ok=3232 timeout=1618 crc=0 seq=1601 recovery=4 heartbeat=OK watchdog=OK\r\n
2026-08-30T13:59:01.991412+00:00	5b4f42435d205041594c4f41445f4143434550544544207365713d34383530206d6f64653d300d0a	[OBC] PAYLOAD_ACCEPTED seq=4850 mode=0\r\n
2026-08-30T13:59:02.490414+00:00	5b4f42435d205041594c4f41445f4143434550544544207365713d34383531206d6f64653d300d0a	[OBC] PAYLOAD_ACCEPTED seq=4851 mode=0\r\n
2026-08-30T13:59:02.986509+00:00	5b4f42435d205041594c4f41445f4143434550544544207365713d34383532206d6f64653d300d0a	[OBC] PAYLOAD_ACCEPTED seq=4852 mode=0\r\n
2026-08-30T13:59:03.482294+00:00	5b4f42435d205041594c4f41445f4143434550544544207365713d34383533206d6f64653d300d0a	[OBC] PAYLOAD_ACCEPTED seq=4853 mode=0\r\n
2026-08-30T13:59:03.980039+00:00	5b4f42435d205041594c4f41445f4143434550544544207365713d34383534206d6f64653d300d0a	[OBC] PAYLOAD_ACCEPTED seq=4854 mode=0\r\n
2026-08-30T13:59:04.475007+00:00	5b4f42435d205041594c4f41445f4143434550544544207365713d34383535206d6f64653d300d0a	[OBC] PAYLOAD_ACCEPTED seq=4855 mode=0\r\n
2026-08-30T13:59:04.970413+00:00	5b4f42435d205041594c4f41445f4143434550544544207365713d34383536206d6f64653d300d0a	[OBC] PAYLOAD_ACCEPTED seq=4856 mode=0\r\n
2026-08-30T13:59:05.463363+00:00	5b4f42435d205041594c4f41445f4143434550544544207365713d34383537206d6f64653d300d0a	[OBC] PAYLOAD_ACCEPTED seq=4857 mode=0\r\n
2026-08-30T13:59:05.958438+00:00	5b4f42435d205041594c4f41445f4143434550544544207365713d34383538206d6f64653d300d0a	[OBC] PAYLOAD_ACCEPTED seq=4858 mode=0\r\n
2026-08-30T13:59:06.454692+00:00	5b4f42435d205041594c4f41445f4143434550544544207365713d34383539206d6f64653d300d0a	[OBC] PAYLOAD_ACCEPTED seq=4859 mode=0\r\n
2026-08-30T13:59:06.918684+00:00	5b4f42435d205041594c4f41445f5354415455532073746174653d4f4e4c494e4520706f6c6c733d34383630206f6b3d333234322074696d656f75743d31363138206372633d30207365713d31363031207265636f766572793d34206865617274626561743d4f4b207761746368646f673d4f4b0d0a	[OBC] PAYLOAD_STATUS state=ONLINE polls=4860 ok=3242 timeout=1618 crc=0 seq=1601 recovery=4 heartbeat=OK watchdog=OK\r\n
2026-08-30T13:59:06.921854+00:00	5b4f42435d205041594c	[OBC] PAYL
